2026-03-05 19:10:01,366 | 55696 | INFO | [+   0.00s]
2026-03-05 19:10:01,367 | 55696 | INFO | Basin: guerneville, GPU: -1, Verbose: True
2026-03-05 19:10:01,367 | 55696 | INFO | [+   0.00s]
2026-03-05 19:10:01,367 | 55696 | INFO | Pre-warming numba JIT ...
2026-03-05 19:10:01,921 | 55696 | INFO | [+   0.56s]
2026-03-05 19:10:01,921 | 55696 | INFO | Numba JIT pre-compiled.
2026-03-05 19:10:01,921 | 55696 | INFO | YAML PATH:
2026-03-05 19:10:01,922 | 55696 | INFO | /Users/maxwellfung/UCB-USACE-RR-PROJECT/UCB_training/configs/guerneville_mtslstm2.yaml
2026-03-05 19:10:01,922 | 55696 | INFO | [+   0.56s]
2026-03-05 19:10:01,922 | 55696 | INFO | 48 combinations, 9 workers
2026-03-05 19:10:01,922 | 55696 | INFO | run_gridsearch =
2026-03-05 19:10:01,922 | 55696 | INFO | False
2026-03-05 19:10:01,922 | 55696 | INFO | hparams_exists =
2026-03-05 19:10:01,922 | 55696 | INFO | False
2026-03-05 19:10:01,925 | 55696 | INFO | [EXTERNAL CV FOLDS]
2026-03-05 19:10:01,925 | 55696 | INFO | fold 1: train 01/10/1994 -> 01/10/1996 | val 02/10/1996 -> 01/10/1997 | eval 02/10/1996 -> 01/10/1997
2026-03-05 19:10:01,925 | 55696 | INFO | fold 2: train 01/10/1994 -> 01/10/1998 | val 02/10/1998 -> 01/10/1999 | eval 02/10/1998 -> 01/10/1999
2026-03-05 19:10:01,925 | 55696 | INFO | fold 3: train 01/10/1994 -> 01/10/2000 | val 02/10/2000 -> 01/10/2001 | eval 02/10/2000 -> 01/10/2001
2026-03-05 19:10:01,925 | 55696 | INFO | fold 4: train 01/10/1994 -> 01/10/2002 | val 02/10/2002 -> 01/10/2003 | eval 02/10/2002 -> 01/10/2003
2026-03-05 19:10:01,925 | 55696 | INFO | fold 5: train 01/10/1994 -> 01/10/2004 | val 02/10/2004 -> 01/10/2005 | eval 02/10/2004 -> 01/10/2005
2026-03-05 19:10:01,926 | 55696 | INFO | [EXTERNAL CV FOLDS] total folds = 5
2026-03-05 19:10:01,926 | 55696 | INFO | [BAYESIAN OPTIMIZATION] Using 9 parallel workers
2026-03-05 19:10:01,926 | 55696 | INFO | No READ_STAMP provided — starting fresh.
2026-03-05 19:10:01,926 | 55696 | INFO | [Bayes] No-physics remaining trials: 36
2026-03-05 19:10:01,934 | 55696 | ERROR | 0%|          | 0/36 [00:00<?, ?it/s]
2026-03-05 19:11:10,732 | 55696 | ERROR | 0%|          | 0/36 [01:08<?, ?it/s]
2026-03-05 19:11:10,803 | 55696 | ERROR | Traceback (most recent call last):
2026-03-05 19:11:10,818 | 55696 | ERROR | File "/Users/maxwellfung/UCB-USACE-RR-PROJECT/venv/lib/python3.11/site-packages/optuna/study/_optimize.py", line 102, in _optimize
2026-03-05 19:11:10,834 | 55696 | ERROR | completed, futures = wait(futures, return_when=FIRST_COMPLETED)
2026-03-05 19:11:10,839 | 55696 | ERROR | ^
2026-03-05 19:11:10,839 | 55696 | ERROR | ^
2026-03-05 19:11:10,839 | 55696 | ERROR | ^
2026-03-05 19:11:10,839 | 55696 | ERROR | ^
2026-03-05 19:11:10,839 | 55696 | ERROR | ^
2026-03-05 19:11:10,839 | 55696 | ERROR | ^
2026-03-05 19:11:10,841 | 55696 | ERROR | ^
2026-03-05 19:11:10,841 | 55696 | ERROR | ^
2026-03-05 19:11:10,842 | 55696 | ERROR | ^
2026-03-05 19:11:10,842 | 55696 | ERROR | ^
2026-03-05 19:11:10,842 | 55696 | ERROR | ^
2026-03-05 19:11:10,845 | 55696 | ERROR | ^
2026-03-05 19:11:10,845 | 55696 | ERROR | ^
2026-03-05 19:11:10,850 | 55696 | ERROR | ^
2026-03-05 19:11:10,853 | 55696 | ERROR | ^
2026-03-05 19:11:10,854 | 55696 | ERROR | ^
2026-03-05 19:11:10,854 | 55696 | ERROR | ^
2026-03-05 19:11:10,854 | 55696 | ERROR | ^
2026-03-05 19:11:10,858 | 55696 | ERROR | ^
2026-03-05 19:11:10,858 | 55696 | ERROR | ^
2026-03-05 19:11:10,858 | 55696 | ERROR | ^
2026-03-05 19:11:10,858 | 55696 | ERROR | ^
2026-03-05 19:11:10,858 | 55696 | ERROR | ^
2026-03-05 19:11:10,859 | 55696 | ERROR | ^
2026-03-05 19:11:10,859 | 55696 | ERROR | ^
2026-03-05 19:11:10,859 | 55696 | ERROR | ^
2026-03-05 19:11:10,859 | 55696 | ERROR | ^
2026-03-05 19:11:10,860 | 55696 | ERROR | ^
2026-03-05 19:11:10,860 | 55696 | ERROR | ^
2026-03-05 19:11:10,860 | 55696 | ERROR | ^
2026-03-05 19:11:10,860 | 55696 | ERROR | ^
2026-03-05 19:11:10,860 | 55696 | ERROR | ^
2026-03-05 19:11:10,860 | 55696 | ERROR | ^
2026-03-05 19:11:10,861 | 55696 | ERROR | ^
2026-03-05 19:11:10,861 | 55696 | ERROR | ^
2026-03-05 19:11:10,861 | 55696 | ERROR | ^
2026-03-05 19:11:10,861 | 55696 | ERROR | ^
2026-03-05 19:11:10,861 | 55696 | ERROR | ^
2026-03-05 19:11:10,861 | 55696 | ERROR | ^
2026-03-05 19:11:10,861 | 55696 | ERROR | ^
2026-03-05 19:11:10,861 | 55696 | ERROR | ^
2026-03-05 19:11:10,861 | 55696 | ERROR | ^
2026-03-05 19:11:10,862 | 55696 | ERROR | File "/Library/Frameworks/Python.framework/Versions/3.11/lib/python3.11/concurrent/futures/_base.py", line 305, in wait
2026-03-05 19:11:10,866 | 55696 | ERROR | waiter.event.wait(timeout)
2026-03-05 19:11:10,866 | 55696 | ERROR | File "/Library/Frameworks/Python.framework/Versions/3.11/lib/python3.11/threading.py", line 622, in wait
2026-03-05 19:11:10,872 | 55696 | ERROR | signaled = self._cond.wait(timeout)
2026-03-05 19:11:10,872 | 55696 | ERROR | ^
2026-03-05 19:11:10,872 | 55696 | ERROR | ^
2026-03-05 19:11:10,873 | 55696 | ERROR | ^
2026-03-05 19:11:10,873 | 55696 | ERROR | ^
2026-03-05 19:11:10,873 | 55696 | ERROR | ^
2026-03-05 19:11:10,873 | 55696 | ERROR | ^
2026-03-05 19:11:10,873 | 55696 | ERROR | ^
2026-03-05 19:11:10,873 | 55696 | ERROR | ^
2026-03-05 19:11:10,873 | 55696 | ERROR | ^
2026-03-05 19:11:10,873 | 55696 | ERROR | ^
2026-03-05 19:11:10,873 | 55696 | ERROR | ^
2026-03-05 19:11:10,873 | 55696 | ERROR | ^
2026-03-05 19:11:10,874 | 55696 | ERROR | ^
2026-03-05 19:11:10,874 | 55696 | ERROR | ^
2026-03-05 19:11:10,874 | 55696 | ERROR | ^
2026-03-05 19:11:10,874 | 55696 | ERROR | ^
2026-03-05 19:11:10,874 | 55696 | ERROR | ^
2026-03-05 19:11:10,874 | 55696 | ERROR | ^
2026-03-05 19:11:10,874 | 55696 | ERROR | ^
2026-03-05 19:11:10,874 | 55696 | ERROR | ^
2026-03-05 19:11:10,874 | 55696 | ERROR | ^
2026-03-05 19:11:10,874 | 55696 | ERROR | ^
2026-03-05 19:11:10,875 | 55696 | ERROR | ^
2026-03-05 19:11:10,875 | 55696 | ERROR | ^
2026-03-05 19:11:10,875 | 55696 | ERROR | File "/Library/Frameworks/Python.framework/Versions/3.11/lib/python3.11/threading.py", line 320, in wait
2026-03-05 19:11:10,876 | 55696 | ERROR | waiter.acquire()
2026-03-05 19:11:10,876 | 55696 | ERROR | KeyboardInterrupt
2026-03-05 19:11:10,876 | 55696 | ERROR | During handling of the above exception, another exception occurred:
2026-03-05 19:11:10,877 | 55696 | ERROR | Traceback (most recent call last):
2026-03-05 19:11:10,877 | 55696 | ERROR | File "/Users/maxwellfung/UCB-USACE-RR-PROJECT/run_hyperparam_search.py", line 1349, in <module>
2026-03-05 19:11:10,881 | 55696 | ERROR | main()
2026-03-05 19:11:10,881 | 55696 | ERROR | File "/Users/maxwellfung/UCB-USACE-RR-PROJECT/run_hyperparam_search.py", line 1007, in main
2026-03-05 19:11:10,882 | 55696 | ERROR | study_no.optimize(
2026-03-05 19:11:10,882 | 55696 | ERROR | File "/Users/maxwellfung/UCB-USACE-RR-PROJECT/venv/lib/python3.11/site-packages/optuna/study/study.py", line 490, in optimize
2026-03-05 19:11:10,888 | 55696 | ERROR | _optimize(
2026-03-05 19:11:10,889 | 55696 | ERROR | File "/Users/maxwellfung/UCB-USACE-RR-PROJECT/venv/lib/python3.11/site-packages/optuna/study/_optimize.py", line 87, in _optimize
2026-03-05 19:11:10,891 | 55696 | ERROR | with ThreadPoolExecutor(max_workers=n_jobs) as executor:
2026-03-05 19:11:10,891 | 55696 | ERROR | File "/Library/Frameworks/Python.framework/Versions/3.11/lib/python3.11/concurrent/futures/_base.py", line 647, in __exit__
2026-03-05 19:11:10,894 | 55696 | ERROR | self.shutdown(wait=True)
2026-03-05 19:11:10,894 | 55696 | ERROR | File "/Library/Frameworks/Python.framework/Versions/3.11/lib/python3.11/concurrent/futures/thread.py", line 235, in shutdown
2026-03-05 19:11:10,898 | 55696 | ERROR | t.join()
2026-03-05 19:11:10,899 | 55696 | ERROR | File "/Library/Frameworks/Python.framework/Versions/3.11/lib/python3.11/threading.py", line 1112, in join
2026-03-05 19:11:10,901 | 55696 | ERROR | self._wait_for_tstate_lock()
2026-03-05 19:11:10,901 | 55696 | ERROR | File "/Library/Frameworks/Python.framework/Versions/3.11/lib/python3.11/threading.py", line 1132, in _wait_for_tstate_lock
2026-03-05 19:11:10,903 | 55696 | ERROR | if lock.acquire(block, timeout):
2026-03-05 19:11:10,904 | 55696 | ERROR | ^
2026-03-05 19:11:10,904 | 55696 | ERROR | ^
2026-03-05 19:11:10,904 | 55696 | ERROR | ^
2026-03-05 19:11:10,904 | 55696 | ERROR | ^
2026-03-05 19:11:10,904 | 55696 | ERROR | ^
2026-03-05 19:11:10,904 | 55696 | ERROR | ^
2026-03-05 19:11:10,904 | 55696 | ERROR | ^
2026-03-05 19:11:10,904 | 55696 | ERROR | ^
2026-03-05 19:11:10,904 | 55696 | ERROR | ^
2026-03-05 19:11:10,904 | 55696 | ERROR | ^
2026-03-05 19:11:10,904 | 55696 | ERROR | ^
2026-03-05 19:11:10,904 | 55696 | ERROR | ^
2026-03-05 19:11:10,905 | 55696 | ERROR | ^
2026-03-05 19:11:10,905 | 55696 | ERROR | ^
2026-03-05 19:11:10,905 | 55696 | ERROR | ^
2026-03-05 19:11:10,905 | 55696 | ERROR | ^
2026-03-05 19:11:10,905 | 55696 | ERROR | ^
2026-03-05 19:11:10,905 | 55696 | ERROR | ^
2026-03-05 19:11:10,905 | 55696 | ERROR | ^
2026-03-05 19:11:10,905 | 55696 | ERROR | ^
2026-03-05 19:11:10,905 | 55696 | ERROR | ^
2026-03-05 19:11:10,905 | 55696 | ERROR | ^
2026-03-05 19:11:10,906 | 55696 | ERROR | ^
2026-03-05 19:11:10,906 | 55696 | ERROR | ^
2026-03-05 19:11:10,906 | 55696 | ERROR | ^
2026-03-05 19:11:10,906 | 55696 | ERROR | ^
2026-03-05 19:11:10,906 | 55696 | ERROR | ^
2026-03-05 19:11:10,906 | 55696 | ERROR | ^
2026-03-05 19:11:10,906 | 55696 | ERROR | KeyboardInterrupt
2026-03-05 19:11:12,301 | 55696 | ERROR | Exception ignored in sys.unraisablehook
2026-03-05 19:11:12,353 | 55696 | ERROR | :
2026-03-05 19:11:12,377 | 55696 | ERROR | <built-in function unraisablehook>
2026-03-05 19:11:12,394 | 55696 | ERROR | Traceback (most recent call last):
2026-03-05 19:11:12,399 | 55696 | ERROR | File "/Users/maxwellfung/UCB-USACE-RR-PROJECT/run_hyperparam_search.py", line 78, in write
2026-03-05 19:11:12,433 | 55696 | ERROR | self.level(message.strip())
2026-03-05 19:11:12,456 | 55696 | ERROR | File "/Library/Frameworks/Python.framework/Versions/3.11/lib/python3.11/logging/__init__.py", line 2115, in error
2026-03-05 19:11:12,530 | 55696 | ERROR | root.error(msg, *args, **kwargs)
2026-03-05 19:11:12,539 | 55696 | ERROR | File "/Library/Frameworks/Python.framework/Versions/3.11/lib/python3.11/logging/__init__.py", line 1518, in error
2026-03-05 19:11:12,571 | 55696 | ERROR | self._log(ERROR, msg, args, **kwargs)
2026-03-05 19:11:12,580 | 55696 | ERROR | File "/Library/Frameworks/Python.framework/Versions/3.11/lib/python3.11/logging/__init__.py", line 1634, in _log
2026-03-05 19:11:12,593 | 55696 | ERROR | self.handle(record)
2026-03-05 19:11:12,686 | 55696 | ERROR | KeyboardInterrupt
2026-03-05 19:11:12,702 | 55696 | ERROR | :
2026-03-05 19:11:12,872 | 55696 | ERROR | Exception ignored in atexit callback
2026-03-05 19:11:12,894 | 55696 | ERROR | :
2026-03-05 19:11:12,918 | 55696 | ERROR | <bound method finalize._exitfunc of <class 'weakref.finalize'>>
2026-03-05 19:11:12,928 | 55696 | ERROR | Traceback (most recent call last):
2026-03-05 19:11:12,929 | 55696 | ERROR | File "/Library/Frameworks/Python.framework/Versions/3.11/lib/python3.11/weakref.py", line 656, in _exitfunc
2026-03-05 19:11:12,951 | 55696 | ERROR | pending = cls._select_for_exit()
2026-03-05 19:11:12,952 | 55696 | ERROR | ^
2026-03-05 19:11:12,952 | 55696 | ERROR | ^
2026-03-05 19:11:12,952 | 55696 | ERROR | ^
2026-03-05 19:11:12,952 | 55696 | ERROR | ^
2026-03-05 19:11:12,952 | 55696 | ERROR | ^
2026-03-05 19:11:12,952 | 55696 | ERROR | ^
2026-03-05 19:11:12,952 | 55696 | ERROR | ^
2026-03-05 19:11:12,952 | 55696 | ERROR | ^
2026-03-05 19:11:12,952 | 55696 | ERROR | ^
2026-03-05 19:11:12,952 | 55696 | ERROR | ^
2026-03-05 19:11:12,952 | 55696 | ERROR | ^
2026-03-05 19:11:12,952 | 55696 | ERROR | ^
2026-03-05 19:11:12,952 | 55696 | ERROR | ^
2026-03-05 19:11:12,952 | 55696 | ERROR | ^
2026-03-05 19:11:12,952 | 55696 | ERROR | ^
2026-03-05 19:11:12,952 | 55696 | ERROR | ^
2026-03-05 19:11:12,952 | 55696 | ERROR | ^
2026-03-05 19:11:12,953 | 55696 | ERROR | ^
2026-03-05 19:11:12,953 | 55696 | ERROR | ^
2026-03-05 19:11:12,953 | 55696 | ERROR | ^
2026-03-05 19:11:12,953 | 55696 | ERROR | ^
2026-03-05 19:11:12,953 | 55696 | ERROR | ^
2026-03-05 19:11:12,953 | 55696 | ERROR | File "/Library/Frameworks/Python.framework/Versions/3.11/lib/python3.11/weakref.py", line 637, in _select_for_exit
2026-03-05 19:11:12,953 | 55696 | ERROR | L = [(f,i) for (f,i) in cls._registry.items() if i.atexit]
2026-03-05 19:11:12,953 | 55696 | ERROR | ^
2026-03-05 19:11:12,953 | 55696 | ERROR | ^
2026-03-05 19:11:12,953 | 55696 | ERROR | ^
2026-03-05 19:11:12,954 | 55696 | ERROR | ^
2026-03-05 19:11:12,954 | 55696 | ERROR | ^
2026-03-05 19:11:12,954 | 55696 | ERROR | ^
2026-03-05 19:11:12,954 | 55696 | ERROR | ^
2026-03-05 19:11:12,954 | 55696 | ERROR | ^
2026-03-05 19:11:12,958 | 55696 | ERROR | ^
2026-03-05 19:11:12,959 | 55696 | ERROR | ^
2026-03-05 19:11:12,959 | 55696 | ERROR | ^
2026-03-05 19:11:12,959 | 55696 | ERROR | ^
2026-03-05 19:11:12,959 | 55696 | ERROR | ^
2026-03-05 19:11:12,959 | 55696 | ERROR | ^
2026-03-05 19:11:12,959 | 55696 | ERROR | ^
2026-03-05 19:11:12,959 | 55696 | ERROR | ^
2026-03-05 19:11:12,959 | 55696 | ERROR | ^
2026-03-05 19:11:12,965 | 55696 | ERROR | ^
2026-03-05 19:11:12,965 | 55696 | ERROR | ^
2026-03-05 19:11:12,967 | 55696 | ERROR | ^
2026-03-05 19:11:12,967 | 55696 | ERROR | ^
2026-03-05 19:11:12,967 | 55696 | ERROR | ^
2026-03-05 19:11:12,967 | 55696 | ERROR | ^
2026-03-05 19:11:12,967 | 55696 | ERROR | ^
2026-03-05 19:11:12,967 | 55696 | ERROR | ^
2026-03-05 19:11:12,967 | 55696 | ERROR | ^
2026-03-05 19:11:12,967 | 55696 | ERROR | ^
2026-03-05 19:11:12,967 | 55696 | ERROR | ^
2026-03-05 19:11:12,967 | 55696 | ERROR | ^
2026-03-05 19:11:12,967 | 55696 | ERROR | ^
2026-03-05 19:11:12,967 | 55696 | ERROR | ^
2026-03-05 19:11:12,967 | 55696 | ERROR | ^
2026-03-05 19:11:12,967 | 55696 | ERROR | ^
2026-03-05 19:11:12,967 | 55696 | ERROR | ^
2026-03-05 19:11:12,967 | 55696 | ERROR | ^
2026-03-05 19:11:12,967 | 55696 | ERROR | ^
2026-03-05 19:11:12,967 | 55696 | ERROR | ^
2026-03-05 19:11:12,967 | 55696 | ERROR | ^
2026-03-05 19:11:12,967 | 55696 | ERROR | ^
2026-03-05 19:11:12,967 | 55696 | ERROR | ^
2026-03-05 19:11:12,967 | 55696 | ERROR | ^
2026-03-05 19:11:12,978 | 55696 | ERROR | ^
2026-03-05 19:11:12,978 | 55696 | ERROR | ^
2026-03-05 19:11:12,978 | 55696 | ERROR | ^
2026-03-05 19:11:12,978 | 55696 | ERROR | ^
2026-03-05 19:11:12,978 | 55696 | ERROR | ^
2026-03-05 19:11:12,978 | 55696 | ERROR | ^
2026-03-05 19:11:12,978 | 55696 | ERROR | ^
2026-03-05 19:11:12,978 | 55696 | ERROR | ^
2026-03-05 19:11:12,978 | 55696 | ERROR | ^
2026-03-05 19:11:12,978 | 55696 | ERROR | ^
2026-03-05 19:11:12,978 | 55696 | ERROR | ^
2026-03-05 19:11:12,979 | 55696 | ERROR | ^
2026-03-05 19:11:12,979 | 55696 | ERROR | ^
2026-03-05 19:11:12,980 | 55696 | ERROR | File "/Library/Frameworks/Python.framework/Versions/3.11/lib/python3.11/weakref.py", line 637, in <listcomp>
2026-03-05 19:11:12,980 | 55696 | ERROR | L = [(f,i) for (f,i) in cls._registry.items() if i.atexit]
2026-03-05 19:11:12,980 | 55696 | ERROR | ^
2026-03-05 19:11:12,980 | 55696 | ERROR | ^
2026-03-05 19:11:12,980 | 55696 | ERROR | ^
2026-03-05 19:11:12,980 | 55696 | ERROR | ^
2026-03-05 19:11:12,981 | 55696 | ERROR | ^
2026-03-05 19:11:12,981 | 55696 | ERROR | ^
2026-03-05 19:11:12,981 | 55696 | ERROR | ^
2026-03-05 19:11:12,981 | 55696 | ERROR | ^
2026-03-05 19:11:12,981 | 55696 | ERROR | ^
2026-03-05 19:11:12,981 | 55696 | ERROR | ^
2026-03-05 19:11:12,981 | 55696 | ERROR | ^
2026-03-05 19:11:12,981 | 55696 | ERROR | ^
2026-03-05 19:11:12,981 | 55696 | ERROR | ^
2026-03-05 19:11:12,981 | 55696 | ERROR | ^
2026-03-05 19:11:12,981 | 55696 | ERROR | ^
2026-03-05 19:11:12,981 | 55696 | ERROR | ^
2026-03-05 19:11:12,981 | 55696 | ERROR | ^
2026-03-05 19:11:12,981 | 55696 | ERROR | ^
2026-03-05 19:11:12,981 | 55696 | ERROR | ^
2026-03-05 19:11:12,981 | 55696 | ERROR | ^
2026-03-05 19:11:12,981 | 55696 | ERROR | ^
2026-03-05 19:11:12,992 | 55696 | ERROR | ^
2026-03-05 19:11:12,992 | 55696 | ERROR | ^
2026-03-05 19:11:12,992 | 55696 | ERROR | ^
2026-03-05 19:11:12,992 | 55696 | ERROR | ^
2026-03-05 19:11:12,992 | 55696 | ERROR | ^
2026-03-05 19:11:12,992 | 55696 | ERROR | ^
2026-03-05 19:11:12,993 | 55696 | ERROR | ^
2026-03-05 19:11:12,993 | 55696 | ERROR | ^
2026-03-05 19:11:12,993 | 55696 | ERROR | ^
2026-03-05 19:11:12,993 | 55696 | ERROR | ^
2026-03-05 19:11:12,993 | 55696 | ERROR | ^
2026-03-05 19:11:12,993 | 55696 | ERROR | ^
2026-03-05 19:11:12,993 | 55696 | ERROR | ^
2026-03-05 19:11:12,993 | 55696 | ERROR | ^
2026-03-05 19:11:12,993 | 55696 | ERROR | ^
2026-03-05 19:11:12,993 | 55696 | ERROR | ^
2026-03-05 19:11:12,993 | 55696 | ERROR | ^
2026-03-05 19:11:12,993 | 55696 | ERROR | ^
2026-03-05 19:11:12,993 | 55696 | ERROR | ^
2026-03-05 19:11:12,993 | 55696 | ERROR | ^
2026-03-05 19:11:12,993 | 55696 | ERROR | ^
2026-03-05 19:11:12,993 | 55696 | ERROR | ^
2026-03-05 19:11:12,993 | 55696 | ERROR | ^
2026-03-05 19:11:13,002 | 55696 | ERROR | ^
2026-03-05 19:11:13,002 | 55696 | ERROR | ^
2026-03-05 19:11:13,002 | 55696 | ERROR | ^
2026-03-05 19:11:13,002 | 55696 | ERROR | ^
2026-03-05 19:11:13,002 | 55696 | ERROR | ^
2026-03-05 19:11:13,002 | 55696 | ERROR | ^
2026-03-05 19:11:13,002 | 55696 | ERROR | ^
2026-03-05 19:11:13,002 | 55696 | ERROR | ^
2026-03-05 19:11:13,003 | 55696 | ERROR | ^
2026-03-05 19:11:13,003 | 55696 | ERROR | ^
2026-03-05 19:11:13,003 | 55696 | ERROR | KeyboardInterrupt
2026-03-05 19:11:13,003 | 55696 | ERROR | :
