2026-03-05 19:39:58,098 | 59432 | INFO | [+   0.00s]
2026-03-05 19:39:58,098 | 59432 | INFO | Basin: guerneville, GPU: -1, Verbose: True
2026-03-05 19:39:58,098 | 59432 | INFO | [+   0.00s]
2026-03-05 19:39:58,098 | 59432 | INFO | Pre-warming numba JIT ...
2026-03-05 19:39:58,628 | 59432 | INFO | [+   0.53s]
2026-03-05 19:39:58,628 | 59432 | INFO | Numba JIT pre-compiled.
2026-03-05 19:39:58,628 | 59432 | INFO | YAML PATH:
2026-03-05 19:39:58,628 | 59432 | INFO | /Users/maxwellfung/UCB-USACE-RR-PROJECT/UCB_training/configs/guerneville_mtslstm2.yaml
2026-03-05 19:39:58,629 | 59432 | INFO | [+   0.53s]
2026-03-05 19:39:58,629 | 59432 | INFO | 48 combinations, 9 workers
2026-03-05 19:39:58,629 | 59432 | INFO | run_gridsearch =
2026-03-05 19:39:58,629 | 59432 | INFO | False
2026-03-05 19:39:58,629 | 59432 | INFO | hparams_exists =
2026-03-05 19:39:58,629 | 59432 | INFO | False
2026-03-05 19:39:58,632 | 59432 | INFO | [EXTERNAL CV FOLDS]
2026-03-05 19:39:58,632 | 59432 | INFO | fold 1: train 01/10/1994 -> 01/10/1996 | val 02/10/1996 -> 01/10/1997 | eval 02/10/1996 -> 01/10/1997
2026-03-05 19:39:58,632 | 59432 | INFO | fold 2: train 01/10/1994 -> 01/10/1998 | val 02/10/1998 -> 01/10/1999 | eval 02/10/1998 -> 01/10/1999
2026-03-05 19:39:58,632 | 59432 | INFO | fold 3: train 01/10/1994 -> 01/10/2000 | val 02/10/2000 -> 01/10/2001 | eval 02/10/2000 -> 01/10/2001
2026-03-05 19:39:58,632 | 59432 | INFO | fold 4: train 01/10/1994 -> 01/10/2002 | val 02/10/2002 -> 01/10/2003 | eval 02/10/2002 -> 01/10/2003
2026-03-05 19:39:58,632 | 59432 | INFO | fold 5: train 01/10/1994 -> 01/10/2004 | val 02/10/2004 -> 01/10/2005 | eval 02/10/2004 -> 01/10/2005
2026-03-05 19:39:58,632 | 59432 | INFO | [EXTERNAL CV FOLDS] total folds = 5
2026-03-05 19:39:58,632 | 59432 | INFO | [BAYESIAN OPTIMIZATION] Using 9 parallel workers
2026-03-05 19:39:58,633 | 59432 | INFO | [BAYES] no_physics: 1 parallel trials x 5 folds = up to 5 workers
2026-03-05 19:39:58,646 | 59432 | INFO | Bayes No-Physics Trials:   0%|                         | 0/1 [00:00<?, ?trial/s]
2026-03-05 19:39:58,647 | 59432 | INFO | Bayes No-Physics Trials:   0%|                         | 0/1 [00:00<?, ?trial/s]
2026-03-05 19:39:58,647 | 59432 | INFO | Traceback (most recent call last):
2026-03-05 19:39:58,647 | 59432 | INFO | File "/Users/maxwellfung/UCB-USACE-RR-PROJECT/run_hyperparam_search.py", line 1346, in <module>
2026-03-05 19:39:58,647 | 59432 | INFO | main()
2026-03-05 19:39:58,647 | 59432 | INFO | File "/Users/maxwellfung/UCB-USACE-RR-PROJECT/run_hyperparam_search.py", line 1009, in main
2026-03-05 19:39:58,647 | 59432 | INFO | list(tqdm(
2026-03-05 19:39:58,648 | 59432 | INFO | File "/Users/maxwellfung/UCB-USACE-RR-PROJECT/venv/lib/python3.11/site-packages/tqdm/std.py", line 1181, in __iter__
2026-03-05 19:39:58,648 | 59432 | INFO | for obj in iterable:
2026-03-05 19:39:58,648 | 59432 | INFO | File "/Library/Frameworks/Python.framework/Versions/3.11/lib/python3.11/multiprocessing/pool.py", line 873, in next
2026-03-05 19:39:58,648 | 59432 | INFO | raise value
2026-03-05 19:39:58,648 | 59432 | INFO | File "/Library/Frameworks/Python.framework/Versions/3.11/lib/python3.11/multiprocessing/pool.py", line 540, in _handle_tasks
2026-03-05 19:39:58,648 | 59432 | INFO | put(task)
2026-03-05 19:39:58,648 | 59432 | INFO | File "/Library/Frameworks/Python.framework/Versions/3.11/lib/python3.11/multiprocessing/connection.py", line 205, in send
2026-03-05 19:39:58,648 | 59432 | INFO | self._send_bytes(_ForkingPickler.dumps(obj))
2026-03-05 19:39:58,648 | 59432 | INFO | ^
2026-03-05 19:39:58,648 | 59432 | INFO | ^
2026-03-05 19:39:58,648 | 59432 | INFO | ^
2026-03-05 19:39:58,648 | 59432 | INFO | ^
2026-03-05 19:39:58,648 | 59432 | INFO | ^
2026-03-05 19:39:58,648 | 59432 | INFO | ^
2026-03-05 19:39:58,648 | 59432 | INFO | ^
2026-03-05 19:39:58,648 | 59432 | INFO | ^
2026-03-05 19:39:58,648 | 59432 | INFO | ^
2026-03-05 19:39:58,648 | 59432 | INFO | ^
2026-03-05 19:39:58,649 | 59432 | INFO | ^
2026-03-05 19:39:58,649 | 59432 | INFO | ^
2026-03-05 19:39:58,649 | 59432 | INFO | ^
2026-03-05 19:39:58,649 | 59432 | INFO | ^
2026-03-05 19:39:58,649 | 59432 | INFO | ^
2026-03-05 19:39:58,649 | 59432 | INFO | ^
2026-03-05 19:39:58,649 | 59432 | INFO | ^
2026-03-05 19:39:58,649 | 59432 | INFO | ^
2026-03-05 19:39:58,649 | 59432 | INFO | ^
2026-03-05 19:39:58,649 | 59432 | INFO | ^
2026-03-05 19:39:58,649 | 59432 | INFO | ^
2026-03-05 19:39:58,649 | 59432 | INFO | ^
2026-03-05 19:39:58,649 | 59432 | INFO | ^
2026-03-05 19:39:58,649 | 59432 | INFO | ^
2026-03-05 19:39:58,649 | 59432 | INFO | ^
2026-03-05 19:39:58,649 | 59432 | INFO | ^
2026-03-05 19:39:58,649 | 59432 | INFO | File "/Library/Frameworks/Python.framework/Versions/3.11/lib/python3.11/multiprocessing/reduction.py", line 51, in dumps
2026-03-05 19:39:58,649 | 59432 | INFO | cls(buf, protocol).dump(obj)
2026-03-05 19:39:58,649 | 59432 | INFO | AttributeError
2026-03-05 19:39:58,649 | 59432 | INFO | :
2026-03-05 19:39:58,649 | 59432 | INFO | Can't pickle local object 'main.<locals>.run_parallel_bayes_worker'
