2026-03-04 15:23:51,236 | 8352 | INFO | [+   0.00s]
2026-03-04 15:23:51,236 | 8352 | INFO | Basin: guerneville, GPU: -1, Verbose: True
2026-03-04 15:23:51,236 | 8352 | INFO | [+   0.01s]
2026-03-04 15:23:51,236 | 8352 | INFO | Pre-warming numba JIT ...
2026-03-04 15:23:53,590 | 8352 | INFO | [+   2.35s]
2026-03-04 15:23:53,591 | 8352 | INFO | Numba JIT pre-compiled.
2026-03-04 15:23:53,592 | 8352 | INFO | YAML PATH:
2026-03-04 15:23:53,593 | 8352 | INFO | C:\Users\maxwell\UCB-USACE-RR-PROJECT\UCB_training\configs\guerneville_mtslstm2.yaml
2026-03-04 15:23:53,597 | 8352 | INFO | [+   2.35s]
2026-03-04 15:23:53,598 | 8352 | INFO | 48 combinations, 14 workers
2026-03-04 15:23:53,598 | 8352 | INFO | run_gridsearch =
2026-03-04 15:23:53,599 | 8352 | INFO | False
2026-03-04 15:23:53,600 | 8352 | INFO | hparams_exists =
2026-03-04 15:23:53,601 | 8352 | INFO | False
2026-03-04 15:23:53,602 | 8352 | INFO | [BAYESIAN OPTIMIZATION] Using 14 parallel workers
2026-03-04 15:23:53,604 | 8352 | INFO | No READ_STAMP provided — starting fresh.
2026-03-04 15:23:53,604 | 8352 | INFO | [Bayes] No-physics remaining trials: 42
2026-03-04 15:23:53,616 | 8352 | ERROR | --- Logging error ---
2026-03-04 15:23:53,618 | 8352 | ERROR | Traceback (most recent call last):
2026-03-04 15:23:53,619 | 8352 | ERROR | File "C:\Users\maxwell\AppData\Local\Python\pythoncore-3.11-64\Lib\logging\__init__.py", line 1110, in emit
    msg = self.format(record)
          ^^^^^^^^^^^^^^^^^^^
2026-03-04 15:23:53,620 | 8352 | ERROR | File "C:\Users\maxwell\AppData\Local\Python\pythoncore-3.11-64\Lib\logging\__init__.py", line 953, in format
    return fmt.format(record)
           ^^^^^^^^^^^^^^^^^^
2026-03-04 15:23:53,621 | 8352 | ERROR | File "C:\Users\maxwell\AppData\Local\Python\pythoncore-3.11-64\Lib\logging\__init__.py", line 690, in format
    s = self.formatMessage(record)
        ^^^^^^^^^^^^^^^^^^^^^^^^^^
2026-03-04 15:23:53,621 | 8352 | ERROR | File "C:\Users\maxwell\UCB-USACE-RR-PROJECT\venv\Lib\site-packages\colorlog\formatter.py", line 133, in formatMessage
    escapes = self._escape_code_map(record.levelname)
              ^^^^^^^^^^^^^^^^^^^^^^^^^^^^^^^^^^^^^^^
2026-03-04 15:23:53,622 | 8352 | ERROR | File "C:\Users\maxwell\UCB-USACE-RR-PROJECT\venv\Lib\site-packages\colorlog\formatter.py", line 149, in _escape_code_map
    if not self._colorize():
           ^^^^^^^^^^^^^^^^
2026-03-04 15:23:53,623 | 8352 | ERROR | File "C:\Users\maxwell\UCB-USACE-RR-PROJECT\venv\Lib\site-packages\colorlog\formatter.py", line 161, in _colorize
    if self.stream is not None and not self.stream.isatty():
                                       ^^^^^^^^^^^^^^^^^^^^
2026-03-04 15:23:53,623 | 8352 | ERROR | ValueError: I/O operation on closed file
2026-03-04 15:23:53,625 | 8352 | ERROR | Call stack:
2026-03-04 15:23:53,627 | 8352 | ERROR | File "C:\Users\maxwell\UCB-USACE-RR-PROJECT\run_hyperparam_search.py", line 852, in <module>
    main()
2026-03-04 15:23:53,628 | 8352 | ERROR | File "C:\Users\maxwell\UCB-USACE-RR-PROJECT\run_hyperparam_search.py", line 651, in main
    study_no = optuna.create_study(
2026-03-04 15:23:53,628 | 8352 | ERROR | File "C:\Users\maxwell\UCB-USACE-RR-PROJECT\venv\Lib\site-packages\optuna\_convert_positional_args.py", line 134, in converter_wrapper
    return func(**kwargs)  # type: ignore[call-arg]
2026-03-04 15:23:53,629 | 8352 | ERROR | File "C:\Users\maxwell\UCB-USACE-RR-PROJECT\venv\Lib\site-packages\optuna\study\study.py", line 1297, in create_study
    study_id = storage.create_new_study(direction_objects, study_name)
2026-03-04 15:23:53,629 | 8352 | ERROR | File "C:\Users\maxwell\UCB-USACE-RR-PROJECT\venv\Lib\site-packages\optuna\storages\journal\_storage.py", line 166, in create_new_study
    _logger.info("A new study created in Journal with name: {}".format(study_name))
2026-03-04 15:23:53,630 | 8352 | ERROR | Message: 'A new study created in Journal with name: journal_storage_multiprocess'
Arguments: ()
