2026-03-05 19:54:18,276 | 63345 | INFO | [+   0.00s]
2026-03-05 19:54:18,276 | 63345 | INFO | Basin: guerneville, GPU: -1, Verbose: True
2026-03-05 19:54:18,276 | 63345 | INFO | [+   0.00s]
2026-03-05 19:54:18,276 | 63345 | INFO | Pre-warming numba JIT ...
2026-03-05 19:54:18,866 | 63345 | INFO | [+   0.59s]
2026-03-05 19:54:18,866 | 63345 | INFO | Numba JIT pre-compiled.
2026-03-05 19:54:18,866 | 63345 | INFO | YAML PATH:
2026-03-05 19:54:18,866 | 63345 | INFO | /Users/maxwellfung/UCB-USACE-RR-PROJECT/UCB_training/configs/guerneville_mtslstm2.yaml
2026-03-05 19:54:18,866 | 63345 | INFO | [+   0.59s]
2026-03-05 19:54:18,866 | 63345 | INFO | 48 combinations, 9 workers
2026-03-05 19:54:18,866 | 63345 | INFO | run_gridsearch =
2026-03-05 19:54:18,866 | 63345 | INFO | False
2026-03-05 19:54:18,866 | 63345 | INFO | hparams_exists =
2026-03-05 19:54:18,866 | 63345 | INFO | False
2026-03-05 19:54:18,870 | 63345 | INFO | [EXTERNAL CV FOLDS]
2026-03-05 19:54:18,870 | 63345 | INFO | fold 1: train 01/10/1994 -> 01/10/1996 | val 02/10/1996 -> 01/10/1997 | eval 02/10/1996 -> 01/10/1997
2026-03-05 19:54:18,870 | 63345 | INFO | fold 2: train 01/10/1994 -> 01/10/1998 | val 02/10/1998 -> 01/10/1999 | eval 02/10/1998 -> 01/10/1999
2026-03-05 19:54:18,870 | 63345 | INFO | fold 3: train 01/10/1994 -> 01/10/2000 | val 02/10/2000 -> 01/10/2001 | eval 02/10/2000 -> 01/10/2001
2026-03-05 19:54:18,870 | 63345 | INFO | fold 4: train 01/10/1994 -> 01/10/2002 | val 02/10/2002 -> 01/10/2003 | eval 02/10/2002 -> 01/10/2003
2026-03-05 19:54:18,870 | 63345 | INFO | fold 5: train 01/10/1994 -> 01/10/2004 | val 02/10/2004 -> 01/10/2005 | eval 02/10/2004 -> 01/10/2005
2026-03-05 19:54:18,870 | 63345 | INFO | [EXTERNAL CV FOLDS] total folds = 5
2026-03-05 19:54:18,871 | 63345 | INFO | [BAYESIAN OPTIMIZATION] Using 9 parallel workers
2026-03-05 19:54:18,871 | 63345 | INFO | [BAYES] no_physics: 2 parallel trials x 5 folds = up to 10 workers
2026-03-05 19:54:18,887 | 63345 | INFO | Bayes No-Physics Trials:   0%|                         | 0/2 [00:00<?, ?trial/s]
2026-03-05 19:56:21,370 | 63345 | INFO | Bayes No-Physics Trials:  50%|########        | 1/2 [02:02<02:02, 122.48s/trial]
2026-03-05 19:56:31,499 | 63345 | INFO | Bayes No-Physics Trials: 100%|#################| 2/2 [02:12<00:00, 56.39s/trial]
2026-03-05 19:56:31,499 | 63345 | INFO | Bayes No-Physics Trials: 100%|#################| 2/2 [02:12<00:00, 66.31s/trial]
2026-03-05 19:56:31,526 | 63345 | INFO | Bayes No-Physics Trials:   0%|                         | 0/2 [00:00<?, ?trial/s]
2026-03-05 19:56:41,894 | 63345 | INFO | Bayes No-Physics Trials:   0%|                         | 0/2 [00:10<?, ?trial/s]
2026-03-05 19:56:41,904 | 63345 | INFO | Traceback (most recent call last):
2026-03-05 19:56:41,904 | 63345 | INFO | File "/Library/Frameworks/Python.framework/Versions/3.11/lib/python3.11/multiprocessing/pool.py", line 856, in next
2026-03-05 19:56:41,904 | 63345 | INFO | item = self._items.popleft()
2026-03-05 19:56:41,904 | 63345 | INFO | ^
2026-03-05 19:56:41,904 | 63345 | INFO | ^
2026-03-05 19:56:41,904 | 63345 | INFO | ^
2026-03-05 19:56:41,904 | 63345 | INFO | ^
2026-03-05 19:56:41,904 | 63345 | INFO | ^
2026-03-05 19:56:41,904 | 63345 | INFO | ^
2026-03-05 19:56:41,904 | 63345 | INFO | ^
2026-03-05 19:56:41,904 | 63345 | INFO | ^
2026-03-05 19:56:41,904 | 63345 | INFO | ^
2026-03-05 19:56:41,904 | 63345 | INFO | ^
2026-03-05 19:56:41,904 | 63345 | INFO | ^
2026-03-05 19:56:41,904 | 63345 | INFO | ^
2026-03-05 19:56:41,904 | 63345 | INFO | ^
2026-03-05 19:56:41,904 | 63345 | INFO | ^
2026-03-05 19:56:41,904 | 63345 | INFO | ^
2026-03-05 19:56:41,905 | 63345 | INFO | ^
2026-03-05 19:56:41,905 | 63345 | INFO | ^
2026-03-05 19:56:41,905 | 63345 | INFO | ^
2026-03-05 19:56:41,905 | 63345 | INFO | ^
2026-03-05 19:56:41,905 | 63345 | INFO | ^
2026-03-05 19:56:41,905 | 63345 | INFO | ^
2026-03-05 19:56:41,905 | 63345 | INFO | IndexError
2026-03-05 19:56:41,905 | 63345 | INFO | :
2026-03-05 19:56:41,905 | 63345 | INFO | pop from an empty deque
2026-03-05 19:56:41,905 | 63345 | INFO | During handling of the above exception, another exception occurred:
2026-03-05 19:56:41,905 | 63345 | INFO | Traceback (most recent call last):
2026-03-05 19:56:41,905 | 63345 | INFO | File "/Users/maxwellfung/UCB-USACE-RR-PROJECT/run_hyperparam_search.py", line 1367, in <module>
2026-03-05 19:56:41,905 | 63345 | INFO | main()
2026-03-05 19:56:41,905 | 63345 | INFO | File "/Users/maxwellfung/UCB-USACE-RR-PROJECT/run_hyperparam_search.py", line 1030, in main
2026-03-05 19:56:41,905 | 63345 | INFO | list(tqdm(
2026-03-05 19:56:41,905 | 63345 | INFO | File "/Users/maxwellfung/UCB-USACE-RR-PROJECT/venv/lib/python3.11/site-packages/tqdm/std.py", line 1181, in __iter__
2026-03-05 19:56:41,905 | 63345 | INFO | for obj in iterable:
2026-03-05 19:56:41,905 | 63345 | INFO | File "/Library/Frameworks/Python.framework/Versions/3.11/lib/python3.11/multiprocessing/pool.py", line 861, in next
2026-03-05 19:56:41,906 | 63345 | INFO | self._cond.wait(timeout)
2026-03-05 19:56:41,906 | 63345 | INFO | File "/Library/Frameworks/Python.framework/Versions/3.11/lib/python3.11/threading.py", line 320, in wait
2026-03-05 19:56:41,906 | 63345 | INFO | waiter.acquire()
2026-03-05 19:56:41,906 | 63345 | INFO | KeyboardInterrupt
