2026-03-05 19:36:32,928 | 59050 | INFO | [+   0.00s]
2026-03-05 19:36:32,928 | 59050 | INFO | Basin: guerneville, GPU: -1, Verbose: True
2026-03-05 19:36:32,928 | 59050 | INFO | [+   0.00s]
2026-03-05 19:36:32,928 | 59050 | INFO | Pre-warming numba JIT ...
2026-03-05 19:36:33,485 | 59050 | INFO | [+   0.56s]
2026-03-05 19:36:33,485 | 59050 | INFO | Numba JIT pre-compiled.
2026-03-05 19:36:33,485 | 59050 | INFO | YAML PATH:
2026-03-05 19:36:33,485 | 59050 | INFO | /Users/maxwellfung/UCB-USACE-RR-PROJECT/UCB_training/configs/guerneville_mtslstm2.yaml
2026-03-05 19:36:33,486 | 59050 | INFO | [+   0.56s]
2026-03-05 19:36:33,486 | 59050 | INFO | 48 combinations, 9 workers
2026-03-05 19:36:33,486 | 59050 | INFO | run_gridsearch =
2026-03-05 19:36:33,486 | 59050 | INFO | False
2026-03-05 19:36:33,486 | 59050 | INFO | hparams_exists =
2026-03-05 19:36:33,486 | 59050 | INFO | False
2026-03-05 19:36:33,489 | 59050 | INFO | [EXTERNAL CV FOLDS]
2026-03-05 19:36:33,489 | 59050 | INFO | fold 1: train 01/10/1994 -> 01/10/1996 | val 02/10/1996 -> 01/10/1997 | eval 02/10/1996 -> 01/10/1997
2026-03-05 19:36:33,489 | 59050 | INFO | fold 2: train 01/10/1994 -> 01/10/1998 | val 02/10/1998 -> 01/10/1999 | eval 02/10/1998 -> 01/10/1999
2026-03-05 19:36:33,489 | 59050 | INFO | fold 3: train 01/10/1994 -> 01/10/2000 | val 02/10/2000 -> 01/10/2001 | eval 02/10/2000 -> 01/10/2001
2026-03-05 19:36:33,489 | 59050 | INFO | fold 4: train 01/10/1994 -> 01/10/2002 | val 02/10/2002 -> 01/10/2003 | eval 02/10/2002 -> 01/10/2003
2026-03-05 19:36:33,489 | 59050 | INFO | fold 5: train 01/10/1994 -> 01/10/2004 | val 02/10/2004 -> 01/10/2005 | eval 02/10/2004 -> 01/10/2005
2026-03-05 19:36:33,489 | 59050 | INFO | [EXTERNAL CV FOLDS] total folds = 5
2026-03-05 19:36:33,489 | 59050 | INFO | [BAYESIAN OPTIMIZATION] Using 9 parallel workers
2026-03-05 19:36:33,496 | 59050 | INFO | 0%|          | 0/36 [00:00<?, ?it/s]
2026-03-05 19:36:33,500 | 59050 | INFO | [BAYES CV QUEUE]
2026-03-05 19:36:33,500 | 59050 | INFO | queue[0000] trial 1 fold 1 no_physics
2026-03-05 19:36:33,500 | 59050 | INFO | queue[0001] trial 1 fold 2 no_physics
2026-03-05 19:36:33,500 | 59050 | INFO | queue[0002] trial 1 fold 3 no_physics
2026-03-05 19:36:33,500 | 59050 | INFO | queue[0003] trial 1 fold 4 no_physics
2026-03-05 19:36:33,500 | 59050 | INFO | queue[0004] trial 1 fold 5 no_physics
2026-03-05 19:36:33,500 | 59050 | INFO | [BAYES CV QUEUE] total jobs = 5
2026-03-05 19:36:33,517 | 59050 | INFO | Bayes Trial 1:   0%|                                    | 0/5 [00:00<?, ?fold/s]
2026-03-05 19:36:33,517 | 59050 | INFO | [A
2026-03-05 19:36:55,255 | 59050 | INFO | Bayes Trial 1:   0%|                                    | 0/5 [00:21<?, ?fold/s]
2026-03-05 19:36:55,288 | 59050 | INFO | --- Logging error ---
2026-03-05 19:36:55,290 | 59050 | INFO | Traceback (most recent call last):
2026-03-05 19:36:55,290 | 59050 | INFO | File "/Users/maxwellfung/UCB-USACE-RR-PROJECT/venv/lib/python3.11/site-packages/optuna/progress_bar.py", line 23, in emit
    msg = self.format(record)
          ^^^^^^^^^^^^^^^^^^^
2026-03-05 19:36:55,290 | 59050 | INFO | File "/Library/Frameworks/Python.framework/Versions/3.11/lib/python3.11/logging/__init__.py", line 953, in format
    return fmt.format(record)
           ^^^^^^^^^^^^^^^^^^
2026-03-05 19:36:55,290 | 59050 | INFO | File "/Library/Frameworks/Python.framework/Versions/3.11/lib/python3.11/logging/__init__.py", line 690, in format
    s = self.formatMessage(record)
        ^^^^^^^^^^^^^^^^^^^^^^^^^^
2026-03-05 19:36:55,290 | 59050 | INFO | File "/Users/maxwellfung/UCB-USACE-RR-PROJECT/venv/lib/python3.11/site-packages/colorlog/formatter.py", line 133, in formatMessage
    escapes = self._escape_code_map(record.levelname)
              ^^^^^^^^^^^^^^^^^^^^^^^^^^^^^^^^^^^^^^^
2026-03-05 19:36:55,290 | 59050 | INFO | File "/Users/maxwellfung/UCB-USACE-RR-PROJECT/venv/lib/python3.11/site-packages/colorlog/formatter.py", line 149, in _escape_code_map
    if not self._colorize():
           ^^^^^^^^^^^^^^^^
2026-03-05 19:36:55,290 | 59050 | INFO | File "/Users/maxwellfung/UCB-USACE-RR-PROJECT/venv/lib/python3.11/site-packages/colorlog/formatter.py", line 161, in _colorize
    if self.stream is not None and not self.stream.isatty():
                                       ^^^^^^^^^^^^^^^^^^
2026-03-05 19:36:55,290 | 59050 | INFO | AttributeError: 'LoggerWriter' object has no attribute 'isatty'
2026-03-05 19:36:55,291 | 59050 | INFO | Call stack:
2026-03-05 19:36:55,292 | 59050 | INFO | File "/Users/maxwellfung/UCB-USACE-RR-PROJECT/run_hyperparam_search.py", line 1294, in <module>
    main()
2026-03-05 19:36:55,292 | 59050 | INFO | File "/Users/maxwellfung/UCB-USACE-RR-PROJECT/run_hyperparam_search.py", line 982, in main
    study_no.optimize(
2026-03-05 19:36:55,292 | 59050 | INFO | File "/Users/maxwellfung/UCB-USACE-RR-PROJECT/venv/lib/python3.11/site-packages/optuna/study/study.py", line 490, in optimize
    _optimize(
2026-03-05 19:36:55,292 | 59050 | INFO | File "/Users/maxwellfung/UCB-USACE-RR-PROJECT/venv/lib/python3.11/site-packages/optuna/study/_optimize.py", line 68, in _optimize
    _optimize_sequential(
2026-03-05 19:36:55,292 | 59050 | INFO | File "/Users/maxwellfung/UCB-USACE-RR-PROJECT/venv/lib/python3.11/site-packages/optuna/study/_optimize.py", line 165, in _optimize_sequential
    frozen_trial_id = _run_trial(study, func, catch)
2026-03-05 19:36:55,292 | 59050 | INFO | File "/Users/maxwellfung/UCB-USACE-RR-PROJECT/venv/lib/python3.11/site-packages/optuna/study/_optimize.py", line 239, in _run_trial
    _log_failed_trial(
2026-03-05 19:36:55,292 | 59050 | INFO | File "/Users/maxwellfung/UCB-USACE-RR-PROJECT/venv/lib/python3.11/site-packages/optuna/study/_optimize.py", line 274, in _log_failed_trial
    _logger.warning(
2026-03-05 19:36:55,292 | 59050 | INFO | File "/Library/Frameworks/Python.framework/Versions/3.11/lib/python3.11/logging/__init__.py", line 1501, in warning
    self._log(WARNING, msg, args, **kwargs)
2026-03-05 19:36:55,292 | 59050 | INFO | File "/Library/Frameworks/Python.framework/Versions/3.11/lib/python3.11/logging/__init__.py", line 1634, in _log
    self.handle(record)
2026-03-05 19:36:55,292 | 59050 | INFO | File "/Library/Frameworks/Python.framework/Versions/3.11/lib/python3.11/logging/__init__.py", line 1644, in handle
    self.callHandlers(record)
2026-03-05 19:36:55,292 | 59050 | INFO | File "/Library/Frameworks/Python.framework/Versions/3.11/lib/python3.11/logging/__init__.py", line 1706, in callHandlers
    hdlr.handle(record)
2026-03-05 19:36:55,292 | 59050 | INFO | File "/Library/Frameworks/Python.framework/Versions/3.11/lib/python3.11/logging/__init__.py", line 978, in handle
    self.emit(record)
2026-03-05 19:36:55,292 | 59050 | INFO | File "/Users/maxwellfung/UCB-USACE-RR-PROJECT/venv/lib/python3.11/site-packages/optuna/progress_bar.py", line 29, in emit
    self.handleError(record)
2026-03-05 19:36:55,292 | 59050 | INFO | Message: "Trial 0 failed with parameters: {'hidden_size': 128, 'output_dropout': 0.1, 'seq_length_1D': 90, 'seq_length_1H': 336, 'num_layers': 1, 'epochs': 2, 'batch_size': 64} because of the following error: KeyboardInterrupt()."
Arguments: ()
2026-03-05 19:36:55,292 | 59050 | INFO | --- Logging error ---
2026-03-05 19:36:55,292 | 59050 | INFO | Traceback (most recent call last):
2026-03-05 19:36:55,292 | 59050 | INFO | File "/Users/maxwellfung/UCB-USACE-RR-PROJECT/venv/lib/python3.11/site-packages/optuna/progress_bar.py", line 23, in emit
    msg = self.format(record)
          ^^^^^^^^^^^^^^^^^^^
2026-03-05 19:36:55,292 | 59050 | INFO | File "/Library/Frameworks/Python.framework/Versions/3.11/lib/python3.11/logging/__init__.py", line 953, in format
    return fmt.format(record)
           ^^^^^^^^^^^^^^^^^^
2026-03-05 19:36:55,292 | 59050 | INFO | File "/Library/Frameworks/Python.framework/Versions/3.11/lib/python3.11/logging/__init__.py", line 690, in format
    s = self.formatMessage(record)
        ^^^^^^^^^^^^^^^^^^^^^^^^^^
2026-03-05 19:36:55,292 | 59050 | INFO | File "/Users/maxwellfung/UCB-USACE-RR-PROJECT/venv/lib/python3.11/site-packages/colorlog/formatter.py", line 133, in formatMessage
    escapes = self._escape_code_map(record.levelname)
              ^^^^^^^^^^^^^^^^^^^^^^^^^^^^^^^^^^^^^^^
2026-03-05 19:36:55,293 | 59050 | INFO | File "/Users/maxwellfung/UCB-USACE-RR-PROJECT/venv/lib/python3.11/site-packages/colorlog/formatter.py", line 149, in _escape_code_map
    if not self._colorize():
           ^^^^^^^^^^^^^^^^
2026-03-05 19:36:55,293 | 59050 | INFO | File "/Users/maxwellfung/UCB-USACE-RR-PROJECT/venv/lib/python3.11/site-packages/colorlog/formatter.py", line 161, in _colorize
    if self.stream is not None and not self.stream.isatty():
                                       ^^^^^^^^^^^^^^^^^^
2026-03-05 19:36:55,293 | 59050 | INFO | AttributeError: 'LoggerWriter' object has no attribute 'isatty'
2026-03-05 19:36:55,293 | 59050 | INFO | Call stack:
2026-03-05 19:36:55,293 | 59050 | INFO | File "/Users/maxwellfung/UCB-USACE-RR-PROJECT/run_hyperparam_search.py", line 1294, in <module>
    main()
2026-03-05 19:36:55,293 | 59050 | INFO | File "/Users/maxwellfung/UCB-USACE-RR-PROJECT/run_hyperparam_search.py", line 982, in main
    study_no.optimize(
2026-03-05 19:36:55,293 | 59050 | INFO | File "/Users/maxwellfung/UCB-USACE-RR-PROJECT/venv/lib/python3.11/site-packages/optuna/study/study.py", line 490, in optimize
    _optimize(
2026-03-05 19:36:55,293 | 59050 | INFO | File "/Users/maxwellfung/UCB-USACE-RR-PROJECT/venv/lib/python3.11/site-packages/optuna/study/_optimize.py", line 68, in _optimize
    _optimize_sequential(
2026-03-05 19:36:55,293 | 59050 | INFO | File "/Users/maxwellfung/UCB-USACE-RR-PROJECT/venv/lib/python3.11/site-packages/optuna/study/_optimize.py", line 165, in _optimize_sequential
    frozen_trial_id = _run_trial(study, func, catch)
2026-03-05 19:36:55,293 | 59050 | INFO | File "/Users/maxwellfung/UCB-USACE-RR-PROJECT/venv/lib/python3.11/site-packages/optuna/study/_optimize.py", line 239, in _run_trial
    _log_failed_trial(
2026-03-05 19:36:55,293 | 59050 | INFO | File "/Users/maxwellfung/UCB-USACE-RR-PROJECT/venv/lib/python3.11/site-packages/optuna/study/_optimize.py", line 282, in _log_failed_trial
    _logger.warning(f"Trial {trial_number} failed with value {repr(value_or_values)}.")
2026-03-05 19:36:55,293 | 59050 | INFO | File "/Library/Frameworks/Python.framework/Versions/3.11/lib/python3.11/logging/__init__.py", line 1501, in warning
    self._log(WARNING, msg, args, **kwargs)
2026-03-05 19:36:55,293 | 59050 | INFO | File "/Library/Frameworks/Python.framework/Versions/3.11/lib/python3.11/logging/__init__.py", line 1634, in _log
    self.handle(record)
2026-03-05 19:36:55,293 | 59050 | INFO | File "/Library/Frameworks/Python.framework/Versions/3.11/lib/python3.11/logging/__init__.py", line 1644, in handle
    self.callHandlers(record)
2026-03-05 19:36:55,293 | 59050 | INFO | File "/Library/Frameworks/Python.framework/Versions/3.11/lib/python3.11/logging/__init__.py", line 1706, in callHandlers
    hdlr.handle(record)
2026-03-05 19:36:55,293 | 59050 | INFO | File "/Library/Frameworks/Python.framework/Versions/3.11/lib/python3.11/logging/__init__.py", line 978, in handle
    self.emit(record)
2026-03-05 19:36:55,293 | 59050 | INFO | File "/Users/maxwellfung/UCB-USACE-RR-PROJECT/venv/lib/python3.11/site-packages/optuna/progress_bar.py", line 29, in emit
    self.handleError(record)
2026-03-05 19:36:55,293 | 59050 | INFO | Message: 'Trial 0 failed with value None.'
Arguments: ()
2026-03-05 19:36:55,293 | 59050 | INFO | 0%|          | 0/36 [00:21<?, ?it/s]
2026-03-05 19:36:55,293 | 59050 | INFO | Traceback (most recent call last):
2026-03-05 19:36:55,294 | 59050 | INFO | File "/Library/Frameworks/Python.framework/Versions/3.11/lib/python3.11/multiprocessing/pool.py", line 856, in next
2026-03-05 19:36:55,294 | 59050 | INFO | item = self._items.popleft()
2026-03-05 19:36:55,294 | 59050 | INFO | ^
2026-03-05 19:36:55,294 | 59050 | INFO | ^
2026-03-05 19:36:55,294 | 59050 | INFO | ^
2026-03-05 19:36:55,294 | 59050 | INFO | ^
2026-03-05 19:36:55,294 | 59050 | INFO | ^
2026-03-05 19:36:55,294 | 59050 | INFO | ^
2026-03-05 19:36:55,294 | 59050 | INFO | ^
2026-03-05 19:36:55,294 | 59050 | INFO | ^
2026-03-05 19:36:55,294 | 59050 | INFO | ^
2026-03-05 19:36:55,294 | 59050 | INFO | ^
2026-03-05 19:36:55,294 | 59050 | INFO | ^
2026-03-05 19:36:55,294 | 59050 | INFO | ^
2026-03-05 19:36:55,294 | 59050 | INFO | ^
2026-03-05 19:36:55,294 | 59050 | INFO | ^
2026-03-05 19:36:55,294 | 59050 | INFO | ^
2026-03-05 19:36:55,294 | 59050 | INFO | ^
2026-03-05 19:36:55,294 | 59050 | INFO | ^
2026-03-05 19:36:55,294 | 59050 | INFO | ^
2026-03-05 19:36:55,294 | 59050 | INFO | ^
2026-03-05 19:36:55,294 | 59050 | INFO | ^
2026-03-05 19:36:55,294 | 59050 | INFO | ^
2026-03-05 19:36:55,294 | 59050 | INFO | IndexError
2026-03-05 19:36:55,294 | 59050 | INFO | :
2026-03-05 19:36:55,294 | 59050 | INFO | pop from an empty deque
2026-03-05 19:36:55,294 | 59050 | INFO | During handling of the above exception, another exception occurred:
2026-03-05 19:36:55,294 | 59050 | INFO | Traceback (most recent call last):
2026-03-05 19:36:55,294 | 59050 | INFO | File "/Users/maxwellfung/UCB-USACE-RR-PROJECT/run_hyperparam_search.py", line 1294, in <module>
2026-03-05 19:36:55,295 | 59050 | INFO | main()
2026-03-05 19:36:55,295 | 59050 | INFO | File "/Users/maxwellfung/UCB-USACE-RR-PROJECT/run_hyperparam_search.py", line 982, in main
2026-03-05 19:36:55,295 | 59050 | INFO | study_no.optimize(
2026-03-05 19:36:55,295 | 59050 | INFO | File "/Users/maxwellfung/UCB-USACE-RR-PROJECT/venv/lib/python3.11/site-packages/optuna/study/study.py", line 490, in optimize
2026-03-05 19:36:55,295 | 59050 | INFO | _optimize(
2026-03-05 19:36:55,295 | 59050 | INFO | File "/Users/maxwellfung/UCB-USACE-RR-PROJECT/venv/lib/python3.11/site-packages/optuna/study/_optimize.py", line 68, in _optimize
2026-03-05 19:36:55,295 | 59050 | INFO | _optimize_sequential(
2026-03-05 19:36:55,295 | 59050 | INFO | File "/Users/maxwellfung/UCB-USACE-RR-PROJECT/venv/lib/python3.11/site-packages/optuna/study/_optimize.py", line 165, in _optimize_sequential
2026-03-05 19:36:55,295 | 59050 | INFO | frozen_trial_id = _run_trial(study, func, catch)
2026-03-05 19:36:55,295 | 59050 | INFO | ^
2026-03-05 19:36:55,295 | 59050 | INFO | ^
2026-03-05 19:36:55,295 | 59050 | INFO | ^
2026-03-05 19:36:55,295 | 59050 | INFO | ^
2026-03-05 19:36:55,295 | 59050 | INFO | ^
2026-03-05 19:36:55,295 | 59050 | INFO | ^
2026-03-05 19:36:55,295 | 59050 | INFO | ^
2026-03-05 19:36:55,295 | 59050 | INFO | ^
2026-03-05 19:36:55,296 | 59050 | INFO | ^
2026-03-05 19:36:55,296 | 59050 | INFO | ^
2026-03-05 19:36:55,296 | 59050 | INFO | ^
2026-03-05 19:36:55,296 | 59050 | INFO | ^
2026-03-05 19:36:55,296 | 59050 | INFO | ^
2026-03-05 19:36:55,296 | 59050 | INFO | ^
2026-03-05 19:36:55,296 | 59050 | INFO | ^
2026-03-05 19:36:55,296 | 59050 | INFO | ^
2026-03-05 19:36:55,296 | 59050 | INFO | ^
2026-03-05 19:36:55,296 | 59050 | INFO | ^
2026-03-05 19:36:55,296 | 59050 | INFO | ^
2026-03-05 19:36:55,296 | 59050 | INFO | ^
2026-03-05 19:36:55,296 | 59050 | INFO | ^
2026-03-05 19:36:55,296 | 59050 | INFO | ^
2026-03-05 19:36:55,296 | 59050 | INFO | ^
2026-03-05 19:36:55,296 | 59050 | INFO | ^
2026-03-05 19:36:55,296 | 59050 | INFO | ^
2026-03-05 19:36:55,296 | 59050 | INFO | ^
2026-03-05 19:36:55,296 | 59050 | INFO | ^
2026-03-05 19:36:55,296 | 59050 | INFO | ^
2026-03-05 19:36:55,296 | 59050 | INFO | ^
2026-03-05 19:36:55,296 | 59050 | INFO | ^
2026-03-05 19:36:55,296 | 59050 | INFO | File "/Users/maxwellfung/UCB-USACE-RR-PROJECT/venv/lib/python3.11/site-packages/optuna/study/_optimize.py", line 263, in _run_trial
2026-03-05 19:36:55,296 | 59050 | INFO | raise func_err
2026-03-05 19:36:55,296 | 59050 | INFO | File "/Users/maxwellfung/UCB-USACE-RR-PROJECT/venv/lib/python3.11/site-packages/optuna/study/_optimize.py", line 206, in _run_trial
2026-03-05 19:36:55,296 | 59050 | INFO | value_or_values = func(trial)
2026-03-05 19:36:55,296 | 59050 | INFO | ^
2026-03-05 19:36:55,296 | 59050 | INFO | ^
2026-03-05 19:36:55,296 | 59050 | INFO | ^
2026-03-05 19:36:55,296 | 59050 | INFO | ^
2026-03-05 19:36:55,296 | 59050 | INFO | ^
2026-03-05 19:36:55,296 | 59050 | INFO | ^
2026-03-05 19:36:55,297 | 59050 | INFO | ^
2026-03-05 19:36:55,297 | 59050 | INFO | ^
2026-03-05 19:36:55,297 | 59050 | INFO | ^
2026-03-05 19:36:55,297 | 59050 | INFO | ^
2026-03-05 19:36:55,297 | 59050 | INFO | ^
2026-03-05 19:36:55,297 | 59050 | INFO | File "/Users/maxwellfung/UCB-USACE-RR-PROJECT/run_hyperparam_search.py", line 966, in objective_no_physics
2026-03-05 19:36:55,297 | 59050 | INFO | return run_bayes_trial(trial, "no_physics")
2026-03-05 19:36:55,297 | 59050 | INFO | ^
2026-03-05 19:36:55,297 | 59050 | INFO | ^
2026-03-05 19:36:55,297 | 59050 | INFO | ^
2026-03-05 19:36:55,297 | 59050 | INFO | ^
2026-03-05 19:36:55,297 | 59050 | INFO | ^
2026-03-05 19:36:55,297 | 59050 | INFO | ^
2026-03-05 19:36:55,297 | 59050 | INFO | ^
2026-03-05 19:36:55,297 | 59050 | INFO | ^
2026-03-05 19:36:55,297 | 59050 | INFO | ^
2026-03-05 19:36:55,297 | 59050 | INFO | ^
2026-03-05 19:36:55,297 | 59050 | INFO | ^
2026-03-05 19:36:55,297 | 59050 | INFO | ^
2026-03-05 19:36:55,298 | 59050 | INFO | ^
2026-03-05 19:36:55,298 | 59050 | INFO | ^
2026-03-05 19:36:55,298 | 59050 | INFO | ^
2026-03-05 19:36:55,298 | 59050 | INFO | ^
2026-03-05 19:36:55,298 | 59050 | INFO | ^
2026-03-05 19:36:55,298 | 59050 | INFO | ^
2026-03-05 19:36:55,298 | 59050 | INFO | ^
2026-03-05 19:36:55,298 | 59050 | INFO | ^
2026-03-05 19:36:55,298 | 59050 | INFO | ^
2026-03-05 19:36:55,298 | 59050 | INFO | ^
2026-03-05 19:36:55,298 | 59050 | INFO | ^
2026-03-05 19:36:55,298 | 59050 | INFO | ^
2026-03-05 19:36:55,298 | 59050 | INFO | ^
2026-03-05 19:36:55,298 | 59050 | INFO | ^
2026-03-05 19:36:55,298 | 59050 | INFO | ^
2026-03-05 19:36:55,298 | 59050 | INFO | ^
2026-03-05 19:36:55,299 | 59050 | INFO | ^
2026-03-05 19:36:55,299 | 59050 | INFO | ^
2026-03-05 19:36:55,299 | 59050 | INFO | ^
2026-03-05 19:36:55,299 | 59050 | INFO | ^
2026-03-05 19:36:55,299 | 59050 | INFO | ^
2026-03-05 19:36:55,299 | 59050 | INFO | ^
2026-03-05 19:36:55,299 | 59050 | INFO | ^
2026-03-05 19:36:55,299 | 59050 | INFO | ^
2026-03-05 19:36:55,299 | 59050 | INFO | File "/Users/maxwellfung/UCB-USACE-RR-PROJECT/run_hyperparam_search.py", line 924, in run_bayes_trial
2026-03-05 19:36:55,299 | 59050 | INFO | for result in tqdm(
2026-03-05 19:36:55,299 | 59050 | INFO | File "/Users/maxwellfung/UCB-USACE-RR-PROJECT/venv/lib/python3.11/site-packages/tqdm/std.py", line 1181, in __iter__
2026-03-05 19:36:55,299 | 59050 | INFO | for obj in iterable:
2026-03-05 19:36:55,299 | 59050 | INFO | File "/Library/Frameworks/Python.framework/Versions/3.11/lib/python3.11/multiprocessing/pool.py", line 861, in next
2026-03-05 19:36:55,299 | 59050 | INFO | self._cond.wait(timeout)
2026-03-05 19:36:55,300 | 59050 | INFO | File "/Library/Frameworks/Python.framework/Versions/3.11/lib/python3.11/threading.py", line 320, in wait
2026-03-05 19:36:55,300 | 59050 | INFO | waiter.acquire()
2026-03-05 19:36:55,300 | 59050 | INFO | KeyboardInterrupt
