2026-03-04 15:18:38,187 | 2532 | INFO | [+   0.00s]
2026-03-04 15:18:38,187 | 2532 | INFO | Basin: guerneville, GPU: -1, Verbose: True
2026-03-04 15:18:38,187 | 2532 | INFO | [+   0.01s]
2026-03-04 15:18:38,187 | 2532 | INFO | Pre-warming numba JIT ...
2026-03-04 15:18:40,763 | 2532 | INFO | [+   2.59s]
2026-03-04 15:18:40,763 | 2532 | INFO | Numba JIT pre-compiled.
2026-03-04 15:18:40,763 | 2532 | INFO | YAML PATH:
2026-03-04 15:18:40,763 | 2532 | INFO | C:\Users\maxwell\UCB-USACE-RR-PROJECT\UCB_training\configs\guerneville_mtslstm2.yaml
2026-03-04 15:18:40,782 | 2532 | INFO | [+   2.60s]
2026-03-04 15:18:40,782 | 2532 | INFO | 48 combinations, 14 workers
2026-03-04 15:18:40,782 | 2532 | INFO | run_gridsearch =
2026-03-04 15:18:40,787 | 2532 | INFO | False
2026-03-04 15:18:40,790 | 2532 | INFO | hparams_exists =
2026-03-04 15:18:40,790 | 2532 | INFO | False
2026-03-04 15:18:40,791 | 2532 | INFO | [BAYESIAN OPTIMIZATION] Using 14 parallel workers
2026-03-04 15:18:40,791 | 2532 | INFO | No READ_STAMP provided — starting fresh.
2026-03-04 15:18:40,794 | 2532 | INFO | [Bayes] No-physics remaining trials: 42
2026-03-04 15:18:40,804 | 2532 | ERROR | --- Logging error ---
2026-03-04 15:18:40,812 | 2532 | ERROR | Traceback (most recent call last):
2026-03-04 15:18:40,813 | 2532 | ERROR | File "C:\Users\maxwell\AppData\Local\Python\pythoncore-3.11-64\Lib\logging\__init__.py", line 1110, in emit
    msg = self.format(record)
          ^^^^^^^^^^^^^^^^^^^
2026-03-04 15:18:40,814 | 2532 | ERROR | File "C:\Users\maxwell\AppData\Local\Python\pythoncore-3.11-64\Lib\logging\__init__.py", line 953, in format
    return fmt.format(record)
           ^^^^^^^^^^^^^^^^^^
2026-03-04 15:18:40,815 | 2532 | ERROR | File "C:\Users\maxwell\AppData\Local\Python\pythoncore-3.11-64\Lib\logging\__init__.py", line 690, in format
    s = self.formatMessage(record)
        ^^^^^^^^^^^^^^^^^^^^^^^^^^
2026-03-04 15:18:40,815 | 2532 | ERROR | File "C:\Users\maxwell\UCB-USACE-RR-PROJECT\venv\Lib\site-packages\colorlog\formatter.py", line 133, in formatMessage
    escapes = self._escape_code_map(record.levelname)
              ^^^^^^^^^^^^^^^^^^^^^^^^^^^^^^^^^^^^^^^
2026-03-04 15:18:40,816 | 2532 | ERROR | File "C:\Users\maxwell\UCB-USACE-RR-PROJECT\venv\Lib\site-packages\colorlog\formatter.py", line 149, in _escape_code_map
    if not self._colorize():
           ^^^^^^^^^^^^^^^^
2026-03-04 15:18:40,816 | 2532 | ERROR | File "C:\Users\maxwell\UCB-USACE-RR-PROJECT\venv\Lib\site-packages\colorlog\formatter.py", line 161, in _colorize
    if self.stream is not None and not self.stream.isatty():
                                       ^^^^^^^^^^^^^^^^^^^^
2026-03-04 15:18:40,817 | 2532 | ERROR | ValueError: I/O operation on closed file
2026-03-04 15:18:40,817 | 2532 | ERROR | Call stack:
2026-03-04 15:18:40,821 | 2532 | ERROR | File "C:\Users\maxwell\UCB-USACE-RR-PROJECT\run_hyperparam_search.py", line 852, in <module>
    main()
2026-03-04 15:18:40,821 | 2532 | ERROR | File "C:\Users\maxwell\UCB-USACE-RR-PROJECT\run_hyperparam_search.py", line 651, in main
    study_no = optuna.create_study(
2026-03-04 15:18:40,822 | 2532 | ERROR | File "C:\Users\maxwell\UCB-USACE-RR-PROJECT\venv\Lib\site-packages\optuna\_convert_positional_args.py", line 134, in converter_wrapper
    return func(**kwargs)  # type: ignore[call-arg]
2026-03-04 15:18:40,823 | 2532 | ERROR | File "C:\Users\maxwell\UCB-USACE-RR-PROJECT\venv\Lib\site-packages\optuna\study\study.py", line 1297, in create_study
    study_id = storage.create_new_study(direction_objects, study_name)
2026-03-04 15:18:40,823 | 2532 | ERROR | File "C:\Users\maxwell\UCB-USACE-RR-PROJECT\venv\Lib\site-packages\optuna\storages\journal\_storage.py", line 166, in create_new_study
    _logger.info("A new study created in Journal with name: {}".format(study_name))
2026-03-04 15:18:40,824 | 2532 | ERROR | Message: 'A new study created in Journal with name: journal_storage_multiprocess'
Arguments: ()
2026-03-04 15:21:26,593 | 2532 | ERROR | multiprocessing.pool
2026-03-04 15:21:26,593 | 2532 | ERROR | .
2026-03-04 15:21:26,593 | 2532 | ERROR | RemoteTraceback
2026-03-04 15:21:26,593 | 2532 | ERROR | :
2026-03-04 15:21:26,593 | 2532 | ERROR | """
Traceback (most recent call last):
  File "C:\Users\maxwell\AppData\Local\Python\pythoncore-3.11-64\Lib\multiprocessing\pool.py", line 125, in worker
    result = (True, func(*args, **kwds))
                    ^^^^^^^^^^^^^^^^^^^
  File "C:\Users\maxwell\AppData\Local\Python\pythoncore-3.11-64\Lib\multiprocessing\pool.py", line 48, in mapstar
    return list(map(*args))
           ^^^^^^^^^^^^^^^^
  File "C:\Users\maxwell\UCB-USACE-RR-PROJECT\run_hyperparam_search.py", line 524, in run_no_physics_worker
    study.optimize(objective_no_physics,
  File "C:\Users\maxwell\UCB-USACE-RR-PROJECT\venv\Lib\site-packages\optuna\study\study.py", line 490, in optimize
    _optimize(
  File "C:\Users\maxwell\UCB-USACE-RR-PROJECT\venv\Lib\site-packages\optuna\study\_optimize.py", line 68, in _optimize
    _optimize_sequential(
  File "C:\Users\maxwell\UCB-USACE-RR-PROJECT\venv\Lib\site-packages\optuna\study\_optimize.py", line 165, in _optimize_sequential
    frozen_trial_id = _run_trial(study, func, catch)
                      ^^^^^^^^^^^^^^^^^^^^^^^^^^^^^^
  File "C:\Users\maxwell\UCB-USACE-RR-PROJECT\venv\Lib\site-packages\optuna\study\_optimize.py", line 263, in _run_trial
    raise func_err
  File "C:\Users\maxwell\UCB-USACE-RR-PROJECT\venv\Lib\site-packages\optuna\study\_optimize.py", line 206, in _run_trial
    value_or_values = func(trial)
                      ^^^^^^^^^^^
  File "C:\Users\maxwell\UCB-USACE-RR-PROJECT\run_hyperparam_search.py", line 419, in objective_no_physics
    result = run_single_experiment_nophysics(args)
             ^^^^^^^^^^^^^^^^^^^^^^^^^^^^^^^^^^^^^
  File "C:\Users\maxwell\UCB-USACE-RR-PROJECT\UCB_training\grid_search_workers.py", line 96, in run_single_experiment_nophysics
    result = _run_and_collect(trainer, is_mts, use_cv, cv_month, cv_interval, cv_val_len)
             ^^^^^^^^^^^^^^^^^^^^^^^^^^^^^^^^^^^^^^^^^^^^^^^^^^^^^^^^^^^^^^^^^^^^^^^^^^^^
  File "C:\Users\maxwell\UCB-USACE-RR-PROJECT\UCB_training\grid_search_workers.py", line 45, in _run_and_collect
    trainer.train()
  File "C:\Users\maxwell\UCB-USACE-RR-PROJECT\UCB_training\UCB_train.py", line 400, in train
    path = self._train_model()
           ^^^^^^^^^^^^^^^^^^^
  File "C:\Users\maxwell\UCB-USACE-RR-PROJECT\UCB_training\UCB_train.py", line 1026, in _train_model
    start_training(self._config)
  File "C:\Users\maxwell\UCB-USACE-RR-PROJECT\neuralhydrology\training\train.py", line 20, in start_training
    trainer.train_and_validate()
  File "C:\Users\maxwell\UCB-USACE-RR-PROJECT\neuralhydrology\training\basetrainer.py", line 237, in train_and_validate
    if epoch % self.cfg.save_weights_every == 0:
       ~~~~~~^~~~~~~~~~~~~~~~~~~~~~~~~~~~~
ZeroDivisionError: integer modulo by zero
"""
2026-03-04 15:21:26,593 | 2532 | ERROR | The above exception was the direct cause of the following exception:
2026-03-04 15:21:26,593 | 2532 | ERROR | Traceback (most recent call last):
2026-03-04 15:21:26,593 | 2532 | ERROR | File "C:\Users\maxwell\UCB-USACE-RR-PROJECT\run_hyperparam_search.py", line 852, in <module>
2026-03-04 15:21:26,593 | 2532 | ERROR | main()
2026-03-04 15:21:26,607 | 2532 | ERROR | File "C:\Users\maxwell\UCB-USACE-RR-PROJECT\run_hyperparam_search.py", line 665, in main
2026-03-04 15:21:26,608 | 2532 | ERROR | pool.map(run_no_physics_worker, worker_args)
2026-03-04 15:21:26,610 | 2532 | ERROR | File "C:\Users\maxwell\AppData\Local\Python\pythoncore-3.11-64\Lib\multiprocessing\pool.py", line 367, in map
2026-03-04 15:21:26,611 | 2532 | ERROR | return self._map_async(func, iterable, mapstar, chunksize).get()
2026-03-04 15:21:26,611 | 2532 | ERROR | ^
2026-03-04 15:21:26,612 | 2532 | ERROR | ^
2026-03-04 15:21:26,613 | 2532 | ERROR | ^
2026-03-04 15:21:26,613 | 2532 | ERROR | ^
2026-03-04 15:21:26,614 | 2532 | ERROR | ^
2026-03-04 15:21:26,615 | 2532 | ERROR | ^
2026-03-04 15:21:26,616 | 2532 | ERROR | ^
2026-03-04 15:21:26,616 | 2532 | ERROR | ^
2026-03-04 15:21:26,617 | 2532 | ERROR | ^
2026-03-04 15:21:26,618 | 2532 | ERROR | ^
2026-03-04 15:21:26,618 | 2532 | ERROR | ^
2026-03-04 15:21:26,619 | 2532 | ERROR | ^
2026-03-04 15:21:26,620 | 2532 | ERROR | ^
2026-03-04 15:21:26,620 | 2532 | ERROR | ^
2026-03-04 15:21:26,621 | 2532 | ERROR | ^
2026-03-04 15:21:26,621 | 2532 | ERROR | ^
2026-03-04 15:21:26,622 | 2532 | ERROR | ^
2026-03-04 15:21:26,623 | 2532 | ERROR | ^
2026-03-04 15:21:26,623 | 2532 | ERROR | ^
2026-03-04 15:21:26,624 | 2532 | ERROR | ^
2026-03-04 15:21:26,624 | 2532 | ERROR | ^
2026-03-04 15:21:26,625 | 2532 | ERROR | ^
2026-03-04 15:21:26,625 | 2532 | ERROR | ^
2026-03-04 15:21:26,626 | 2532 | ERROR | ^
2026-03-04 15:21:26,626 | 2532 | ERROR | ^
2026-03-04 15:21:26,627 | 2532 | ERROR | ^
2026-03-04 15:21:26,627 | 2532 | ERROR | ^
2026-03-04 15:21:26,629 | 2532 | ERROR | ^
2026-03-04 15:21:26,630 | 2532 | ERROR | ^
2026-03-04 15:21:26,630 | 2532 | ERROR | ^
2026-03-04 15:21:26,631 | 2532 | ERROR | ^
2026-03-04 15:21:26,632 | 2532 | ERROR | ^
2026-03-04 15:21:26,632 | 2532 | ERROR | ^
2026-03-04 15:21:26,633 | 2532 | ERROR | ^
2026-03-04 15:21:26,633 | 2532 | ERROR | ^
2026-03-04 15:21:26,634 | 2532 | ERROR | ^
2026-03-04 15:21:26,635 | 2532 | ERROR | ^
2026-03-04 15:21:26,635 | 2532 | ERROR | ^
2026-03-04 15:21:26,636 | 2532 | ERROR | ^
2026-03-04 15:21:26,637 | 2532 | ERROR | ^
2026-03-04 15:21:26,637 | 2532 | ERROR | ^
2026-03-04 15:21:26,638 | 2532 | ERROR | ^
2026-03-04 15:21:26,638 | 2532 | ERROR | ^
2026-03-04 15:21:26,639 | 2532 | ERROR | ^
2026-03-04 15:21:26,640 | 2532 | ERROR | ^
2026-03-04 15:21:26,640 | 2532 | ERROR | ^
2026-03-04 15:21:26,641 | 2532 | ERROR | ^
2026-03-04 15:21:26,641 | 2532 | ERROR | ^
2026-03-04 15:21:26,642 | 2532 | ERROR | ^
2026-03-04 15:21:26,643 | 2532 | ERROR | ^
2026-03-04 15:21:26,643 | 2532 | ERROR | ^
2026-03-04 15:21:26,644 | 2532 | ERROR | ^
2026-03-04 15:21:26,644 | 2532 | ERROR | ^
2026-03-04 15:21:26,645 | 2532 | ERROR | ^
2026-03-04 15:21:26,646 | 2532 | ERROR | ^
2026-03-04 15:21:26,646 | 2532 | ERROR | ^
2026-03-04 15:21:26,647 | 2532 | ERROR | ^
2026-03-04 15:21:26,647 | 2532 | ERROR | File "C:\Users\maxwell\AppData\Local\Python\pythoncore-3.11-64\Lib\multiprocessing\pool.py", line 774, in get
2026-03-04 15:21:26,649 | 2532 | ERROR | raise self._value
2026-03-04 15:21:26,649 | 2532 | ERROR | ZeroDivisionError
2026-03-04 15:21:26,650 | 2532 | ERROR | :
2026-03-04 15:21:26,650 | 2532 | ERROR | integer modulo by zero
