2026-03-05 19:43:07,393 | 60197 | INFO | [+   0.00s]
2026-03-05 19:43:07,393 | 60197 | INFO | Basin: guerneville, GPU: -1, Verbose: True
2026-03-05 19:43:07,393 | 60197 | INFO | [+   0.00s]
2026-03-05 19:43:07,393 | 60197 | INFO | Pre-warming numba JIT ...
2026-03-05 19:43:07,930 | 60197 | INFO | [+   0.54s]
2026-03-05 19:43:07,930 | 60197 | INFO | Numba JIT pre-compiled.
2026-03-05 19:43:07,930 | 60197 | INFO | YAML PATH:
2026-03-05 19:43:07,930 | 60197 | INFO | /Users/maxwellfung/UCB-USACE-RR-PROJECT/UCB_training/configs/guerneville_mtslstm2.yaml
2026-03-05 19:43:07,930 | 60197 | INFO | [+   0.54s]
2026-03-05 19:43:07,930 | 60197 | INFO | 48 combinations, 9 workers
2026-03-05 19:43:07,930 | 60197 | INFO | run_gridsearch =
2026-03-05 19:43:07,930 | 60197 | INFO | False
2026-03-05 19:43:07,930 | 60197 | INFO | hparams_exists =
2026-03-05 19:43:07,930 | 60197 | INFO | False
2026-03-05 19:43:07,933 | 60197 | INFO | [EXTERNAL CV FOLDS]
2026-03-05 19:43:07,933 | 60197 | INFO | fold 1: train 01/10/1994 -> 01/10/1996 | val 02/10/1996 -> 01/10/1997 | eval 02/10/1996 -> 01/10/1997
2026-03-05 19:43:07,933 | 60197 | INFO | fold 2: train 01/10/1994 -> 01/10/1998 | val 02/10/1998 -> 01/10/1999 | eval 02/10/1998 -> 01/10/1999
2026-03-05 19:43:07,933 | 60197 | INFO | fold 3: train 01/10/1994 -> 01/10/2000 | val 02/10/2000 -> 01/10/2001 | eval 02/10/2000 -> 01/10/2001
2026-03-05 19:43:07,933 | 60197 | INFO | fold 4: train 01/10/1994 -> 01/10/2002 | val 02/10/2002 -> 01/10/2003 | eval 02/10/2002 -> 01/10/2003
2026-03-05 19:43:07,933 | 60197 | INFO | fold 5: train 01/10/1994 -> 01/10/2004 | val 02/10/2004 -> 01/10/2005 | eval 02/10/2004 -> 01/10/2005
2026-03-05 19:43:07,933 | 60197 | INFO | [EXTERNAL CV FOLDS] total folds = 5
2026-03-05 19:43:07,933 | 60197 | INFO | [BAYESIAN OPTIMIZATION] Using 9 parallel workers
2026-03-05 19:43:07,934 | 60197 | INFO | [BAYES] no_physics: 1 parallel trials x 5 folds = up to 5 workers
2026-03-05 19:43:07,946 | 60197 | INFO | Bayes No-Physics Trials:   0%|                         | 0/1 [00:00<?, ?trial/s]
2026-03-05 19:43:09,184 | 60197 | INFO | Bayes No-Physics Trials:   0%|                         | 0/1 [00:01<?, ?trial/s]
2026-03-05 19:43:09,188 | 60197 | INFO | multiprocessing.pool
2026-03-05 19:43:09,189 | 60197 | INFO | .
2026-03-05 19:43:09,189 | 60197 | INFO | RemoteTraceback
2026-03-05 19:43:09,189 | 60197 | INFO | :
2026-03-05 19:43:09,189 | 60197 | INFO | """
Traceback (most recent call last):
  File "/Library/Frameworks/Python.framework/Versions/3.11/lib/python3.11/multiprocessing/pool.py", line 125, in worker
    result = (True, func(*args, **kwds))
                    ^^^^^^^^^^^^^^^^^^^
  File "/Users/maxwellfung/UCB-USACE-RR-PROJECT/run_hyperparam_search.py", line 810, in run_parallel_bayes_worker
    EXTERNAL_CV_FOLDS = generate_cv_folds_external(
                        ^^^^^^^^^^^^^^^^^^^^^^^^^^^
  File "/Users/maxwellfung/UCB-USACE-RR-PROJECT/run_hyperparam_search.py", line 599, in generate_cv_folds_external
    cfg = Config(yaml_path, dev_mode=True)
          ^^^^^^^^^^^^^^^^^^^^^^^^^^^^^^^^
  File "/Users/maxwellfung/UCB-USACE-RR-PROJECT/neuralhydrology/utils/config.py", line 49, in __init__
    raise ValueError(f'Cannot create a config from input of type {type(yml_path_or_dict)}.')
ValueError: Cannot create a config from input of type <class 'NoneType'>.
"""
2026-03-05 19:43:09,189 | 60197 | INFO | The above exception was the direct cause of the following exception:
2026-03-05 19:43:09,189 | 60197 | INFO | Traceback (most recent call last):
2026-03-05 19:43:09,189 | 60197 | INFO | File "/Users/maxwellfung/UCB-USACE-RR-PROJECT/run_hyperparam_search.py", line 1371, in <module>
2026-03-05 19:43:09,189 | 60197 | INFO | main()
2026-03-05 19:43:09,189 | 60197 | INFO | File "/Users/maxwellfung/UCB-USACE-RR-PROJECT/run_hyperparam_search.py", line 1034, in main
2026-03-05 19:43:09,189 | 60197 | INFO | list(tqdm(
2026-03-05 19:43:09,189 | 60197 | INFO | File "/Users/maxwellfung/UCB-USACE-RR-PROJECT/venv/lib/python3.11/site-packages/tqdm/std.py", line 1181, in __iter__
2026-03-05 19:43:09,189 | 60197 | INFO | for obj in iterable:
2026-03-05 19:43:09,189 | 60197 | INFO | File "/Library/Frameworks/Python.framework/Versions/3.11/lib/python3.11/multiprocessing/pool.py", line 873, in next
2026-03-05 19:43:09,189 | 60197 | INFO | raise value
2026-03-05 19:43:09,189 | 60197 | INFO | ValueError
2026-03-05 19:43:09,189 | 60197 | INFO | :
2026-03-05 19:43:09,189 | 60197 | INFO | Cannot create a config from input of type <class 'NoneType'>.
