2026-03-05 19:41:35,563 | 59800 | INFO | [+   0.00s]
2026-03-05 19:41:35,563 | 59800 | INFO | Basin: guerneville, GPU: -1, Verbose: True
2026-03-05 19:41:35,563 | 59800 | INFO | [+   0.00s]
2026-03-05 19:41:35,563 | 59800 | INFO | Pre-warming numba JIT ...
2026-03-05 19:41:36,131 | 59800 | INFO | [+   0.57s]
2026-03-05 19:41:36,131 | 59800 | INFO | Numba JIT pre-compiled.
2026-03-05 19:41:36,131 | 59800 | INFO | YAML PATH:
2026-03-05 19:41:36,131 | 59800 | INFO | /Users/maxwellfung/UCB-USACE-RR-PROJECT/UCB_training/configs/guerneville_mtslstm2.yaml
2026-03-05 19:41:36,131 | 59800 | INFO | [+   0.57s]
2026-03-05 19:41:36,131 | 59800 | INFO | 48 combinations, 9 workers
2026-03-05 19:41:36,131 | 59800 | INFO | run_gridsearch =
2026-03-05 19:41:36,131 | 59800 | INFO | False
2026-03-05 19:41:36,131 | 59800 | INFO | hparams_exists =
2026-03-05 19:41:36,131 | 59800 | INFO | False
2026-03-05 19:41:36,134 | 59800 | INFO | [EXTERNAL CV FOLDS]
2026-03-05 19:41:36,134 | 59800 | INFO | fold 1: train 01/10/1994 -> 01/10/1996 | val 02/10/1996 -> 01/10/1997 | eval 02/10/1996 -> 01/10/1997
2026-03-05 19:41:36,134 | 59800 | INFO | fold 2: train 01/10/1994 -> 01/10/1998 | val 02/10/1998 -> 01/10/1999 | eval 02/10/1998 -> 01/10/1999
2026-03-05 19:41:36,134 | 59800 | INFO | fold 3: train 01/10/1994 -> 01/10/2000 | val 02/10/2000 -> 01/10/2001 | eval 02/10/2000 -> 01/10/2001
2026-03-05 19:41:36,134 | 59800 | INFO | fold 4: train 01/10/1994 -> 01/10/2002 | val 02/10/2002 -> 01/10/2003 | eval 02/10/2002 -> 01/10/2003
2026-03-05 19:41:36,134 | 59800 | INFO | fold 5: train 01/10/1994 -> 01/10/2004 | val 02/10/2004 -> 01/10/2005 | eval 02/10/2004 -> 01/10/2005
2026-03-05 19:41:36,134 | 59800 | INFO | [EXTERNAL CV FOLDS] total folds = 5
2026-03-05 19:41:36,134 | 59800 | INFO | [BAYESIAN OPTIMIZATION] Using 9 parallel workers
2026-03-05 19:41:36,135 | 59800 | INFO | [BAYES] no_physics: 1 parallel trials x 5 folds = up to 5 workers
2026-03-05 19:41:36,147 | 59800 | INFO | Bayes No-Physics Trials:   0%|                         | 0/1 [00:00<?, ?trial/s]
2026-03-05 19:41:37,410 | 59800 | INFO | Bayes No-Physics Trials:   0%|                         | 0/1 [00:01<?, ?trial/s]
2026-03-05 19:41:37,421 | 59800 | INFO | multiprocessing.pool
2026-03-05 19:41:37,421 | 59800 | INFO | .
2026-03-05 19:41:37,421 | 59800 | INFO | RemoteTraceback
2026-03-05 19:41:37,421 | 59800 | INFO | :
2026-03-05 19:41:37,421 | 59800 | INFO | """
Traceback (most recent call last):
  File "/Library/Frameworks/Python.framework/Versions/3.11/lib/python3.11/multiprocessing/pool.py", line 125, in worker
    result = (True, func(*args, **kwds))
                    ^^^^^^^^^^^^^^^^^^^
  File "/Users/maxwellfung/UCB-USACE-RR-PROJECT/run_hyperparam_search.py", line 829, in run_parallel_bayes_worker
    storage=JournalStorage(JournalFileBackend(file_path=str(journal_path))),
                           ^^^^^^^^^^^^^^^^^^^^^^^^^^^^^^^^^^^^^^^^^^^^^^^
  File "/Users/maxwellfung/UCB-USACE-RR-PROJECT/venv/lib/python3.11/site-packages/optuna/storages/journal/_file.py", line 63, in __init__
    open(self._file_path, "ab").close()  # Create a file if it does not exist.
    ^^^^^^^^^^^^^^^^^^^^^^^^^^^
FileNotFoundError: [Errno 2] No such file or directory: '/Users/maxwellfung/UCB-USACE-RR-PROJECT/outputs/guerneville/mts_shared/runs/CROSS_VAL_V4_20260306T034137Z/CROSS_VAL_V4_20260306T034137Z_nophys_journal.log'
"""
2026-03-05 19:41:37,421 | 59800 | INFO | The above exception was the direct cause of the following exception:
2026-03-05 19:41:37,421 | 59800 | INFO | Traceback (most recent call last):
2026-03-05 19:41:37,421 | 59800 | INFO | File "/Users/maxwellfung/UCB-USACE-RR-PROJECT/run_hyperparam_search.py", line 1360, in <module>
2026-03-05 19:41:37,421 | 59800 | INFO | main()
2026-03-05 19:41:37,421 | 59800 | INFO | File "/Users/maxwellfung/UCB-USACE-RR-PROJECT/run_hyperparam_search.py", line 1023, in main
2026-03-05 19:41:37,422 | 59800 | INFO | list(tqdm(
2026-03-05 19:41:37,422 | 59800 | INFO | File "/Users/maxwellfung/UCB-USACE-RR-PROJECT/venv/lib/python3.11/site-packages/tqdm/std.py", line 1181, in __iter__
2026-03-05 19:41:37,422 | 59800 | INFO | for obj in iterable:
2026-03-05 19:41:37,422 | 59800 | INFO | File "/Library/Frameworks/Python.framework/Versions/3.11/lib/python3.11/multiprocessing/pool.py", line 873, in next
2026-03-05 19:41:37,422 | 59800 | INFO | raise value
2026-03-05 19:41:37,422 | 59800 | INFO | FileNotFoundError
2026-03-05 19:41:37,422 | 59800 | INFO | :
2026-03-05 19:41:37,422 | 59800 | INFO | [Errno 2] No such file or directory: '/Users/maxwellfung/UCB-USACE-RR-PROJECT/outputs/guerneville/mts_shared/runs/CROSS_VAL_V4_20260306T034137Z/CROSS_VAL_V4_20260306T034137Z_nophys_journal.log'
