2026-03-04 02:00:16,259 | 1109211 | INFO | Logging to logs/gridsearch_20260304T100016Z.log
2026-03-04 02:00:16,264 | 1109211 | INFO | [+   0.04s]
2026-03-04 02:00:16,264 | 1109211 | INFO | Basin: guerneville, GPU: -1, Verbose: True
2026-03-04 02:00:16,264 | 1109211 | INFO | [+   0.04s]
2026-03-04 02:00:16,264 | 1109211 | INFO | Pre-warming numba JIT ...
2026-03-04 02:00:19,700 | 1109211 | INFO | [+   3.47s]
2026-03-04 02:00:19,704 | 1109211 | INFO | Numba JIT pre-compiled.
2026-03-04 02:00:19,860 | 1109211 | INFO | [+   3.63s]
2026-03-04 02:00:19,860 | 1109211 | INFO | 48 combinations, 48 workers
2026-03-04 02:00:19,860 | 1109211 | INFO | run_gridsearch =
2026-03-04 02:00:19,860 | 1109211 | INFO | True
2026-03-04 02:00:19,886 | 1109211 | INFO | hparams_exists =
2026-03-04 02:00:19,886 | 1109211 | INFO | False
2026-03-04 02:00:19,909 | 1109211 | INFO | No READ_STAMP provided — starting fresh.
2026-03-04 02:00:19,927 | 1109211 | INFO | No READ_STAMP provided — starting fresh.
2026-03-04 02:00:19,927 | 1109211 | INFO | [Grid] Skipping first 0 no-physics trials
2026-03-04 02:00:19,927 | 1109211 | INFO | [Grid] Skipping first 0 physics trials
2026-03-04 02:00:19,927 | 1109211 | INFO | [GRID SEARCH] Spawning 48 workers
2026-03-04 02:00:20,123 | 1109211 | ERROR | Grid No-Physics:   0%|               | 0/48 [00:00<?, ?it/s]
2026-03-04 02:02:42,913 | 1109211 | ERROR | Grid No-Physics:   2%|    | 1/48 [02:22<1:51:51, 142.79s/it]
2026-03-04 02:03:05,993 | 1109211 | ERROR | Grid No-Physics:   6%|4      | 3/48 [02:45<34:10, 45.57s/it]
2026-03-04 02:03:06,115 | 1109211 | ERROR | Grid No-Physics:  12%|8      | 6/48 [02:45<12:20, 17.64s/it]
2026-03-04 02:03:06,269 | 1109211 | ERROR | Grid No-Physics:  19%|#3     | 9/48 [02:46<06:07,  9.42s/it]
2026-03-04 02:03:06,405 | 1109211 | ERROR | Grid No-Physics:  25%|#5    | 12/48 [02:46<03:24,  5.67s/it]
2026-03-04 02:03:06,513 | 1109211 | ERROR | Grid No-Physics:  31%|#8    | 15/48 [02:46<01:59,  3.62s/it]
2026-03-04 02:03:06,642 | 1109211 | ERROR | Grid No-Physics:  38%|##2   | 18/48 [02:46<01:11,  2.40s/it]
2026-03-04 02:03:09,028 | 1109211 | ERROR | Grid No-Physics:  44%|##6   | 21/48 [02:48<00:50,  1.87s/it]
2026-03-04 02:03:09,157 | 1109211 | ERROR | Grid No-Physics:  50%|###   | 24/48 [02:49<00:30,  1.29s/it]
2026-03-04 02:03:12,703 | 1109211 | ERROR | Grid No-Physics:  56%|###3  | 27/48 [02:52<00:26,  1.25s/it]
2026-03-04 02:03:15,531 | 1109211 | ERROR | Grid No-Physics:  62%|###7  | 30/48 [02:55<00:20,  1.16s/it]
2026-03-04 02:03:15,664 | 1109211 | ERROR | Grid No-Physics:  69%|####1 | 33/48 [02:55<00:12,  1.22it/s]
2026-03-04 02:03:15,783 | 1109211 | ERROR | Grid No-Physics:  75%|####5 | 36/48 [02:55<00:06,  1.72it/s]
2026-03-04 02:03:17,525 | 1109211 | ERROR | Grid No-Physics:  79%|####7 | 38/48 [02:57<00:06,  1.55it/s]
2026-03-04 02:03:30,081 | 1109211 | ERROR | Grid No-Physics:  79%|####7 | 38/48 [03:09<00:06,  1.55it/s]
2026-03-04 02:03:55,329 | 1109211 | ERROR | Grid No-Physics:  81%|####8 | 39/48 [03:35<00:52,  5.79s/it]
2026-03-04 02:03:55,481 | 1109211 | ERROR | Grid No-Physics:  85%|#####1| 41/48 [03:35<00:29,  4.17s/it]
2026-03-04 02:03:55,591 | 1109211 | ERROR | Grid No-Physics:  92%|#####5| 44/48 [03:35<00:10,  2.61s/it]
2026-03-04 02:03:55,711 | 1109211 | ERROR | Grid No-Physics:  98%|#####8| 47/48 [03:35<00:01,  1.71s/it]
2026-03-04 02:03:55,746 | 1109211 | ERROR | Grid No-Physics: 100%|######| 48/48 [03:35<00:00,  4.49s/it]
2026-03-04 02:03:56,564 | 1109211 | ERROR | Grid Physics:   0%|                  | 0/48 [00:00<?, ?it/s]
2026-03-04 02:08:17,591 | 1109211 | ERROR | Grid Physics:   2%|1      | 1/48 [04:21<3:24:28, 261.03s/it]
2026-03-04 02:08:40,934 | 1109211 | ERROR | Grid Physics:   6%|6         | 3/48 [04:44<57:14, 76.32s/it]
2026-03-04 02:09:00,921 | 1109211 | ERROR | Grid Physics:  10%|#         | 5/48 [05:04<30:15, 42.22s/it]
2026-03-04 02:09:01,028 | 1109211 | ERROR | Grid Physics:  17%|#6        | 8/48 [05:04<13:24, 20.11s/it]
2026-03-04 02:09:01,158 | 1109211 | ERROR | Grid Physics:  23%|##       | 11/48 [05:04<07:06, 11.52s/it]
2026-03-04 02:09:12,831 | 1109211 | ERROR | Grid Physics:  29%|##6      | 14/48 [05:16<04:53,  8.62s/it]
2026-03-04 02:09:19,207 | 1109211 | ERROR | Grid Physics:  33%|###      | 16/48 [05:22<03:49,  7.18s/it]
2026-03-04 02:09:19,320 | 1109211 | ERROR | Grid Physics:  40%|###5     | 19/48 [05:22<02:13,  4.59s/it]
2026-03-04 02:09:19,437 | 1109211 | ERROR | Grid Physics:  46%|####1    | 22/48 [05:22<01:18,  3.04s/it]
2026-03-04 02:09:21,911 | 1109211 | ERROR | Grid Physics:  52%|####6    | 25/48 [05:25<00:53,  2.31s/it]
2026-03-04 02:09:22,018 | 1109211 | ERROR | Grid Physics:  56%|#####    | 27/48 [05:25<00:37,  1.77s/it]
2026-03-04 02:09:22,141 | 1109211 | ERROR | Grid Physics:  62%|#####6   | 30/48 [05:25<00:21,  1.19s/it]
2026-03-04 02:09:22,249 | 1109211 | ERROR | Grid Physics:  67%|######   | 32/48 [05:25<00:14,  1.10it/s]
2026-03-04 02:09:31,290 | 1109211 | ERROR | Grid Physics:  71%|######3  | 34/48 [05:34<00:25,  1.84s/it]
2026-03-04 02:09:31,435 | 1109211 | ERROR | Grid Physics:  77%|######9  | 37/48 [05:34<00:13,  1.20s/it]
2026-03-04 02:09:35,368 | 1109211 | ERROR | Grid Physics:  81%|#######3 | 39/48 [05:38<00:12,  1.40s/it]
2026-03-04 02:09:50,090 | 1109211 | ERROR | Grid Physics:  81%|#######3 | 39/48 [05:53<00:12,  1.40s/it]
2026-03-04 02:10:03,267 | 1109211 | ERROR | Grid Physics:  83%|#######5 | 40/48 [06:06<00:43,  5.46s/it]
2026-03-04 02:10:03,387 | 1109211 | ERROR | Grid Physics:  90%|######## | 43/48 [06:06<00:16,  3.31s/it]
2026-03-04 02:10:03,489 | 1109211 | ERROR | Grid Physics:  94%|########4| 45/48 [06:06<00:07,  2.42s/it]
2026-03-04 02:10:03,617 | 1109211 | ERROR | Grid Physics: 100%|#########| 48/48 [06:07<00:00,  1.54s/it]
2026-03-04 02:10:03,617 | 1109211 | ERROR | Grid Physics: 100%|#########| 48/48 [06:07<00:00,  7.65s/it]
2026-03-04 02:10:04,803 | 1109211 | INFO | run_gridsearch =
2026-03-04 02:10:04,803 | 1109211 | INFO | True
2026-03-04 02:10:04,822 | 1109211 | INFO | hparams_exists =
2026-03-04 02:10:04,822 | 1109211 | INFO | True
