2026-03-05 19:58:42,630 | 63851 | INFO | [+   0.00s]
2026-03-05 19:58:42,630 | 63851 | INFO | Basin: guerneville, GPU: -1, Verbose: True
2026-03-05 19:58:42,630 | 63851 | INFO | [+   0.00s]
2026-03-05 19:58:42,630 | 63851 | INFO | Pre-warming numba JIT ...
2026-03-05 19:58:43,185 | 63851 | INFO | [+   0.56s]
2026-03-05 19:58:43,185 | 63851 | INFO | Numba JIT pre-compiled.
2026-03-05 19:58:43,186 | 63851 | INFO | YAML PATH:
2026-03-05 19:58:43,186 | 63851 | INFO | /Users/maxwellfung/UCB-USACE-RR-PROJECT/UCB_training/configs/guerneville_mtslstm2.yaml
2026-03-05 19:58:43,186 | 63851 | INFO | [+   0.56s]
2026-03-05 19:58:43,186 | 63851 | INFO | 48 combinations, 9 workers
2026-03-05 19:58:43,186 | 63851 | INFO | run_gridsearch =
2026-03-05 19:58:43,186 | 63851 | INFO | False
2026-03-05 19:58:43,186 | 63851 | INFO | hparams_exists =
2026-03-05 19:58:43,186 | 63851 | INFO | False
2026-03-05 19:58:43,189 | 63851 | INFO | [EXTERNAL CV FOLDS]
2026-03-05 19:58:43,189 | 63851 | INFO | fold 1: train 01/10/1994 -> 01/10/1996 | val 02/10/1996 -> 01/10/1997 | eval 02/10/1996 -> 01/10/1997
2026-03-05 19:58:43,189 | 63851 | INFO | fold 2: train 01/10/1994 -> 01/10/1998 | val 02/10/1998 -> 01/10/1999 | eval 02/10/1998 -> 01/10/1999
2026-03-05 19:58:43,189 | 63851 | INFO | fold 3: train 01/10/1994 -> 01/10/2000 | val 02/10/2000 -> 01/10/2001 | eval 02/10/2000 -> 01/10/2001
2026-03-05 19:58:43,189 | 63851 | INFO | fold 4: train 01/10/1994 -> 01/10/2002 | val 02/10/2002 -> 01/10/2003 | eval 02/10/2002 -> 01/10/2003
2026-03-05 19:58:43,189 | 63851 | INFO | fold 5: train 01/10/1994 -> 01/10/2004 | val 02/10/2004 -> 01/10/2005 | eval 02/10/2004 -> 01/10/2005
2026-03-05 19:58:43,189 | 63851 | INFO | [EXTERNAL CV FOLDS] total folds = 5
2026-03-05 19:58:43,189 | 63851 | INFO | [BAYESIAN OPTIMIZATION] Using 9 parallel workers
2026-03-05 19:58:43,190 | 63851 | INFO | [BAYES] no_physics: 2 parallel trials x 5 folds = up to 10 workers
2026-03-05 19:59:40,718 | 63851 | INFO | [TRIAL COMPLETE] trial 1 no_physics NSE_1D=0.40402 NSE_1H=0.49280
2026-03-05 19:59:41,840 | 63851 | INFO | Traceback (most recent call last):
2026-03-05 19:59:41,840 | 63851 | INFO | File "/Users/maxwellfung/UCB-USACE-RR-PROJECT/run_hyperparam_search.py", line 1367, in <module>
2026-03-05 19:59:41,841 | 63851 | INFO | save_hparams(
2026-03-05 19:59:41,841 | 63851 | INFO | ^
2026-03-05 19:59:41,841 | 63851 | INFO | ^
2026-03-05 19:59:41,841 | 63851 | INFO | File "/Users/maxwellfung/UCB-USACE-RR-PROJECT/run_hyperparam_search.py", line 1049, in main
2026-03-05 19:59:41,841 | 63851 | INFO | journal_path = Path(RUNS_PARENT) / f"{RUN_LABEL}_{RUN_STAMP}_nophys_journal.log"
2026-03-05 19:59:41,841 | 63851 | INFO | File "/Users/maxwellfung/UCB-USACE-RR-PROJECT/run_hyperparam_search.py", line 929, in run_bayes_streaming_queue
2026-03-05 19:59:41,841 | 63851 | INFO | f"NSE_1D={mean_1d:.5f} NSE_1H={mean_1h:.5f}"
2026-03-05 19:59:41,841 | 63851 | INFO | ^
2026-03-05 19:59:41,841 | 63851 | INFO | ^
2026-03-05 19:59:41,841 | 63851 | INFO | ^
2026-03-05 19:59:41,841 | 63851 | INFO | KeyboardInterrupt
