2026-03-04 14:48:00,198 | 559254 | INFO | Logging to logs/gridsearch_20260304T224800Z.log (rotates at ~20MB ≈ 100k lines)
2026-03-04 14:48:00,200 | 559254 | INFO | [+   0.03s]
2026-03-04 14:48:00,200 | 559254 | INFO | Basin: guerneville, GPU: -1, Verbose: True
2026-03-04 14:48:00,201 | 559254 | INFO | [+   0.03s]
2026-03-04 14:48:00,201 | 559254 | INFO | Pre-warming numba JIT ...
2026-03-04 14:48:05,203 | 559254 | INFO | [+   5.04s]
2026-03-04 14:48:05,203 | 559254 | INFO | Numba JIT pre-compiled.
2026-03-04 14:48:05,205 | 559254 | INFO | /global/scratch/users/maxwellfung/UCB-USACE-RR-PROJECT/UCB_training/configs/guerneville_mtslstm2.yaml
2026-03-04 14:48:05,213 | 559254 | INFO | [+   5.05s]
2026-03-04 14:48:05,214 | 559254 | INFO | 96 combinations, 1 workers
2026-03-04 14:48:05,214 | 559254 | INFO | run_gridsearch =
2026-03-04 14:48:05,214 | 559254 | INFO | True
2026-03-04 14:48:05,215 | 559254 | INFO | hparams_exists =
2026-03-04 14:48:05,216 | 559254 | INFO | False
2026-03-04 14:48:05,216 | 559254 | INFO | No READ_STAMP provided — starting fresh.
2026-03-04 14:48:05,217 | 559254 | INFO | No READ_STAMP provided — starting fresh.
2026-03-04 14:48:05,217 | 559254 | INFO | [Grid] Skipping first 0 no-physics trials
2026-03-04 14:48:05,217 | 559254 | INFO | [Grid] Skipping first 0 physics trials
2026-03-04 14:48:05,217 | 559254 | INFO | [GRID SEARCH] Spawning 1 workers
2026-03-04 14:48:05,391 | 559254 | ERROR | Grid No-Physics:   0%|               | 0/96 [00:00<?, ?it/s]
2026-03-04 14:48:33,497 | 559254 | ERROR | Grid No-Physics:   0%|               | 0/96 [00:28<?, ?it/s]
2026-03-04 14:48:33,548 | 559254 | ERROR | Traceback (most recent call last):
2026-03-04 14:48:33,548 | 559254 | ERROR | File "/global/software/rocky-8.x86_64/python-3.10.12/._python-3.10.12/kzs2nfsgrmaibtipcvmy6vmaiirf6ruz/python/3.10.12-gcc/lib/python3.10/multiprocessing/pool.py", line 856, in next
2026-03-04 14:48:33,550 | 559254 | ERROR | item = self._items.popleft()
2026-03-04 14:48:33,550 | 559254 | ERROR | IndexError
2026-03-04 14:48:33,551 | 559254 | ERROR | :
2026-03-04 14:48:33,551 | 559254 | ERROR | pop from an empty deque
2026-03-04 14:48:33,551 | 559254 | ERROR | During handling of the above exception, another exception occurred:
2026-03-04 14:48:33,551 | 559254 | ERROR | Traceback (most recent call last):
2026-03-04 14:48:33,552 | 559254 | ERROR | File "/global/scratch/users/maxwellfung/UCB-USACE-RR-PROJECT/run_hyperparam_search.py", line 854, in <module>
2026-03-04 14:48:33,553 | 559254 | ERROR | main()
2026-03-04 14:48:33,553 | 559254 | ERROR | File "/global/scratch/users/maxwellfung/UCB-USACE-RR-PROJECT/run_hyperparam_search.py", line 751, in main
2026-03-04 14:48:33,554 | 559254 | ERROR | for result in tqdm(
2026-03-04 14:48:33,554 | 559254 | ERROR | File "/global/home/users/maxwellfung/.local/lib/python3.10/site-packages/tqdm/std.py", line 1181, in __iter__
2026-03-04 14:48:33,568 | 559254 | ERROR | for obj in iterable:
2026-03-04 14:48:33,568 | 559254 | ERROR | File "/global/software/rocky-8.x86_64/python-3.10.12/._python-3.10.12/kzs2nfsgrmaibtipcvmy6vmaiirf6ruz/python/3.10.12-gcc/lib/python3.10/multiprocessing/pool.py", line 861, in next
2026-03-04 14:48:33,571 | 559254 | ERROR | self._cond.wait(timeout)
2026-03-04 14:48:33,571 | 559254 | ERROR | File "/global/software/rocky-8.x86_64/python-3.10.12/._python-3.10.12/kzs2nfsgrmaibtipcvmy6vmaiirf6ruz/python/3.10.12-gcc/lib/python3.10/threading.py", line 320, in wait
2026-03-04 14:48:33,580 | 559254 | ERROR | waiter.acquire()
2026-03-04 14:48:33,581 | 559254 | ERROR | KeyboardInterrupt
