2026-03-05 20:02:15,656 | 65218 | INFO | [+   0.00s]
2026-03-05 20:02:15,656 | 65218 | INFO | Basin: guerneville, GPU: -1, Verbose: False
2026-03-05 20:02:15,656 | 65218 | INFO | [+   0.00s]
2026-03-05 20:02:15,656 | 65218 | INFO | Pre-warming numba JIT ...
2026-03-05 20:02:16,199 | 65218 | INFO | [+   0.54s]
2026-03-05 20:02:16,199 | 65218 | INFO | Numba JIT pre-compiled.
2026-03-05 20:02:16,199 | 65218 | INFO | YAML PATH:
2026-03-05 20:02:16,199 | 65218 | INFO | /Users/maxwellfung/UCB-USACE-RR-PROJECT/UCB_training/configs/guerneville_mtslstm2.yaml
2026-03-05 20:02:16,200 | 65218 | INFO | [+   0.54s]
2026-03-05 20:02:16,200 | 65218 | INFO | 48 combinations, 9 workers
2026-03-05 20:02:16,200 | 65218 | INFO | run_gridsearch =
2026-03-05 20:02:16,200 | 65218 | INFO | False
2026-03-05 20:02:16,200 | 65218 | INFO | hparams_exists =
2026-03-05 20:02:16,200 | 65218 | INFO | False
2026-03-05 20:02:16,204 | 65218 | INFO | [EXTERNAL CV FOLDS]
2026-03-05 20:02:16,204 | 65218 | INFO | fold 1: train 01/10/1994 -> 01/10/1996 | val 02/10/1996 -> 01/10/1997 | eval 02/10/1996 -> 01/10/1997
2026-03-05 20:02:16,204 | 65218 | INFO | fold 2: train 01/10/1994 -> 01/10/1998 | val 02/10/1998 -> 01/10/1999 | eval 02/10/1998 -> 01/10/1999
2026-03-05 20:02:16,204 | 65218 | INFO | fold 3: train 01/10/1994 -> 01/10/2000 | val 02/10/2000 -> 01/10/2001 | eval 02/10/2000 -> 01/10/2001
2026-03-05 20:02:16,204 | 65218 | INFO | fold 4: train 01/10/1994 -> 01/10/2002 | val 02/10/2002 -> 01/10/2003 | eval 02/10/2002 -> 01/10/2003
2026-03-05 20:02:16,204 | 65218 | INFO | fold 5: train 01/10/1994 -> 01/10/2004 | val 02/10/2004 -> 01/10/2005 | eval 02/10/2004 -> 01/10/2005
2026-03-05 20:02:16,204 | 65218 | INFO | [EXTERNAL CV FOLDS] total folds = 5
2026-03-05 20:02:16,204 | 65218 | INFO | [BAYESIAN OPTIMIZATION] Using 9 parallel workers
2026-03-05 20:02:16,205 | 65218 | INFO | [BAYES] no_physics: 2 parallel trials x 5 folds = up to 10 workers
2026-03-05 20:02:16,207 | 65218 | INFO | [ENQUEUE TRIAL] trial 1 no_physics
2026-03-05 20:02:16,207 | 65218 | INFO | [BAYES QUEUE STATE]
2026-03-05 20:02:16,207 | 65218 | INFO | pending_jobs = 5
2026-03-05 20:02:16,207 | 65218 | INFO | inflight_trials = [0]
2026-03-05 20:02:16,207 | 65218 | INFO | queue[0000] trial 1 fold 1 no_physics
2026-03-05 20:02:16,207 | 65218 | INFO | queue[0001] trial 1 fold 2 no_physics
2026-03-05 20:02:16,207 | 65218 | INFO | queue[0002] trial 1 fold 3 no_physics
2026-03-05 20:02:16,207 | 65218 | INFO | queue[0003] trial 1 fold 4 no_physics
2026-03-05 20:02:16,207 | 65218 | INFO | queue[0004] trial 1 fold 5 no_physics
2026-03-05 20:02:16,207 | 65218 | INFO | [END BAYES QUEUE]
2026-03-05 20:02:16,208 | 65218 | INFO | [ENQUEUE TRIAL] trial 2 no_physics
2026-03-05 20:02:16,208 | 65218 | INFO | [BAYES QUEUE STATE]
2026-03-05 20:02:16,208 | 65218 | INFO | pending_jobs = 10
2026-03-05 20:02:16,209 | 65218 | INFO | inflight_trials = [0, 1]
2026-03-05 20:02:16,209 | 65218 | INFO | queue[0000] trial 1 fold 1 no_physics
2026-03-05 20:02:16,209 | 65218 | INFO | queue[0001] trial 1 fold 2 no_physics
2026-03-05 20:02:16,209 | 65218 | INFO | queue[0002] trial 1 fold 3 no_physics
2026-03-05 20:02:16,209 | 65218 | INFO | queue[0003] trial 1 fold 4 no_physics
2026-03-05 20:02:16,209 | 65218 | INFO | queue[0004] trial 1 fold 5 no_physics
2026-03-05 20:02:16,209 | 65218 | INFO | queue[0005] trial 2 fold 1 no_physics
2026-03-05 20:02:16,209 | 65218 | INFO | queue[0006] trial 2 fold 2 no_physics
2026-03-05 20:02:16,209 | 65218 | INFO | queue[0007] trial 2 fold 3 no_physics
2026-03-05 20:02:16,209 | 65218 | INFO | queue[0008] trial 2 fold 4 no_physics
2026-03-05 20:02:16,209 | 65218 | INFO | queue[0009] trial 2 fold 5 no_physics
2026-03-05 20:02:16,209 | 65218 | INFO | [END BAYES QUEUE]
2026-03-05 20:03:28,465 | 65218 | INFO | [TRIAL COMPLETE] trial 1 no_physics NSE_1D=0.46228 NSE_1H=0.49956
2026-03-05 20:03:28,467 | 65218 | INFO | [ENQUEUE TRIAL] trial 3 no_physics
2026-03-05 20:03:28,467 | 65218 | INFO | [BAYES QUEUE STATE]
2026-03-05 20:03:28,467 | 65218 | INFO | pending_jobs = 5
2026-03-05 20:03:28,467 | 65218 | INFO | inflight_trials = [1, 2]
2026-03-05 20:03:28,467 | 65218 | INFO | queue[0000] trial 3 fold 1 no_physics
2026-03-05 20:03:28,467 | 65218 | INFO | queue[0001] trial 3 fold 2 no_physics
2026-03-05 20:03:28,467 | 65218 | INFO | queue[0002] trial 3 fold 3 no_physics
2026-03-05 20:03:28,468 | 65218 | INFO | queue[0003] trial 3 fold 4 no_physics
2026-03-05 20:03:28,468 | 65218 | INFO | queue[0004] trial 3 fold 5 no_physics
2026-03-05 20:03:28,468 | 65218 | INFO | [END BAYES QUEUE]
2026-03-05 20:03:28,469 | 65218 | INFO | [ENQUEUE TRIAL] trial 4 no_physics
2026-03-05 20:03:28,469 | 65218 | INFO | [BAYES QUEUE STATE]
2026-03-05 20:03:28,469 | 65218 | INFO | pending_jobs = 10
2026-03-05 20:03:28,469 | 65218 | INFO | inflight_trials = [1, 2, 3]
2026-03-05 20:03:28,469 | 65218 | INFO | queue[0000] trial 3 fold 1 no_physics
2026-03-05 20:03:28,469 | 65218 | INFO | queue[0001] trial 3 fold 2 no_physics
2026-03-05 20:03:28,469 | 65218 | INFO | queue[0002] trial 3 fold 3 no_physics
2026-03-05 20:03:28,469 | 65218 | INFO | queue[0003] trial 3 fold 4 no_physics
2026-03-05 20:03:28,469 | 65218 | INFO | queue[0004] trial 3 fold 5 no_physics
2026-03-05 20:03:28,469 | 65218 | INFO | queue[0005] trial 4 fold 1 no_physics
2026-03-05 20:03:28,469 | 65218 | INFO | queue[0006] trial 4 fold 2 no_physics
2026-03-05 20:03:28,470 | 65218 | INFO | queue[0007] trial 4 fold 3 no_physics
2026-03-05 20:03:28,470 | 65218 | INFO | queue[0008] trial 4 fold 4 no_physics
2026-03-05 20:03:28,470 | 65218 | INFO | queue[0009] trial 4 fold 5 no_physics
2026-03-05 20:03:28,470 | 65218 | INFO | [END BAYES QUEUE]
2026-03-05 20:04:08,045 | 65218 | INFO | [TRIAL COMPLETE] trial 2 no_physics NSE_1D=0.15760 NSE_1H=0.49769
2026-03-05 20:04:08,052 | 65218 | INFO | [ENQUEUE TRIAL] trial 5 no_physics
2026-03-05 20:04:08,052 | 65218 | INFO | [BAYES QUEUE STATE]
2026-03-05 20:04:08,052 | 65218 | INFO | pending_jobs = 7
2026-03-05 20:04:08,052 | 65218 | INFO | inflight_trials = [2, 3, 4]
2026-03-05 20:04:08,052 | 65218 | INFO | queue[0000] trial 4 fold 4 no_physics
2026-03-05 20:04:08,053 | 65218 | INFO | queue[0001] trial 4 fold 5 no_physics
2026-03-05 20:04:08,053 | 65218 | INFO | queue[0002] trial 5 fold 1 no_physics
2026-03-05 20:04:08,053 | 65218 | INFO | queue[0003] trial 5 fold 2 no_physics
2026-03-05 20:04:08,053 | 65218 | INFO | queue[0004] trial 5 fold 3 no_physics
2026-03-05 20:04:08,053 | 65218 | INFO | queue[0005] trial 5 fold 4 no_physics
2026-03-05 20:04:08,053 | 65218 | INFO | queue[0006] trial 5 fold 5 no_physics
2026-03-05 20:04:08,053 | 65218 | INFO | [END BAYES QUEUE]
2026-03-05 20:04:08,069 | 65218 | INFO | [ENQUEUE TRIAL] trial 6 no_physics
2026-03-05 20:04:08,069 | 65218 | INFO | [BAYES QUEUE STATE]
2026-03-05 20:04:08,069 | 65218 | INFO | pending_jobs = 12
2026-03-05 20:04:08,069 | 65218 | INFO | inflight_trials = [2, 3, 4, 5]
2026-03-05 20:04:08,069 | 65218 | INFO | queue[0000] trial 4 fold 4 no_physics
2026-03-05 20:04:08,069 | 65218 | INFO | queue[0001] trial 4 fold 5 no_physics
2026-03-05 20:04:08,069 | 65218 | INFO | queue[0002] trial 5 fold 1 no_physics
2026-03-05 20:04:08,069 | 65218 | INFO | queue[0003] trial 5 fold 2 no_physics
2026-03-05 20:04:08,070 | 65218 | INFO | queue[0004] trial 5 fold 3 no_physics
2026-03-05 20:04:08,070 | 65218 | INFO | queue[0005] trial 5 fold 4 no_physics
2026-03-05 20:04:08,070 | 65218 | INFO | queue[0006] trial 5 fold 5 no_physics
2026-03-05 20:04:08,070 | 65218 | INFO | queue[0007] trial 6 fold 1 no_physics
2026-03-05 20:04:08,070 | 65218 | INFO | queue[0008] trial 6 fold 2 no_physics
2026-03-05 20:04:08,070 | 65218 | INFO | queue[0009] trial 6 fold 3 no_physics
2026-03-05 20:04:08,070 | 65218 | INFO | queue[0010] trial 6 fold 4 no_physics
2026-03-05 20:04:08,070 | 65218 | INFO | queue[0011] trial 6 fold 5 no_physics
2026-03-05 20:04:08,070 | 65218 | INFO | [END BAYES QUEUE]
2026-03-05 20:04:26,387 | 65218 | INFO | [TRIAL COMPLETE] trial 3 no_physics NSE_1D=0.47300 NSE_1H=0.54934
2026-03-05 20:04:26,402 | 65218 | INFO | [ENQUEUE TRIAL] trial 7 no_physics
2026-03-05 20:04:26,402 | 65218 | INFO | [BAYES QUEUE STATE]
2026-03-05 20:04:26,402 | 65218 | INFO | pending_jobs = 10
2026-03-05 20:04:26,402 | 65218 | INFO | inflight_trials = [3, 4, 5, 6]
2026-03-05 20:04:26,402 | 65218 | INFO | queue[0000] trial 6 fold 1 no_physics
2026-03-05 20:04:26,402 | 65218 | INFO | queue[0001] trial 6 fold 2 no_physics
2026-03-05 20:04:26,403 | 65218 | INFO | queue[0002] trial 6 fold 3 no_physics
2026-03-05 20:04:26,403 | 65218 | INFO | queue[0003] trial 6 fold 4 no_physics
2026-03-05 20:04:26,403 | 65218 | INFO | queue[0004] trial 6 fold 5 no_physics
2026-03-05 20:04:26,403 | 65218 | INFO | queue[0005] trial 7 fold 1 no_physics
2026-03-05 20:04:26,403 | 65218 | INFO | queue[0006] trial 7 fold 2 no_physics
2026-03-05 20:04:26,403 | 65218 | INFO | queue[0007] trial 7 fold 3 no_physics
2026-03-05 20:04:26,403 | 65218 | INFO | queue[0008] trial 7 fold 4 no_physics
2026-03-05 20:04:26,403 | 65218 | INFO | queue[0009] trial 7 fold 5 no_physics
2026-03-05 20:04:26,403 | 65218 | INFO | [END BAYES QUEUE]
2026-03-05 20:05:28,559 | 65218 | INFO | [TRIAL COMPLETE] trial 4 no_physics NSE_1D=0.43334 NSE_1H=0.49535
2026-03-05 20:05:28,570 | 65218 | INFO | [ENQUEUE TRIAL] trial 8 no_physics
2026-03-05 20:05:28,570 | 65218 | INFO | [BAYES QUEUE STATE]
2026-03-05 20:05:28,570 | 65218 | INFO | pending_jobs = 10
2026-03-05 20:05:28,570 | 65218 | INFO | inflight_trials = [4, 5, 6, 7]
2026-03-05 20:05:28,571 | 65218 | INFO | queue[0000] trial 7 fold 1 no_physics
2026-03-05 20:05:28,571 | 65218 | INFO | queue[0001] trial 7 fold 2 no_physics
2026-03-05 20:05:28,571 | 65218 | INFO | queue[0002] trial 7 fold 3 no_physics
2026-03-05 20:05:28,571 | 65218 | INFO | queue[0003] trial 7 fold 4 no_physics
2026-03-05 20:05:28,571 | 65218 | INFO | queue[0004] trial 7 fold 5 no_physics
2026-03-05 20:05:28,571 | 65218 | INFO | queue[0005] trial 8 fold 1 no_physics
2026-03-05 20:05:28,572 | 65218 | INFO | queue[0006] trial 8 fold 2 no_physics
2026-03-05 20:05:28,572 | 65218 | INFO | queue[0007] trial 8 fold 3 no_physics
2026-03-05 20:05:28,572 | 65218 | INFO | queue[0008] trial 8 fold 4 no_physics
2026-03-05 20:05:28,572 | 65218 | INFO | queue[0009] trial 8 fold 5 no_physics
2026-03-05 20:05:28,572 | 65218 | INFO | [END BAYES QUEUE]
2026-03-05 20:05:48,627 | 65218 | INFO | [TRIAL COMPLETE] trial 5 no_physics NSE_1D=0.47549 NSE_1H=0.49265
2026-03-05 20:05:48,643 | 65218 | INFO | [ENQUEUE TRIAL] trial 9 no_physics
2026-03-05 20:05:48,643 | 65218 | INFO | [BAYES QUEUE STATE]
2026-03-05 20:05:48,643 | 65218 | INFO | pending_jobs = 10
2026-03-05 20:05:48,644 | 65218 | INFO | inflight_trials = [5, 6, 7, 8]
2026-03-05 20:05:48,644 | 65218 | INFO | queue[0000] trial 8 fold 1 no_physics
2026-03-05 20:05:48,644 | 65218 | INFO | queue[0001] trial 8 fold 2 no_physics
2026-03-05 20:05:48,644 | 65218 | INFO | queue[0002] trial 8 fold 3 no_physics
2026-03-05 20:05:48,644 | 65218 | INFO | queue[0003] trial 8 fold 4 no_physics
2026-03-05 20:05:48,645 | 65218 | INFO | queue[0004] trial 8 fold 5 no_physics
2026-03-05 20:05:48,645 | 65218 | INFO | queue[0005] trial 9 fold 1 no_physics
2026-03-05 20:05:48,645 | 65218 | INFO | queue[0006] trial 9 fold 2 no_physics
2026-03-05 20:05:48,645 | 65218 | INFO | queue[0007] trial 9 fold 3 no_physics
2026-03-05 20:05:48,646 | 65218 | INFO | queue[0008] trial 9 fold 4 no_physics
2026-03-05 20:05:48,648 | 65218 | INFO | queue[0009] trial 9 fold 5 no_physics
2026-03-05 20:05:48,650 | 65218 | INFO | [END BAYES QUEUE]
2026-03-05 20:07:16,665 | 65218 | INFO | [TRIAL COMPLETE] trial 7 no_physics NSE_1D=0.39172 NSE_1H=0.49556
2026-03-05 20:07:16,684 | 65218 | INFO | [ENQUEUE TRIAL] trial 10 no_physics
2026-03-05 20:07:16,684 | 65218 | INFO | [BAYES QUEUE STATE]
2026-03-05 20:07:16,684 | 65218 | INFO | pending_jobs = 8
2026-03-05 20:07:16,685 | 65218 | INFO | inflight_trials = [5, 7, 8, 9]
2026-03-05 20:07:16,685 | 65218 | INFO | queue[0000] trial 9 fold 3 no_physics
2026-03-05 20:07:16,685 | 65218 | INFO | queue[0001] trial 9 fold 4 no_physics
2026-03-05 20:07:16,685 | 65218 | INFO | queue[0002] trial 9 fold 5 no_physics
2026-03-05 20:07:16,685 | 65218 | INFO | queue[0003] trial 10 fold 1 no_physics
2026-03-05 20:07:16,685 | 65218 | INFO | queue[0004] trial 10 fold 2 no_physics
2026-03-05 20:07:16,685 | 65218 | INFO | queue[0005] trial 10 fold 3 no_physics
2026-03-05 20:07:16,686 | 65218 | INFO | queue[0006] trial 10 fold 4 no_physics
2026-03-05 20:07:16,686 | 65218 | INFO | queue[0007] trial 10 fold 5 no_physics
2026-03-05 20:07:16,686 | 65218 | INFO | [END BAYES QUEUE]
2026-03-05 20:07:16,702 | 65218 | INFO | [ENQUEUE TRIAL] trial 11 no_physics
2026-03-05 20:07:16,702 | 65218 | INFO | [BAYES QUEUE STATE]
2026-03-05 20:07:16,702 | 65218 | INFO | pending_jobs = 13
2026-03-05 20:07:16,702 | 65218 | INFO | inflight_trials = [5, 7, 8, 9, 10]
2026-03-05 20:07:16,702 | 65218 | INFO | queue[0000] trial 9 fold 3 no_physics
2026-03-05 20:07:16,702 | 65218 | INFO | queue[0001] trial 9 fold 4 no_physics
2026-03-05 20:07:16,702 | 65218 | INFO | queue[0002] trial 9 fold 5 no_physics
2026-03-05 20:07:16,702 | 65218 | INFO | queue[0003] trial 10 fold 1 no_physics
2026-03-05 20:07:16,703 | 65218 | INFO | queue[0004] trial 10 fold 2 no_physics
2026-03-05 20:07:16,703 | 65218 | INFO | queue[0005] trial 10 fold 3 no_physics
2026-03-05 20:07:16,703 | 65218 | INFO | queue[0006] trial 10 fold 4 no_physics
2026-03-05 20:07:16,703 | 65218 | INFO | queue[0007] trial 10 fold 5 no_physics
2026-03-05 20:07:16,703 | 65218 | INFO | queue[0008] trial 11 fold 1 no_physics
2026-03-05 20:07:16,703 | 65218 | INFO | queue[0009] trial 11 fold 2 no_physics
2026-03-05 20:07:16,703 | 65218 | INFO | queue[0010] trial 11 fold 3 no_physics
2026-03-05 20:07:16,703 | 65218 | INFO | queue[0011] trial 11 fold 4 no_physics
2026-03-05 20:07:16,703 | 65218 | INFO | queue[0012] trial 11 fold 5 no_physics
2026-03-05 20:07:16,703 | 65218 | INFO | [END BAYES QUEUE]
2026-03-05 20:07:44,755 | 65218 | INFO | [TRIAL COMPLETE] trial 6 no_physics NSE_1D=0.25087 NSE_1H=0.63045
2026-03-05 20:07:44,786 | 65218 | INFO | [ENQUEUE TRIAL] trial 12 no_physics
2026-03-05 20:07:44,787 | 65218 | INFO | [BAYES QUEUE STATE]
2026-03-05 20:07:44,787 | 65218 | INFO | pending_jobs = 14
2026-03-05 20:07:44,787 | 65218 | INFO | inflight_trials = [7, 8, 9, 10, 11]
2026-03-05 20:07:44,787 | 65218 | INFO | queue[0000] trial 10 fold 2 no_physics
2026-03-05 20:07:44,787 | 65218 | INFO | queue[0001] trial 10 fold 3 no_physics
2026-03-05 20:07:44,787 | 65218 | INFO | queue[0002] trial 10 fold 4 no_physics
2026-03-05 20:07:44,787 | 65218 | INFO | queue[0003] trial 10 fold 5 no_physics
2026-03-05 20:07:44,787 | 65218 | INFO | queue[0004] trial 11 fold 1 no_physics
2026-03-05 20:07:44,787 | 65218 | INFO | queue[0005] trial 11 fold 2 no_physics
2026-03-05 20:07:44,788 | 65218 | INFO | queue[0006] trial 11 fold 3 no_physics
2026-03-05 20:07:44,788 | 65218 | INFO | queue[0007] trial 11 fold 4 no_physics
2026-03-05 20:07:44,788 | 65218 | INFO | queue[0008] trial 11 fold 5 no_physics
2026-03-05 20:07:44,788 | 65218 | INFO | queue[0009] trial 12 fold 1 no_physics
2026-03-05 20:07:44,788 | 65218 | INFO | queue[0010] trial 12 fold 2 no_physics
2026-03-05 20:07:44,788 | 65218 | INFO | queue[0011] trial 12 fold 3 no_physics
2026-03-05 20:07:44,788 | 65218 | INFO | queue[0012] trial 12 fold 4 no_physics
2026-03-05 20:07:44,789 | 65218 | INFO | queue[0013] trial 12 fold 5 no_physics
2026-03-05 20:07:44,789 | 65218 | INFO | [END BAYES QUEUE]
2026-03-05 20:08:12,798 | 65218 | INFO | [TRIAL COMPLETE] trial 8 no_physics NSE_1D=0.44920 NSE_1H=0.56417
2026-03-05 20:09:08,867 | 65218 | INFO | [TRIAL COMPLETE] trial 10 no_physics NSE_1D=0.41138 NSE_1H=0.46202
2026-03-05 20:09:08,886 | 65218 | INFO | [ENQUEUE TRIAL] trial 13 no_physics
2026-03-05 20:09:08,886 | 65218 | INFO | [BAYES QUEUE STATE]
2026-03-05 20:09:08,886 | 65218 | INFO | pending_jobs = 8
2026-03-05 20:09:08,886 | 65218 | INFO | inflight_trials = [8, 10, 11, 12]
2026-03-05 20:09:08,886 | 65218 | INFO | queue[0000] trial 12 fold 3 no_physics
2026-03-05 20:09:08,886 | 65218 | INFO | queue[0001] trial 12 fold 4 no_physics
2026-03-05 20:09:08,886 | 65218 | INFO | queue[0002] trial 12 fold 5 no_physics
2026-03-05 20:09:08,886 | 65218 | INFO | queue[0003] trial 13 fold 1 no_physics
2026-03-05 20:09:08,886 | 65218 | INFO | queue[0004] trial 13 fold 2 no_physics
2026-03-05 20:09:08,886 | 65218 | INFO | queue[0005] trial 13 fold 3 no_physics
2026-03-05 20:09:08,886 | 65218 | INFO | queue[0006] trial 13 fold 4 no_physics
2026-03-05 20:09:08,887 | 65218 | INFO | queue[0007] trial 13 fold 5 no_physics
2026-03-05 20:09:08,887 | 65218 | INFO | [END BAYES QUEUE]
2026-03-05 20:09:08,917 | 65218 | INFO | [ENQUEUE TRIAL] trial 14 no_physics
2026-03-05 20:09:08,917 | 65218 | INFO | [BAYES QUEUE STATE]
2026-03-05 20:09:08,917 | 65218 | INFO | pending_jobs = 13
2026-03-05 20:09:08,917 | 65218 | INFO | inflight_trials = [8, 10, 11, 12, 13]
2026-03-05 20:09:08,917 | 65218 | INFO | queue[0000] trial 12 fold 3 no_physics
2026-03-05 20:09:08,917 | 65218 | INFO | queue[0001] trial 12 fold 4 no_physics
2026-03-05 20:09:08,917 | 65218 | INFO | queue[0002] trial 12 fold 5 no_physics
2026-03-05 20:09:08,917 | 65218 | INFO | queue[0003] trial 13 fold 1 no_physics
2026-03-05 20:09:08,918 | 65218 | INFO | queue[0004] trial 13 fold 2 no_physics
2026-03-05 20:09:08,918 | 65218 | INFO | queue[0005] trial 13 fold 3 no_physics
2026-03-05 20:09:08,918 | 65218 | INFO | queue[0006] trial 13 fold 4 no_physics
2026-03-05 20:09:08,918 | 65218 | INFO | queue[0007] trial 13 fold 5 no_physics
2026-03-05 20:09:08,918 | 65218 | INFO | queue[0008] trial 14 fold 1 no_physics
2026-03-05 20:09:08,918 | 65218 | INFO | queue[0009] trial 14 fold 2 no_physics
2026-03-05 20:09:08,919 | 65218 | INFO | queue[0010] trial 14 fold 3 no_physics
2026-03-05 20:09:08,919 | 65218 | INFO | queue[0011] trial 14 fold 4 no_physics
2026-03-05 20:09:08,919 | 65218 | INFO | queue[0012] trial 14 fold 5 no_physics
2026-03-05 20:09:08,919 | 65218 | INFO | [END BAYES QUEUE]
2026-03-05 20:09:10,399 | 65218 | INFO | [TRIAL COMPLETE] trial 9 no_physics NSE_1D=0.31816 NSE_1H=0.64798
2026-03-05 20:11:11,354 | 65218 | INFO | [TRIAL COMPLETE] trial 12 no_physics NSE_1D=0.51611 NSE_1H=0.68234
2026-03-05 20:11:11,375 | 65218 | INFO | [ENQUEUE TRIAL] trial 15 no_physics
2026-03-05 20:11:11,375 | 65218 | INFO | [BAYES QUEUE STATE]
2026-03-05 20:11:11,375 | 65218 | INFO | pending_jobs = 7
2026-03-05 20:11:11,376 | 65218 | INFO | inflight_trials = [10, 12, 13, 14]
2026-03-05 20:11:11,376 | 65218 | INFO | queue[0000] trial 14 fold 4 no_physics
2026-03-05 20:11:11,376 | 65218 | INFO | queue[0001] trial 14 fold 5 no_physics
2026-03-05 20:11:11,376 | 65218 | INFO | queue[0002] trial 15 fold 1 no_physics
2026-03-05 20:11:11,376 | 65218 | INFO | queue[0003] trial 15 fold 2 no_physics
2026-03-05 20:11:11,376 | 65218 | INFO | queue[0004] trial 15 fold 3 no_physics
2026-03-05 20:11:11,376 | 65218 | INFO | queue[0005] trial 15 fold 4 no_physics
2026-03-05 20:11:11,376 | 65218 | INFO | queue[0006] trial 15 fold 5 no_physics
2026-03-05 20:11:11,376 | 65218 | INFO | [END BAYES QUEUE]
2026-03-05 20:11:11,394 | 65218 | INFO | [ENQUEUE TRIAL] trial 16 no_physics
2026-03-05 20:11:11,394 | 65218 | INFO | [BAYES QUEUE STATE]
2026-03-05 20:11:11,394 | 65218 | INFO | pending_jobs = 12
2026-03-05 20:11:11,395 | 65218 | INFO | inflight_trials = [10, 12, 13, 14, 15]
2026-03-05 20:11:11,395 | 65218 | INFO | queue[0000] trial 14 fold 4 no_physics
2026-03-05 20:11:11,395 | 65218 | INFO | queue[0001] trial 14 fold 5 no_physics
2026-03-05 20:11:11,395 | 65218 | INFO | queue[0002] trial 15 fold 1 no_physics
2026-03-05 20:11:11,395 | 65218 | INFO | queue[0003] trial 15 fold 2 no_physics
2026-03-05 20:11:11,395 | 65218 | INFO | queue[0004] trial 15 fold 3 no_physics
2026-03-05 20:11:11,395 | 65218 | INFO | queue[0005] trial 15 fold 4 no_physics
2026-03-05 20:11:11,395 | 65218 | INFO | queue[0006] trial 15 fold 5 no_physics
2026-03-05 20:11:11,395 | 65218 | INFO | queue[0007] trial 16 fold 1 no_physics
2026-03-05 20:11:11,395 | 65218 | INFO | queue[0008] trial 16 fold 2 no_physics
2026-03-05 20:11:11,395 | 65218 | INFO | queue[0009] trial 16 fold 3 no_physics
2026-03-05 20:11:11,396 | 65218 | INFO | queue[0010] trial 16 fold 4 no_physics
2026-03-05 20:11:11,396 | 65218 | INFO | queue[0011] trial 16 fold 5 no_physics
2026-03-05 20:11:11,396 | 65218 | INFO | [END BAYES QUEUE]
2026-03-05 20:11:35,676 | 65218 | INFO | [TRIAL COMPLETE] trial 11 no_physics NSE_1D=0.23069 NSE_1H=0.61688
2026-03-05 20:12:26,838 | 65218 | INFO | [TRIAL COMPLETE] trial 14 no_physics NSE_1D=0.19205 NSE_1H=0.52957
2026-03-05 20:12:26,855 | 65218 | INFO | [ENQUEUE TRIAL] trial 17 no_physics
2026-03-05 20:12:26,855 | 65218 | INFO | [BAYES QUEUE STATE]
2026-03-05 20:12:26,856 | 65218 | INFO | pending_jobs = 8
2026-03-05 20:12:26,856 | 65218 | INFO | inflight_trials = [12, 14, 15, 16]
2026-03-05 20:12:26,856 | 65218 | INFO | queue[0000] trial 16 fold 3 no_physics
2026-03-05 20:12:26,857 | 65218 | INFO | queue[0001] trial 16 fold 4 no_physics
2026-03-05 20:12:26,858 | 65218 | INFO | queue[0002] trial 16 fold 5 no_physics
2026-03-05 20:12:26,858 | 65218 | INFO | queue[0003] trial 17 fold 1 no_physics
2026-03-05 20:12:26,858 | 65218 | INFO | queue[0004] trial 17 fold 2 no_physics
2026-03-05 20:12:26,858 | 65218 | INFO | queue[0005] trial 17 fold 3 no_physics
2026-03-05 20:12:26,858 | 65218 | INFO | queue[0006] trial 17 fold 4 no_physics
2026-03-05 20:12:26,858 | 65218 | INFO | queue[0007] trial 17 fold 5 no_physics
2026-03-05 20:12:26,858 | 65218 | INFO | [END BAYES QUEUE]
2026-03-05 20:12:26,883 | 65218 | INFO | [ENQUEUE TRIAL] trial 18 no_physics
2026-03-05 20:12:26,883 | 65218 | INFO | [BAYES QUEUE STATE]
2026-03-05 20:12:26,883 | 65218 | INFO | pending_jobs = 13
2026-03-05 20:12:26,883 | 65218 | INFO | inflight_trials = [12, 14, 15, 16, 17]
2026-03-05 20:12:26,883 | 65218 | INFO | queue[0000] trial 16 fold 3 no_physics
2026-03-05 20:12:26,883 | 65218 | INFO | queue[0001] trial 16 fold 4 no_physics
2026-03-05 20:12:26,883 | 65218 | INFO | queue[0002] trial 16 fold 5 no_physics
2026-03-05 20:12:26,883 | 65218 | INFO | queue[0003] trial 17 fold 1 no_physics
2026-03-05 20:12:26,883 | 65218 | INFO | queue[0004] trial 17 fold 2 no_physics
2026-03-05 20:12:26,883 | 65218 | INFO | queue[0005] trial 17 fold 3 no_physics
2026-03-05 20:12:26,884 | 65218 | INFO | queue[0006] trial 17 fold 4 no_physics
2026-03-05 20:12:26,884 | 65218 | INFO | queue[0007] trial 17 fold 5 no_physics
2026-03-05 20:12:26,884 | 65218 | INFO | queue[0008] trial 18 fold 1 no_physics
2026-03-05 20:12:26,884 | 65218 | INFO | queue[0009] trial 18 fold 2 no_physics
2026-03-05 20:12:26,884 | 65218 | INFO | queue[0010] trial 18 fold 3 no_physics
2026-03-05 20:12:26,884 | 65218 | INFO | queue[0011] trial 18 fold 4 no_physics
2026-03-05 20:12:26,884 | 65218 | INFO | queue[0012] trial 18 fold 5 no_physics
2026-03-05 20:12:26,884 | 65218 | INFO | [END BAYES QUEUE]
2026-03-05 20:12:41,579 | 65218 | INFO | [TRIAL COMPLETE] trial 13 no_physics NSE_1D=0.36367 NSE_1H=0.62055
2026-03-05 20:14:08,689 | 65218 | INFO | [TRIAL COMPLETE] trial 15 no_physics NSE_1D=0.22691 NSE_1H=0.67576
2026-03-05 20:14:08,715 | 65218 | INFO | [ENQUEUE TRIAL] trial 19 no_physics
2026-03-05 20:14:08,716 | 65218 | INFO | [BAYES QUEUE STATE]
2026-03-05 20:14:08,719 | 65218 | INFO | pending_jobs = 8
2026-03-05 20:14:08,730 | 65218 | INFO | inflight_trials = [15, 16, 17, 18]
2026-03-05 20:14:08,730 | 65218 | INFO | queue[0000] trial 18 fold 3 no_physics
2026-03-05 20:14:08,731 | 65218 | INFO | queue[0001] trial 18 fold 4 no_physics
2026-03-05 20:14:08,731 | 65218 | INFO | queue[0002] trial 18 fold 5 no_physics
2026-03-05 20:14:08,731 | 65218 | INFO | queue[0003] trial 19 fold 1 no_physics
2026-03-05 20:14:08,731 | 65218 | INFO | queue[0004] trial 19 fold 2 no_physics
2026-03-05 20:14:08,731 | 65218 | INFO | queue[0005] trial 19 fold 3 no_physics
2026-03-05 20:14:08,731 | 65218 | INFO | queue[0006] trial 19 fold 4 no_physics
2026-03-05 20:14:08,731 | 65218 | INFO | queue[0007] trial 19 fold 5 no_physics
2026-03-05 20:14:08,731 | 65218 | INFO | [END BAYES QUEUE]
2026-03-05 20:14:08,768 | 65218 | INFO | [ENQUEUE TRIAL] trial 20 no_physics
2026-03-05 20:14:08,768 | 65218 | INFO | [BAYES QUEUE STATE]
2026-03-05 20:14:08,768 | 65218 | INFO | pending_jobs = 13
2026-03-05 20:14:08,768 | 65218 | INFO | inflight_trials = [15, 16, 17, 18, 19]
2026-03-05 20:14:08,769 | 65218 | INFO | queue[0000] trial 18 fold 3 no_physics
2026-03-05 20:14:08,769 | 65218 | INFO | queue[0001] trial 18 fold 4 no_physics
2026-03-05 20:14:08,769 | 65218 | INFO | queue[0002] trial 18 fold 5 no_physics
2026-03-05 20:14:08,769 | 65218 | INFO | queue[0003] trial 19 fold 1 no_physics
2026-03-05 20:14:08,769 | 65218 | INFO | queue[0004] trial 19 fold 2 no_physics
2026-03-05 20:14:08,769 | 65218 | INFO | queue[0005] trial 19 fold 3 no_physics
2026-03-05 20:14:08,769 | 65218 | INFO | queue[0006] trial 19 fold 4 no_physics
2026-03-05 20:14:08,769 | 65218 | INFO | queue[0007] trial 19 fold 5 no_physics
2026-03-05 20:14:08,769 | 65218 | INFO | queue[0008] trial 20 fold 1 no_physics
2026-03-05 20:14:08,769 | 65218 | INFO | queue[0009] trial 20 fold 2 no_physics
2026-03-05 20:14:08,772 | 65218 | INFO | queue[0010] trial 20 fold 3 no_physics
2026-03-05 20:14:08,772 | 65218 | INFO | queue[0011] trial 20 fold 4 no_physics
2026-03-05 20:14:08,772 | 65218 | INFO | queue[0012] trial 20 fold 5 no_physics
2026-03-05 20:14:08,772 | 65218 | INFO | [END BAYES QUEUE]
2026-03-05 20:14:43,821 | 65218 | INFO | [TRIAL COMPLETE] trial 16 no_physics NSE_1D=0.23927 NSE_1H=0.64594
2026-03-05 20:15:39,922 | 65218 | INFO | [TRIAL COMPLETE] trial 17 no_physics NSE_1D=0.28096 NSE_1H=0.66503
2026-03-05 20:15:39,956 | 65218 | INFO | [ENQUEUE TRIAL] trial 21 no_physics
2026-03-05 20:15:39,956 | 65218 | INFO | [BAYES QUEUE STATE]
2026-03-05 20:15:39,956 | 65218 | INFO | pending_jobs = 10
2026-03-05 20:15:39,956 | 65218 | INFO | inflight_trials = [17, 18, 19, 20]
2026-03-05 20:15:39,956 | 65218 | INFO | queue[0000] trial 20 fold 1 no_physics
2026-03-05 20:15:39,957 | 65218 | INFO | queue[0001] trial 20 fold 2 no_physics
2026-03-05 20:15:39,957 | 65218 | INFO | queue[0002] trial 20 fold 3 no_physics
2026-03-05 20:15:39,957 | 65218 | INFO | queue[0003] trial 20 fold 4 no_physics
2026-03-05 20:15:39,957 | 65218 | INFO | queue[0004] trial 20 fold 5 no_physics
2026-03-05 20:15:39,957 | 65218 | INFO | queue[0005] trial 21 fold 1 no_physics
2026-03-05 20:15:39,957 | 65218 | INFO | queue[0006] trial 21 fold 2 no_physics
2026-03-05 20:15:39,957 | 65218 | INFO | queue[0007] trial 21 fold 3 no_physics
2026-03-05 20:15:39,957 | 65218 | INFO | queue[0008] trial 21 fold 4 no_physics
2026-03-05 20:15:39,957 | 65218 | INFO | queue[0009] trial 21 fold 5 no_physics
2026-03-05 20:15:39,957 | 65218 | INFO | [END BAYES QUEUE]
2026-03-05 20:16:41,401 | 65218 | INFO | [TRIAL COMPLETE] trial 18 no_physics NSE_1D=0.24093 NSE_1H=0.63338
2026-03-05 20:16:41,458 | 65218 | INFO | [ENQUEUE TRIAL] trial 22 no_physics
2026-03-05 20:16:41,458 | 65218 | INFO | [BAYES QUEUE STATE]
2026-03-05 20:16:41,459 | 65218 | INFO | pending_jobs = 9
2026-03-05 20:16:41,459 | 65218 | INFO | inflight_trials = [18, 19, 20, 21]
2026-03-05 20:16:41,459 | 65218 | INFO | queue[0000] trial 21 fold 2 no_physics
2026-03-05 20:16:41,459 | 65218 | INFO | queue[0001] trial 21 fold 3 no_physics
2026-03-05 20:16:41,459 | 65218 | INFO | queue[0002] trial 21 fold 4 no_physics
2026-03-05 20:16:41,459 | 65218 | INFO | queue[0003] trial 21 fold 5 no_physics
2026-03-05 20:16:41,459 | 65218 | INFO | queue[0004] trial 22 fold 1 no_physics
2026-03-05 20:16:41,460 | 65218 | INFO | queue[0005] trial 22 fold 2 no_physics
2026-03-05 20:16:41,460 | 65218 | INFO | queue[0006] trial 22 fold 3 no_physics
2026-03-05 20:16:41,460 | 65218 | INFO | queue[0007] trial 22 fold 4 no_physics
2026-03-05 20:16:41,460 | 65218 | INFO | queue[0008] trial 22 fold 5 no_physics
2026-03-05 20:16:41,460 | 65218 | INFO | [END BAYES QUEUE]
2026-03-05 20:16:41,519 | 65218 | INFO | [ENQUEUE TRIAL] trial 23 no_physics
2026-03-05 20:16:41,519 | 65218 | INFO | [BAYES QUEUE STATE]
2026-03-05 20:16:41,519 | 65218 | INFO | pending_jobs = 14
2026-03-05 20:16:41,519 | 65218 | INFO | inflight_trials = [18, 19, 20, 21, 22]
2026-03-05 20:16:41,519 | 65218 | INFO | queue[0000] trial 21 fold 2 no_physics
2026-03-05 20:16:41,519 | 65218 | INFO | queue[0001] trial 21 fold 3 no_physics
2026-03-05 20:16:41,520 | 65218 | INFO | queue[0002] trial 21 fold 4 no_physics
2026-03-05 20:16:41,520 | 65218 | INFO | queue[0003] trial 21 fold 5 no_physics
2026-03-05 20:16:41,520 | 65218 | INFO | queue[0004] trial 22 fold 1 no_physics
2026-03-05 20:16:41,520 | 65218 | INFO | queue[0005] trial 22 fold 2 no_physics
2026-03-05 20:16:41,520 | 65218 | INFO | queue[0006] trial 22 fold 3 no_physics
2026-03-05 20:16:41,520 | 65218 | INFO | queue[0007] trial 22 fold 4 no_physics
2026-03-05 20:16:41,520 | 65218 | INFO | queue[0008] trial 22 fold 5 no_physics
2026-03-05 20:16:41,520 | 65218 | INFO | queue[0009] trial 23 fold 1 no_physics
2026-03-05 20:16:41,520 | 65218 | INFO | queue[0010] trial 23 fold 2 no_physics
2026-03-05 20:16:41,520 | 65218 | INFO | queue[0011] trial 23 fold 3 no_physics
2026-03-05 20:16:41,520 | 65218 | INFO | queue[0012] trial 23 fold 4 no_physics
2026-03-05 20:16:41,520 | 65218 | INFO | queue[0013] trial 23 fold 5 no_physics
2026-03-05 20:16:41,520 | 65218 | INFO | [END BAYES QUEUE]
2026-03-05 20:17:25,981 | 65218 | INFO | [TRIAL COMPLETE] trial 19 no_physics NSE_1D=0.40461 NSE_1H=0.54617
2026-03-05 20:17:26,005 | 65218 | INFO | [ENQUEUE TRIAL] trial 24 no_physics
2026-03-05 20:17:26,005 | 65218 | INFO | [BAYES QUEUE STATE]
2026-03-05 20:17:26,005 | 65218 | INFO | pending_jobs = 14
2026-03-05 20:17:26,006 | 65218 | INFO | inflight_trials = [19, 20, 21, 22, 23]
2026-03-05 20:17:26,006 | 65218 | INFO | queue[0000] trial 22 fold 2 no_physics
2026-03-05 20:17:26,006 | 65218 | INFO | queue[0001] trial 22 fold 3 no_physics
2026-03-05 20:17:26,006 | 65218 | INFO | queue[0002] trial 22 fold 4 no_physics
2026-03-05 20:17:26,006 | 65218 | INFO | queue[0003] trial 22 fold 5 no_physics
2026-03-05 20:17:26,006 | 65218 | INFO | queue[0004] trial 23 fold 1 no_physics
2026-03-05 20:17:26,006 | 65218 | INFO | queue[0005] trial 23 fold 2 no_physics
2026-03-05 20:17:26,006 | 65218 | INFO | queue[0006] trial 23 fold 3 no_physics
2026-03-05 20:17:26,006 | 65218 | INFO | queue[0007] trial 23 fold 4 no_physics
2026-03-05 20:17:26,006 | 65218 | INFO | queue[0008] trial 23 fold 5 no_physics
2026-03-05 20:17:26,007 | 65218 | INFO | queue[0009] trial 24 fold 1 no_physics
2026-03-05 20:17:26,007 | 65218 | INFO | queue[0010] trial 24 fold 2 no_physics
2026-03-05 20:17:26,007 | 65218 | INFO | queue[0011] trial 24 fold 3 no_physics
2026-03-05 20:17:26,007 | 65218 | INFO | queue[0012] trial 24 fold 4 no_physics
2026-03-05 20:17:26,007 | 65218 | INFO | queue[0013] trial 24 fold 5 no_physics
2026-03-05 20:17:26,007 | 65218 | INFO | [END BAYES QUEUE]
2026-03-05 20:18:19,616 | 65218 | INFO | [TRIAL COMPLETE] trial 20 no_physics NSE_1D=0.47447 NSE_1H=0.61197
2026-03-05 20:18:19,650 | 65218 | INFO | [ENQUEUE TRIAL] trial 25 no_physics
2026-03-05 20:18:19,650 | 65218 | INFO | [BAYES QUEUE STATE]
2026-03-05 20:18:19,650 | 65218 | INFO | pending_jobs = 14
2026-03-05 20:18:19,651 | 65218 | INFO | inflight_trials = [20, 21, 22, 23, 24]
2026-03-05 20:18:19,651 | 65218 | INFO | queue[0000] trial 23 fold 2 no_physics
2026-03-05 20:18:19,651 | 65218 | INFO | queue[0001] trial 23 fold 3 no_physics
2026-03-05 20:18:19,652 | 65218 | INFO | queue[0002] trial 23 fold 4 no_physics
2026-03-05 20:18:19,652 | 65218 | INFO | queue[0003] trial 23 fold 5 no_physics
2026-03-05 20:18:19,652 | 65218 | INFO | queue[0004] trial 24 fold 1 no_physics
2026-03-05 20:18:19,652 | 65218 | INFO | queue[0005] trial 24 fold 2 no_physics
2026-03-05 20:18:19,652 | 65218 | INFO | queue[0006] trial 24 fold 3 no_physics
2026-03-05 20:18:19,652 | 65218 | INFO | queue[0007] trial 24 fold 4 no_physics
2026-03-05 20:18:19,652 | 65218 | INFO | queue[0008] trial 24 fold 5 no_physics
2026-03-05 20:18:19,652 | 65218 | INFO | queue[0009] trial 25 fold 1 no_physics
2026-03-05 20:18:19,652 | 65218 | INFO | queue[0010] trial 25 fold 2 no_physics
2026-03-05 20:18:19,652 | 65218 | INFO | queue[0011] trial 25 fold 3 no_physics
2026-03-05 20:18:19,652 | 65218 | INFO | queue[0012] trial 25 fold 4 no_physics
2026-03-05 20:18:19,652 | 65218 | INFO | queue[0013] trial 25 fold 5 no_physics
2026-03-05 20:18:19,653 | 65218 | INFO | [END BAYES QUEUE]
2026-03-05 20:19:07,797 | 65218 | INFO | [TRIAL COMPLETE] trial 21 no_physics NSE_1D=0.07726 NSE_1H=0.58795
2026-03-05 20:19:07,977 | 65218 | INFO | [ENQUEUE TRIAL] trial 26 no_physics
2026-03-05 20:19:07,978 | 65218 | INFO | [BAYES QUEUE STATE]
2026-03-05 20:19:07,978 | 65218 | INFO | pending_jobs = 14
2026-03-05 20:19:07,979 | 65218 | INFO | inflight_trials = [21, 22, 23, 24, 25]
2026-03-05 20:19:07,979 | 65218 | INFO | queue[0000] trial 24 fold 2 no_physics
2026-03-05 20:19:07,979 | 65218 | INFO | queue[0001] trial 24 fold 3 no_physics
2026-03-05 20:19:07,979 | 65218 | INFO | queue[0002] trial 24 fold 4 no_physics
2026-03-05 20:19:07,979 | 65218 | INFO | queue[0003] trial 24 fold 5 no_physics
2026-03-05 20:19:07,979 | 65218 | INFO | queue[0004] trial 25 fold 1 no_physics
2026-03-05 20:19:07,979 | 65218 | INFO | queue[0005] trial 25 fold 2 no_physics
2026-03-05 20:19:07,979 | 65218 | INFO | queue[0006] trial 25 fold 3 no_physics
2026-03-05 20:19:07,979 | 65218 | INFO | queue[0007] trial 25 fold 4 no_physics
2026-03-05 20:19:07,979 | 65218 | INFO | queue[0008] trial 25 fold 5 no_physics
2026-03-05 20:19:07,979 | 65218 | INFO | queue[0009] trial 26 fold 1 no_physics
2026-03-05 20:19:07,982 | 65218 | INFO | queue[0010] trial 26 fold 2 no_physics
2026-03-05 20:19:07,982 | 65218 | INFO | queue[0011] trial 26 fold 3 no_physics
2026-03-05 20:19:07,982 | 65218 | INFO | queue[0012] trial 26 fold 4 no_physics
2026-03-05 20:19:07,982 | 65218 | INFO | queue[0013] trial 26 fold 5 no_physics
2026-03-05 20:19:07,982 | 65218 | INFO | [END BAYES QUEUE]
2026-03-05 20:19:55,589 | 65218 | INFO | [TRIAL COMPLETE] trial 22 no_physics NSE_1D=0.38255 NSE_1H=0.57303
2026-03-05 20:19:55,635 | 65218 | INFO | [ENQUEUE TRIAL] trial 27 no_physics
2026-03-05 20:19:55,635 | 65218 | INFO | [BAYES QUEUE STATE]
2026-03-05 20:19:55,635 | 65218 | INFO | pending_jobs = 14
2026-03-05 20:19:55,635 | 65218 | INFO | inflight_trials = [22, 23, 24, 25, 26]
2026-03-05 20:19:55,635 | 65218 | INFO | queue[0000] trial 25 fold 2 no_physics
2026-03-05 20:19:55,635 | 65218 | INFO | queue[0001] trial 25 fold 3 no_physics
2026-03-05 20:19:55,635 | 65218 | INFO | queue[0002] trial 25 fold 4 no_physics
2026-03-05 20:19:55,635 | 65218 | INFO | queue[0003] trial 25 fold 5 no_physics
2026-03-05 20:19:55,635 | 65218 | INFO | queue[0004] trial 26 fold 1 no_physics
2026-03-05 20:19:55,635 | 65218 | INFO | queue[0005] trial 26 fold 2 no_physics
2026-03-05 20:19:55,636 | 65218 | INFO | queue[0006] trial 26 fold 3 no_physics
2026-03-05 20:19:55,636 | 65218 | INFO | queue[0007] trial 26 fold 4 no_physics
2026-03-05 20:19:55,636 | 65218 | INFO | queue[0008] trial 26 fold 5 no_physics
2026-03-05 20:19:55,636 | 65218 | INFO | queue[0009] trial 27 fold 1 no_physics
2026-03-05 20:19:55,636 | 65218 | INFO | queue[0010] trial 27 fold 2 no_physics
2026-03-05 20:19:55,636 | 65218 | INFO | queue[0011] trial 27 fold 3 no_physics
2026-03-05 20:19:55,636 | 65218 | INFO | queue[0012] trial 27 fold 4 no_physics
2026-03-05 20:19:55,637 | 65218 | INFO | queue[0013] trial 27 fold 5 no_physics
2026-03-05 20:19:55,637 | 65218 | INFO | [END BAYES QUEUE]
2026-03-05 20:20:39,223 | 65218 | INFO | [TRIAL COMPLETE] trial 23 no_physics NSE_1D=0.26019 NSE_1H=0.65831
2026-03-05 20:21:45,434 | 65218 | INFO | [TRIAL COMPLETE] trial 24 no_physics NSE_1D=0.10539 NSE_1H=0.63496
2026-03-05 20:21:45,466 | 65218 | INFO | [ENQUEUE TRIAL] trial 28 no_physics
2026-03-05 20:21:45,467 | 65218 | INFO | [BAYES QUEUE STATE]
2026-03-05 20:21:45,467 | 65218 | INFO | pending_jobs = 9
2026-03-05 20:21:45,467 | 65218 | INFO | inflight_trials = [24, 25, 26, 27]
2026-03-05 20:21:45,468 | 65218 | INFO | queue[0000] trial 27 fold 2 no_physics
2026-03-05 20:21:45,468 | 65218 | INFO | queue[0001] trial 27 fold 3 no_physics
2026-03-05 20:21:45,468 | 65218 | INFO | queue[0002] trial 27 fold 4 no_physics
2026-03-05 20:21:45,468 | 65218 | INFO | queue[0003] trial 27 fold 5 no_physics
2026-03-05 20:21:45,468 | 65218 | INFO | queue[0004] trial 28 fold 1 no_physics
2026-03-05 20:21:45,468 | 65218 | INFO | queue[0005] trial 28 fold 2 no_physics
2026-03-05 20:21:45,469 | 65218 | INFO | queue[0006] trial 28 fold 3 no_physics
2026-03-05 20:21:45,469 | 65218 | INFO | queue[0007] trial 28 fold 4 no_physics
2026-03-05 20:21:45,469 | 65218 | INFO | queue[0008] trial 28 fold 5 no_physics
2026-03-05 20:21:45,469 | 65218 | INFO | [END BAYES QUEUE]
2026-03-05 20:21:45,485 | 65218 | INFO | [ENQUEUE TRIAL] trial 29 no_physics
2026-03-05 20:21:45,485 | 65218 | INFO | [BAYES QUEUE STATE]
2026-03-05 20:21:45,485 | 65218 | INFO | pending_jobs = 14
2026-03-05 20:21:45,485 | 65218 | INFO | inflight_trials = [24, 25, 26, 27, 28]
2026-03-05 20:21:45,485 | 65218 | INFO | queue[0000] trial 27 fold 2 no_physics
2026-03-05 20:21:45,485 | 65218 | INFO | queue[0001] trial 27 fold 3 no_physics
2026-03-05 20:21:45,485 | 65218 | INFO | queue[0002] trial 27 fold 4 no_physics
2026-03-05 20:21:45,485 | 65218 | INFO | queue[0003] trial 27 fold 5 no_physics
2026-03-05 20:21:45,485 | 65218 | INFO | queue[0004] trial 28 fold 1 no_physics
2026-03-05 20:21:45,485 | 65218 | INFO | queue[0005] trial 28 fold 2 no_physics
2026-03-05 20:21:45,485 | 65218 | INFO | queue[0006] trial 28 fold 3 no_physics
2026-03-05 20:21:45,485 | 65218 | INFO | queue[0007] trial 28 fold 4 no_physics
2026-03-05 20:21:45,485 | 65218 | INFO | queue[0008] trial 28 fold 5 no_physics
2026-03-05 20:21:45,485 | 65218 | INFO | queue[0009] trial 29 fold 1 no_physics
2026-03-05 20:21:45,487 | 65218 | INFO | queue[0010] trial 29 fold 2 no_physics
2026-03-05 20:21:45,487 | 65218 | INFO | queue[0011] trial 29 fold 3 no_physics
2026-03-05 20:21:45,487 | 65218 | INFO | queue[0012] trial 29 fold 4 no_physics
2026-03-05 20:21:45,487 | 65218 | INFO | queue[0013] trial 29 fold 5 no_physics
2026-03-05 20:21:45,487 | 65218 | INFO | [END BAYES QUEUE]
2026-03-05 20:22:29,654 | 65218 | INFO | [TRIAL COMPLETE] trial 25 no_physics NSE_1D=0.37010 NSE_1H=0.64557
2026-03-05 20:23:36,769 | 65218 | INFO | [TRIAL COMPLETE] trial 26 no_physics NSE_1D=0.41124 NSE_1H=0.67431
2026-03-05 20:23:36,883 | 65218 | INFO | [ENQUEUE TRIAL] trial 30 no_physics
2026-03-05 20:23:36,883 | 65218 | INFO | [BAYES QUEUE STATE]
2026-03-05 20:23:36,883 | 65218 | INFO | pending_jobs = 9
2026-03-05 20:23:36,884 | 65218 | INFO | inflight_trials = [26, 27, 28, 29]
2026-03-05 20:23:36,884 | 65218 | INFO | queue[0000] trial 29 fold 2 no_physics
2026-03-05 20:23:36,884 | 65218 | INFO | queue[0001] trial 29 fold 3 no_physics
2026-03-05 20:23:36,884 | 65218 | INFO | queue[0002] trial 29 fold 4 no_physics
2026-03-05 20:23:36,884 | 65218 | INFO | queue[0003] trial 29 fold 5 no_physics
2026-03-05 20:23:36,884 | 65218 | INFO | queue[0004] trial 30 fold 1 no_physics
2026-03-05 20:23:36,884 | 65218 | INFO | queue[0005] trial 30 fold 2 no_physics
2026-03-05 20:23:36,884 | 65218 | INFO | queue[0006] trial 30 fold 3 no_physics
2026-03-05 20:23:36,884 | 65218 | INFO | queue[0007] trial 30 fold 4 no_physics
2026-03-05 20:23:36,884 | 65218 | INFO | queue[0008] trial 30 fold 5 no_physics
2026-03-05 20:23:36,884 | 65218 | INFO | [END BAYES QUEUE]
2026-03-05 20:23:36,954 | 65218 | INFO | [ENQUEUE TRIAL] trial 31 no_physics
2026-03-05 20:23:36,954 | 65218 | INFO | [BAYES QUEUE STATE]
2026-03-05 20:23:36,954 | 65218 | INFO | pending_jobs = 14
2026-03-05 20:23:36,954 | 65218 | INFO | inflight_trials = [26, 27, 28, 29, 30]
2026-03-05 20:23:36,954 | 65218 | INFO | queue[0000] trial 29 fold 2 no_physics
2026-03-05 20:23:36,955 | 65218 | INFO | queue[0001] trial 29 fold 3 no_physics
2026-03-05 20:23:36,955 | 65218 | INFO | queue[0002] trial 29 fold 4 no_physics
2026-03-05 20:23:36,955 | 65218 | INFO | queue[0003] trial 29 fold 5 no_physics
2026-03-05 20:23:36,955 | 65218 | INFO | queue[0004] trial 30 fold 1 no_physics
2026-03-05 20:23:36,955 | 65218 | INFO | queue[0005] trial 30 fold 2 no_physics
2026-03-05 20:23:36,955 | 65218 | INFO | queue[0006] trial 30 fold 3 no_physics
2026-03-05 20:23:36,955 | 65218 | INFO | queue[0007] trial 30 fold 4 no_physics
2026-03-05 20:23:36,955 | 65218 | INFO | queue[0008] trial 30 fold 5 no_physics
2026-03-05 20:23:36,955 | 65218 | INFO | queue[0009] trial 31 fold 1 no_physics
2026-03-05 20:23:36,955 | 65218 | INFO | queue[0010] trial 31 fold 2 no_physics
2026-03-05 20:23:36,955 | 65218 | INFO | queue[0011] trial 31 fold 3 no_physics
2026-03-05 20:23:36,955 | 65218 | INFO | queue[0012] trial 31 fold 4 no_physics
2026-03-05 20:23:36,955 | 65218 | INFO | queue[0013] trial 31 fold 5 no_physics
2026-03-05 20:23:36,955 | 65218 | INFO | [END BAYES QUEUE]
2026-03-05 20:24:26,892 | 65218 | INFO | [TRIAL COMPLETE] trial 27 no_physics NSE_1D=0.46702 NSE_1H=0.68548
2026-03-05 20:25:27,321 | 65218 | INFO | [TRIAL COMPLETE] trial 28 no_physics NSE_1D=0.40412 NSE_1H=0.65412
2026-03-05 20:25:27,341 | 65218 | INFO | [ENQUEUE TRIAL] trial 32 no_physics
2026-03-05 20:25:27,341 | 65218 | INFO | [BAYES QUEUE STATE]
2026-03-05 20:25:27,341 | 65218 | INFO | pending_jobs = 9
2026-03-05 20:25:27,341 | 65218 | INFO | inflight_trials = [28, 29, 30, 31]
2026-03-05 20:25:27,341 | 65218 | INFO | queue[0000] trial 31 fold 2 no_physics
2026-03-05 20:25:27,341 | 65218 | INFO | queue[0001] trial 31 fold 3 no_physics
2026-03-05 20:25:27,341 | 65218 | INFO | queue[0002] trial 31 fold 4 no_physics
2026-03-05 20:25:27,341 | 65218 | INFO | queue[0003] trial 31 fold 5 no_physics
2026-03-05 20:25:27,341 | 65218 | INFO | queue[0004] trial 32 fold 1 no_physics
2026-03-05 20:25:27,341 | 65218 | INFO | queue[0005] trial 32 fold 2 no_physics
2026-03-05 20:25:27,341 | 65218 | INFO | queue[0006] trial 32 fold 3 no_physics
2026-03-05 20:25:27,341 | 65218 | INFO | queue[0007] trial 32 fold 4 no_physics
2026-03-05 20:25:27,341 | 65218 | INFO | queue[0008] trial 32 fold 5 no_physics
2026-03-05 20:25:27,341 | 65218 | INFO | [END BAYES QUEUE]
2026-03-05 20:25:27,353 | 65218 | INFO | [ENQUEUE TRIAL] trial 33 no_physics
2026-03-05 20:25:27,354 | 65218 | INFO | [BAYES QUEUE STATE]
2026-03-05 20:25:27,354 | 65218 | INFO | pending_jobs = 14
2026-03-05 20:25:27,354 | 65218 | INFO | inflight_trials = [28, 29, 30, 31, 32]
2026-03-05 20:25:27,354 | 65218 | INFO | queue[0000] trial 31 fold 2 no_physics
2026-03-05 20:25:27,354 | 65218 | INFO | queue[0001] trial 31 fold 3 no_physics
2026-03-05 20:25:27,354 | 65218 | INFO | queue[0002] trial 31 fold 4 no_physics
2026-03-05 20:25:27,354 | 65218 | INFO | queue[0003] trial 31 fold 5 no_physics
2026-03-05 20:25:27,355 | 65218 | INFO | queue[0004] trial 32 fold 1 no_physics
2026-03-05 20:25:27,355 | 65218 | INFO | queue[0005] trial 32 fold 2 no_physics
2026-03-05 20:25:27,355 | 65218 | INFO | queue[0006] trial 32 fold 3 no_physics
2026-03-05 20:25:27,355 | 65218 | INFO | queue[0007] trial 32 fold 4 no_physics
2026-03-05 20:25:27,355 | 65218 | INFO | queue[0008] trial 32 fold 5 no_physics
2026-03-05 20:25:27,355 | 65218 | INFO | queue[0009] trial 33 fold 1 no_physics
2026-03-05 20:25:27,357 | 65218 | INFO | queue[0010] trial 33 fold 2 no_physics
2026-03-05 20:25:27,357 | 65218 | INFO | queue[0011] trial 33 fold 3 no_physics
2026-03-05 20:25:27,357 | 65218 | INFO | queue[0012] trial 33 fold 4 no_physics
2026-03-05 20:25:27,357 | 65218 | INFO | queue[0013] trial 33 fold 5 no_physics
2026-03-05 20:25:27,357 | 65218 | INFO | [END BAYES QUEUE]
2026-03-05 20:26:12,605 | 65218 | INFO | [TRIAL COMPLETE] trial 29 no_physics NSE_1D=0.32650 NSE_1H=0.68857
2026-03-05 20:26:12,633 | 65218 | INFO | [ENQUEUE TRIAL] trial 34 no_physics
2026-03-05 20:26:12,633 | 65218 | INFO | [BAYES QUEUE STATE]
2026-03-05 20:26:12,633 | 65218 | INFO | pending_jobs = 14
2026-03-05 20:26:12,633 | 65218 | INFO | inflight_trials = [29, 30, 31, 32, 33]
2026-03-05 20:26:12,633 | 65218 | INFO | queue[0000] trial 32 fold 2 no_physics
2026-03-05 20:26:12,634 | 65218 | INFO | queue[0001] trial 32 fold 3 no_physics
2026-03-05 20:26:12,634 | 65218 | INFO | queue[0002] trial 32 fold 4 no_physics
2026-03-05 20:26:12,634 | 65218 | INFO | queue[0003] trial 32 fold 5 no_physics
2026-03-05 20:26:12,634 | 65218 | INFO | queue[0004] trial 33 fold 1 no_physics
2026-03-05 20:26:12,634 | 65218 | INFO | queue[0005] trial 33 fold 2 no_physics
2026-03-05 20:26:12,634 | 65218 | INFO | queue[0006] trial 33 fold 3 no_physics
2026-03-05 20:26:12,634 | 65218 | INFO | queue[0007] trial 33 fold 4 no_physics
2026-03-05 20:26:12,634 | 65218 | INFO | queue[0008] trial 33 fold 5 no_physics
2026-03-05 20:26:12,634 | 65218 | INFO | queue[0009] trial 34 fold 1 no_physics
2026-03-05 20:26:12,634 | 65218 | INFO | queue[0010] trial 34 fold 2 no_physics
2026-03-05 20:26:12,634 | 65218 | INFO | queue[0011] trial 34 fold 3 no_physics
2026-03-05 20:26:12,635 | 65218 | INFO | queue[0012] trial 34 fold 4 no_physics
2026-03-05 20:26:12,635 | 65218 | INFO | queue[0013] trial 34 fold 5 no_physics
2026-03-05 20:26:12,635 | 65218 | INFO | [END BAYES QUEUE]
2026-03-05 20:26:36,323 | 65218 | INFO | [TRIAL COMPLETE] trial 30 no_physics NSE_1D=0.24297 NSE_1H=0.59014
2026-03-05 20:27:17,762 | 65218 | INFO | [TRIAL COMPLETE] trial 31 no_physics NSE_1D=0.43012 NSE_1H=0.57912
2026-03-05 20:27:17,787 | 65218 | INFO | [ENQUEUE TRIAL] trial 35 no_physics
2026-03-05 20:27:17,793 | 65218 | INFO | [BAYES QUEUE STATE]
2026-03-05 20:27:17,794 | 65218 | INFO | pending_jobs = 11
2026-03-05 20:27:17,794 | 65218 | INFO | inflight_trials = [31, 32, 33, 34]
2026-03-05 20:27:17,794 | 65218 | INFO | queue[0000] trial 33 fold 5 no_physics
2026-03-05 20:27:17,794 | 65218 | INFO | queue[0001] trial 34 fold 1 no_physics
2026-03-05 20:27:17,794 | 65218 | INFO | queue[0002] trial 34 fold 2 no_physics
2026-03-05 20:27:17,794 | 65218 | INFO | queue[0003] trial 34 fold 3 no_physics
2026-03-05 20:27:17,794 | 65218 | INFO | queue[0004] trial 34 fold 4 no_physics
2026-03-05 20:27:17,795 | 65218 | INFO | queue[0005] trial 34 fold 5 no_physics
2026-03-05 20:27:17,795 | 65218 | INFO | queue[0006] trial 35 fold 1 no_physics
2026-03-05 20:27:17,795 | 65218 | INFO | queue[0007] trial 35 fold 2 no_physics
2026-03-05 20:27:17,795 | 65218 | INFO | queue[0008] trial 35 fold 3 no_physics
2026-03-05 20:27:17,795 | 65218 | INFO | queue[0009] trial 35 fold 4 no_physics
2026-03-05 20:27:17,795 | 65218 | INFO | queue[0010] trial 35 fold 5 no_physics
2026-03-05 20:27:17,795 | 65218 | INFO | [END BAYES QUEUE]
2026-03-05 20:27:58,642 | 65218 | INFO | [TRIAL COMPLETE] trial 32 no_physics NSE_1D=0.37963 NSE_1H=0.59848
2026-03-05 20:27:58,663 | 65218 | INFO | [ENQUEUE TRIAL] trial 36 no_physics
2026-03-05 20:27:58,673 | 65218 | INFO | [BAYES QUEUE STATE]
2026-03-05 20:27:58,673 | 65218 | INFO | pending_jobs = 10
2026-03-05 20:27:58,674 | 65218 | INFO | inflight_trials = [32, 33, 34, 35]
2026-03-05 20:27:58,674 | 65218 | INFO | queue[0000] trial 35 fold 1 no_physics
2026-03-05 20:27:58,674 | 65218 | INFO | queue[0001] trial 35 fold 2 no_physics
2026-03-05 20:27:58,674 | 65218 | INFO | queue[0002] trial 35 fold 3 no_physics
2026-03-05 20:27:58,674 | 65218 | INFO | queue[0003] trial 35 fold 4 no_physics
2026-03-05 20:27:58,674 | 65218 | INFO | queue[0004] trial 35 fold 5 no_physics
2026-03-05 20:27:58,680 | 65218 | INFO | queue[0005] trial 36 fold 1 no_physics
2026-03-05 20:27:58,680 | 65218 | INFO | queue[0006] trial 36 fold 2 no_physics
2026-03-05 20:27:58,680 | 65218 | INFO | queue[0007] trial 36 fold 3 no_physics
2026-03-05 20:27:58,680 | 65218 | INFO | queue[0008] trial 36 fold 4 no_physics
2026-03-05 20:27:58,680 | 65218 | INFO | queue[0009] trial 36 fold 5 no_physics
2026-03-05 20:27:58,680 | 65218 | INFO | [END BAYES QUEUE]
2026-03-05 20:28:45,334 | 65218 | INFO | [TRIAL COMPLETE] trial 33 no_physics NSE_1D=0.37997 NSE_1H=0.52095
2026-03-05 20:28:45,359 | 65218 | INFO | [ENQUEUE TRIAL] trial 37 no_physics
2026-03-05 20:28:45,359 | 65218 | INFO | [BAYES QUEUE STATE]
2026-03-05 20:28:45,360 | 65218 | INFO | pending_jobs = 10
2026-03-05 20:28:45,360 | 65218 | INFO | inflight_trials = [33, 34, 35, 36]
2026-03-05 20:28:45,360 | 65218 | INFO | queue[0000] trial 36 fold 1 no_physics
2026-03-05 20:28:45,360 | 65218 | INFO | queue[0001] trial 36 fold 2 no_physics
2026-03-05 20:28:45,360 | 65218 | INFO | queue[0002] trial 36 fold 3 no_physics
2026-03-05 20:28:45,360 | 65218 | INFO | queue[0003] trial 36 fold 4 no_physics
2026-03-05 20:28:45,360 | 65218 | INFO | queue[0004] trial 36 fold 5 no_physics
2026-03-05 20:28:45,361 | 65218 | INFO | queue[0005] trial 37 fold 1 no_physics
2026-03-05 20:28:45,361 | 65218 | INFO | queue[0006] trial 37 fold 2 no_physics
2026-03-05 20:28:45,361 | 65218 | INFO | queue[0007] trial 37 fold 3 no_physics
2026-03-05 20:28:45,361 | 65218 | INFO | queue[0008] trial 37 fold 4 no_physics
2026-03-05 20:28:45,361 | 65218 | INFO | queue[0009] trial 37 fold 5 no_physics
2026-03-05 20:28:45,361 | 65218 | INFO | [END BAYES QUEUE]
2026-03-05 20:29:14,917 | 65218 | INFO | [TRIAL COMPLETE] trial 34 no_physics NSE_1D=0.33220 NSE_1H=0.58016
2026-03-05 20:29:15,023 | 65218 | INFO | [ENQUEUE TRIAL] trial 38 no_physics
2026-03-05 20:29:15,023 | 65218 | INFO | [BAYES QUEUE STATE]
2026-03-05 20:29:15,023 | 65218 | INFO | pending_jobs = 11
2026-03-05 20:29:15,023 | 65218 | INFO | inflight_trials = [34, 35, 36, 37]
2026-03-05 20:29:15,023 | 65218 | INFO | queue[0000] trial 36 fold 5 no_physics
2026-03-05 20:29:15,023 | 65218 | INFO | queue[0001] trial 37 fold 1 no_physics
2026-03-05 20:29:15,023 | 65218 | INFO | queue[0002] trial 37 fold 2 no_physics
2026-03-05 20:29:15,023 | 65218 | INFO | queue[0003] trial 37 fold 3 no_physics
2026-03-05 20:29:15,023 | 65218 | INFO | queue[0004] trial 37 fold 4 no_physics
2026-03-05 20:29:15,023 | 65218 | INFO | queue[0005] trial 37 fold 5 no_physics
2026-03-05 20:29:15,023 | 65218 | INFO | queue[0006] trial 38 fold 1 no_physics
2026-03-05 20:29:15,023 | 65218 | INFO | queue[0007] trial 38 fold 2 no_physics
2026-03-05 20:29:15,023 | 65218 | INFO | queue[0008] trial 38 fold 3 no_physics
2026-03-05 20:29:15,023 | 65218 | INFO | queue[0009] trial 38 fold 4 no_physics
2026-03-05 20:29:15,024 | 65218 | INFO | queue[0010] trial 38 fold 5 no_physics
2026-03-05 20:29:15,024 | 65218 | INFO | [END BAYES QUEUE]
2026-03-05 20:31:17,473 | 65218 | INFO | [TRIAL COMPLETE] trial 35 no_physics NSE_1D=0.42624 NSE_1H=0.57590
2026-03-05 20:31:17,497 | 65218 | INFO | [ENQUEUE TRIAL] trial 39 no_physics
2026-03-05 20:31:17,497 | 65218 | INFO | [BAYES QUEUE STATE]
2026-03-05 20:31:17,498 | 65218 | INFO | pending_jobs = 8
2026-03-05 20:31:17,498 | 65218 | INFO | inflight_trials = [35, 36, 37, 38]
2026-03-05 20:31:17,498 | 65218 | INFO | queue[0000] trial 38 fold 3 no_physics
2026-03-05 20:31:17,498 | 65218 | INFO | queue[0001] trial 38 fold 4 no_physics
2026-03-05 20:31:17,499 | 65218 | INFO | queue[0002] trial 38 fold 5 no_physics
2026-03-05 20:31:17,499 | 65218 | INFO | queue[0003] trial 39 fold 1 no_physics
2026-03-05 20:31:17,499 | 65218 | INFO | queue[0004] trial 39 fold 2 no_physics
2026-03-05 20:31:17,499 | 65218 | INFO | queue[0005] trial 39 fold 3 no_physics
2026-03-05 20:31:17,499 | 65218 | INFO | queue[0006] trial 39 fold 4 no_physics
2026-03-05 20:31:17,500 | 65218 | INFO | queue[0007] trial 39 fold 5 no_physics
2026-03-05 20:31:17,500 | 65218 | INFO | [END BAYES QUEUE]
2026-03-05 20:31:17,517 | 65218 | INFO | [ENQUEUE TRIAL] trial 40 no_physics
2026-03-05 20:31:17,517 | 65218 | INFO | [BAYES QUEUE STATE]
2026-03-05 20:31:17,517 | 65218 | INFO | pending_jobs = 13
2026-03-05 20:31:17,518 | 65218 | INFO | inflight_trials = [35, 36, 37, 38, 39]
2026-03-05 20:31:17,518 | 65218 | INFO | queue[0000] trial 38 fold 3 no_physics
2026-03-05 20:31:17,518 | 65218 | INFO | queue[0001] trial 38 fold 4 no_physics
2026-03-05 20:31:17,518 | 65218 | INFO | queue[0002] trial 38 fold 5 no_physics
2026-03-05 20:31:17,518 | 65218 | INFO | queue[0003] trial 39 fold 1 no_physics
2026-03-05 20:31:17,518 | 65218 | INFO | queue[0004] trial 39 fold 2 no_physics
2026-03-05 20:31:17,518 | 65218 | INFO | queue[0005] trial 39 fold 3 no_physics
2026-03-05 20:31:17,518 | 65218 | INFO | queue[0006] trial 39 fold 4 no_physics
2026-03-05 20:31:17,519 | 65218 | INFO | queue[0007] trial 39 fold 5 no_physics
2026-03-05 20:31:17,519 | 65218 | INFO | queue[0008] trial 40 fold 1 no_physics
2026-03-05 20:31:17,519 | 65218 | INFO | queue[0009] trial 40 fold 2 no_physics
2026-03-05 20:31:17,519 | 65218 | INFO | queue[0010] trial 40 fold 3 no_physics
2026-03-05 20:31:17,520 | 65218 | INFO | queue[0011] trial 40 fold 4 no_physics
2026-03-05 20:31:17,520 | 65218 | INFO | queue[0012] trial 40 fold 5 no_physics
2026-03-05 20:31:17,520 | 65218 | INFO | [END BAYES QUEUE]
2026-03-05 20:31:44,782 | 65218 | INFO | [TRIAL COMPLETE] trial 36 no_physics NSE_1D=0.40671 NSE_1H=0.63355
2026-03-05 20:32:48,479 | 65218 | INFO | [TRIAL COMPLETE] trial 37 no_physics NSE_1D=0.32634 NSE_1H=0.64124
2026-03-05 20:32:48,521 | 65218 | INFO | [ENQUEUE TRIAL] trial 41 no_physics
2026-03-05 20:32:48,521 | 65218 | INFO | [BAYES QUEUE STATE]
2026-03-05 20:32:48,521 | 65218 | INFO | pending_jobs = 9
2026-03-05 20:32:48,521 | 65218 | INFO | inflight_trials = [37, 38, 39, 40]
2026-03-05 20:32:48,521 | 65218 | INFO | queue[0000] trial 40 fold 2 no_physics
2026-03-05 20:32:48,521 | 65218 | INFO | queue[0001] trial 40 fold 3 no_physics
2026-03-05 20:32:48,521 | 65218 | INFO | queue[0002] trial 40 fold 4 no_physics
2026-03-05 20:32:48,521 | 65218 | INFO | queue[0003] trial 40 fold 5 no_physics
2026-03-05 20:32:48,521 | 65218 | INFO | queue[0004] trial 41 fold 1 no_physics
2026-03-05 20:32:48,521 | 65218 | INFO | queue[0005] trial 41 fold 2 no_physics
2026-03-05 20:32:48,521 | 65218 | INFO | queue[0006] trial 41 fold 3 no_physics
2026-03-05 20:32:48,521 | 65218 | INFO | queue[0007] trial 41 fold 4 no_physics
2026-03-05 20:32:48,522 | 65218 | INFO | queue[0008] trial 41 fold 5 no_physics
2026-03-05 20:32:48,522 | 65218 | INFO | [END BAYES QUEUE]
2026-03-05 20:32:48,644 | 65218 | INFO | [ENQUEUE TRIAL] trial 42 no_physics
2026-03-05 20:32:48,645 | 65218 | INFO | [BAYES QUEUE STATE]
2026-03-05 20:32:48,645 | 65218 | INFO | pending_jobs = 14
2026-03-05 20:32:48,645 | 65218 | INFO | inflight_trials = [37, 38, 39, 40, 41]
2026-03-05 20:32:48,645 | 65218 | INFO | queue[0000] trial 40 fold 2 no_physics
2026-03-05 20:32:48,645 | 65218 | INFO | queue[0001] trial 40 fold 3 no_physics
2026-03-05 20:32:48,645 | 65218 | INFO | queue[0002] trial 40 fold 4 no_physics
2026-03-05 20:32:48,645 | 65218 | INFO | queue[0003] trial 40 fold 5 no_physics
2026-03-05 20:32:48,645 | 65218 | INFO | queue[0004] trial 41 fold 1 no_physics
2026-03-05 20:32:48,645 | 65218 | INFO | queue[0005] trial 41 fold 2 no_physics
2026-03-05 20:32:48,645 | 65218 | INFO | queue[0006] trial 41 fold 3 no_physics
2026-03-05 20:32:48,646 | 65218 | INFO | queue[0007] trial 41 fold 4 no_physics
2026-03-05 20:32:48,646 | 65218 | INFO | queue[0008] trial 41 fold 5 no_physics
2026-03-05 20:32:48,646 | 65218 | INFO | queue[0009] trial 42 fold 1 no_physics
2026-03-05 20:32:48,646 | 65218 | INFO | queue[0010] trial 42 fold 2 no_physics
2026-03-05 20:32:48,646 | 65218 | INFO | queue[0011] trial 42 fold 3 no_physics
2026-03-05 20:32:48,646 | 65218 | INFO | queue[0012] trial 42 fold 4 no_physics
2026-03-05 20:32:48,646 | 65218 | INFO | queue[0013] trial 42 fold 5 no_physics
2026-03-05 20:32:48,646 | 65218 | INFO | [END BAYES QUEUE]
2026-03-05 20:33:43,312 | 65218 | INFO | [TRIAL COMPLETE] trial 38 no_physics NSE_1D=0.17079 NSE_1H=0.61417
2026-03-05 20:33:43,442 | 65218 | INFO | [ENQUEUE TRIAL] trial 43 no_physics
2026-03-05 20:33:43,442 | 65218 | INFO | [BAYES QUEUE STATE]
2026-03-05 20:33:43,443 | 65218 | INFO | pending_jobs = 13
2026-03-05 20:33:43,443 | 65218 | INFO | inflight_trials = [38, 39, 40, 41, 42]
2026-03-05 20:33:43,443 | 65218 | INFO | queue[0000] trial 41 fold 3 no_physics
2026-03-05 20:33:43,443 | 65218 | INFO | queue[0001] trial 41 fold 4 no_physics
2026-03-05 20:33:43,443 | 65218 | INFO | queue[0002] trial 41 fold 5 no_physics
2026-03-05 20:33:43,443 | 65218 | INFO | queue[0003] trial 42 fold 1 no_physics
2026-03-05 20:33:43,443 | 65218 | INFO | queue[0004] trial 42 fold 2 no_physics
2026-03-05 20:33:43,443 | 65218 | INFO | queue[0005] trial 42 fold 3 no_physics
2026-03-05 20:33:43,443 | 65218 | INFO | queue[0006] trial 42 fold 4 no_physics
2026-03-05 20:33:43,444 | 65218 | INFO | queue[0007] trial 42 fold 5 no_physics
2026-03-05 20:33:43,444 | 65218 | INFO | queue[0008] trial 43 fold 1 no_physics
2026-03-05 20:33:43,444 | 65218 | INFO | queue[0009] trial 43 fold 2 no_physics
2026-03-05 20:33:43,444 | 65218 | INFO | queue[0010] trial 43 fold 3 no_physics
2026-03-05 20:33:43,444 | 65218 | INFO | queue[0011] trial 43 fold 4 no_physics
2026-03-05 20:33:43,445 | 65218 | INFO | queue[0012] trial 43 fold 5 no_physics
2026-03-05 20:33:43,445 | 65218 | INFO | [END BAYES QUEUE]
2026-03-05 20:33:44,982 | 65218 | INFO | [TRIAL COMPLETE] trial 39 no_physics NSE_1D=0.35521 NSE_1H=0.50746
2026-03-05 20:34:18,801 | 65218 | INFO | [TRIAL COMPLETE] trial 40 no_physics NSE_1D=0.50901 NSE_1H=0.50770
2026-03-05 20:34:18,897 | 65218 | INFO | [ENQUEUE TRIAL] trial 44 no_physics
2026-03-05 20:34:18,897 | 65218 | INFO | [BAYES QUEUE STATE]
2026-03-05 20:34:18,897 | 65218 | INFO | pending_jobs = 12
2026-03-05 20:34:18,897 | 65218 | INFO | inflight_trials = [40, 41, 42, 43]
2026-03-05 20:34:18,897 | 65218 | INFO | queue[0000] trial 42 fold 4 no_physics
2026-03-05 20:34:18,898 | 65218 | INFO | queue[0001] trial 42 fold 5 no_physics
2026-03-05 20:34:18,898 | 65218 | INFO | queue[0002] trial 43 fold 1 no_physics
2026-03-05 20:34:18,898 | 65218 | INFO | queue[0003] trial 43 fold 2 no_physics
2026-03-05 20:34:18,898 | 65218 | INFO | queue[0004] trial 43 fold 3 no_physics
2026-03-05 20:34:18,898 | 65218 | INFO | queue[0005] trial 43 fold 4 no_physics
2026-03-05 20:34:18,898 | 65218 | INFO | queue[0006] trial 43 fold 5 no_physics
2026-03-05 20:34:18,898 | 65218 | INFO | queue[0007] trial 44 fold 1 no_physics
2026-03-05 20:34:18,898 | 65218 | INFO | queue[0008] trial 44 fold 2 no_physics
2026-03-05 20:34:18,898 | 65218 | INFO | queue[0009] trial 44 fold 3 no_physics
2026-03-05 20:34:18,898 | 65218 | INFO | queue[0010] trial 44 fold 4 no_physics
2026-03-05 20:34:18,898 | 65218 | INFO | queue[0011] trial 44 fold 5 no_physics
2026-03-05 20:34:18,898 | 65218 | INFO | [END BAYES QUEUE]
2026-03-05 20:35:05,164 | 65218 | INFO | [TRIAL COMPLETE] trial 41 no_physics NSE_1D=0.33557 NSE_1H=0.50398
2026-03-05 20:35:05,193 | 65218 | INFO | [ENQUEUE TRIAL] trial 45 no_physics
2026-03-05 20:35:05,194 | 65218 | INFO | [BAYES QUEUE STATE]
2026-03-05 20:35:05,194 | 65218 | INFO | pending_jobs = 10
2026-03-05 20:35:05,194 | 65218 | INFO | inflight_trials = [41, 42, 43, 44]
2026-03-05 20:35:05,194 | 65218 | INFO | queue[0000] trial 44 fold 1 no_physics
2026-03-05 20:35:05,194 | 65218 | INFO | queue[0001] trial 44 fold 2 no_physics
2026-03-05 20:35:05,194 | 65218 | INFO | queue[0002] trial 44 fold 3 no_physics
2026-03-05 20:35:05,194 | 65218 | INFO | queue[0003] trial 44 fold 4 no_physics
2026-03-05 20:35:05,194 | 65218 | INFO | queue[0004] trial 44 fold 5 no_physics
2026-03-05 20:35:05,194 | 65218 | INFO | queue[0005] trial 45 fold 1 no_physics
2026-03-05 20:35:05,194 | 65218 | INFO | queue[0006] trial 45 fold 2 no_physics
2026-03-05 20:35:05,194 | 65218 | INFO | queue[0007] trial 45 fold 3 no_physics
2026-03-05 20:35:05,194 | 65218 | INFO | queue[0008] trial 45 fold 4 no_physics
2026-03-05 20:35:05,195 | 65218 | INFO | queue[0009] trial 45 fold 5 no_physics
2026-03-05 20:35:05,195 | 65218 | INFO | [END BAYES QUEUE]
2026-03-05 20:35:40,673 | 65218 | INFO | [TRIAL COMPLETE] trial 42 no_physics NSE_1D=0.37660 NSE_1H=0.50939
2026-03-05 20:35:40,693 | 65218 | INFO | [ENQUEUE TRIAL] trial 46 no_physics
2026-03-05 20:35:40,694 | 65218 | INFO | [BAYES QUEUE STATE]
2026-03-05 20:35:40,694 | 65218 | INFO | pending_jobs = 11
2026-03-05 20:35:40,694 | 65218 | INFO | inflight_trials = [42, 43, 44, 45]
2026-03-05 20:35:40,694 | 65218 | INFO | queue[0000] trial 44 fold 5 no_physics
2026-03-05 20:35:40,695 | 65218 | INFO | queue[0001] trial 45 fold 1 no_physics
2026-03-05 20:35:40,695 | 65218 | INFO | queue[0002] trial 45 fold 2 no_physics
2026-03-05 20:35:40,695 | 65218 | INFO | queue[0003] trial 45 fold 3 no_physics
2026-03-05 20:35:40,695 | 65218 | INFO | queue[0004] trial 45 fold 4 no_physics
2026-03-05 20:35:40,695 | 65218 | INFO | queue[0005] trial 45 fold 5 no_physics
2026-03-05 20:35:40,695 | 65218 | INFO | queue[0006] trial 46 fold 1 no_physics
2026-03-05 20:35:40,695 | 65218 | INFO | queue[0007] trial 46 fold 2 no_physics
2026-03-05 20:35:40,695 | 65218 | INFO | queue[0008] trial 46 fold 3 no_physics
2026-03-05 20:35:40,696 | 65218 | INFO | queue[0009] trial 46 fold 4 no_physics
2026-03-05 20:35:40,696 | 65218 | INFO | queue[0010] trial 46 fold 5 no_physics
2026-03-05 20:35:40,696 | 65218 | INFO | [END BAYES QUEUE]
2026-03-05 20:36:28,034 | 65218 | INFO | [TRIAL COMPLETE] trial 43 no_physics NSE_1D=0.34926 NSE_1H=0.44989
2026-03-05 20:36:28,132 | 65218 | INFO | [ENQUEUE TRIAL] trial 47 no_physics
2026-03-05 20:36:28,139 | 65218 | INFO | [BAYES QUEUE STATE]
2026-03-05 20:36:28,139 | 65218 | INFO | pending_jobs = 11
2026-03-05 20:36:28,140 | 65218 | INFO | inflight_trials = [43, 44, 45, 46]
2026-03-05 20:36:28,140 | 65218 | INFO | queue[0000] trial 45 fold 5 no_physics
2026-03-05 20:36:28,140 | 65218 | INFO | queue[0001] trial 46 fold 1 no_physics
2026-03-05 20:36:28,140 | 65218 | INFO | queue[0002] trial 46 fold 2 no_physics
2026-03-05 20:36:28,141 | 65218 | INFO | queue[0003] trial 46 fold 3 no_physics
2026-03-05 20:36:28,141 | 65218 | INFO | queue[0004] trial 46 fold 4 no_physics
2026-03-05 20:36:28,141 | 65218 | INFO | queue[0005] trial 46 fold 5 no_physics
2026-03-05 20:36:28,141 | 65218 | INFO | queue[0006] trial 47 fold 1 no_physics
2026-03-05 20:36:28,142 | 65218 | INFO | queue[0007] trial 47 fold 2 no_physics
2026-03-05 20:36:28,142 | 65218 | INFO | queue[0008] trial 47 fold 3 no_physics
2026-03-05 20:36:28,142 | 65218 | INFO | queue[0009] trial 47 fold 4 no_physics
2026-03-05 20:36:28,142 | 65218 | INFO | queue[0010] trial 47 fold 5 no_physics
2026-03-05 20:36:28,142 | 65218 | INFO | [END BAYES QUEUE]
2026-03-05 20:39:12,292 | 65218 | INFO | [TRIAL COMPLETE] trial 44 no_physics NSE_1D=-0.02058 NSE_1H=0.53839
2026-03-05 20:39:12,323 | 65218 | INFO | [ENQUEUE TRIAL] trial 48 no_physics
2026-03-05 20:39:12,324 | 65218 | INFO | [BAYES QUEUE STATE]
2026-03-05 20:39:12,324 | 65218 | INFO | pending_jobs = 7
2026-03-05 20:39:12,324 | 65218 | INFO | inflight_trials = [44, 45, 46, 47]
2026-03-05 20:39:12,324 | 65218 | INFO | queue[0000] trial 47 fold 4 no_physics
2026-03-05 20:39:12,324 | 65218 | INFO | queue[0001] trial 47 fold 5 no_physics
2026-03-05 20:39:12,324 | 65218 | INFO | queue[0002] trial 48 fold 1 no_physics
2026-03-05 20:39:12,325 | 65218 | INFO | queue[0003] trial 48 fold 2 no_physics
2026-03-05 20:39:12,325 | 65218 | INFO | queue[0004] trial 48 fold 3 no_physics
2026-03-05 20:39:12,325 | 65218 | INFO | queue[0005] trial 48 fold 4 no_physics
2026-03-05 20:39:12,325 | 65218 | INFO | queue[0006] trial 48 fold 5 no_physics
2026-03-05 20:39:12,325 | 65218 | INFO | [END BAYES QUEUE]
2026-03-05 20:40:11,807 | 65218 | INFO | [TRIAL COMPLETE] trial 45 no_physics NSE_1D=0.31642 NSE_1H=0.60102
2026-03-05 20:41:07,127 | 65218 | INFO | [TRIAL COMPLETE] trial 46 no_physics NSE_1D=0.48220 NSE_1H=0.59325
2026-03-05 20:41:47,365 | 65218 | INFO | [TRIAL COMPLETE] trial 47 no_physics NSE_1D=0.36941 NSE_1H=0.66435
2026-03-05 20:42:05,207 | 65218 | INFO | [TRIAL COMPLETE] trial 48 no_physics NSE_1D=0.30419 NSE_1H=0.66713
2026-03-05 20:42:05,320 | 65218 | INFO | [BAYES] physics: 2 parallel trials x 5 folds = up to 10 workers
2026-03-05 20:42:05,323 | 65218 | INFO | [ENQUEUE TRIAL] trial 1 physics
2026-03-05 20:42:05,323 | 65218 | INFO | [BAYES QUEUE STATE]
2026-03-05 20:42:05,323 | 65218 | INFO | pending_jobs = 5
2026-03-05 20:42:05,323 | 65218 | INFO | inflight_trials = [0]
2026-03-05 20:42:05,323 | 65218 | INFO | queue[0000] trial 1 fold 1 physics
2026-03-05 20:42:05,323 | 65218 | INFO | queue[0001] trial 1 fold 2 physics
2026-03-05 20:42:05,323 | 65218 | INFO | queue[0002] trial 1 fold 3 physics
2026-03-05 20:42:05,323 | 65218 | INFO | queue[0003] trial 1 fold 4 physics
2026-03-05 20:42:05,323 | 65218 | INFO | queue[0004] trial 1 fold 5 physics
2026-03-05 20:42:05,323 | 65218 | INFO | [END BAYES QUEUE]
2026-03-05 20:42:05,324 | 65218 | INFO | [ENQUEUE TRIAL] trial 2 physics
2026-03-05 20:42:05,325 | 65218 | INFO | [BAYES QUEUE STATE]
2026-03-05 20:42:05,325 | 65218 | INFO | pending_jobs = 10
2026-03-05 20:42:05,325 | 65218 | INFO | inflight_trials = [0, 1]
2026-03-05 20:42:05,325 | 65218 | INFO | queue[0000] trial 1 fold 1 physics
2026-03-05 20:42:05,325 | 65218 | INFO | queue[0001] trial 1 fold 2 physics
2026-03-05 20:42:05,325 | 65218 | INFO | queue[0002] trial 1 fold 3 physics
2026-03-05 20:42:05,325 | 65218 | INFO | queue[0003] trial 1 fold 4 physics
2026-03-05 20:42:05,325 | 65218 | INFO | queue[0004] trial 1 fold 5 physics
2026-03-05 20:42:05,325 | 65218 | INFO | queue[0005] trial 2 fold 1 physics
2026-03-05 20:42:05,325 | 65218 | INFO | queue[0006] trial 2 fold 2 physics
2026-03-05 20:42:05,325 | 65218 | INFO | queue[0007] trial 2 fold 3 physics
2026-03-05 20:42:05,325 | 65218 | INFO | queue[0008] trial 2 fold 4 physics
2026-03-05 20:42:05,325 | 65218 | INFO | queue[0009] trial 2 fold 5 physics
2026-03-05 20:42:05,325 | 65218 | INFO | [END BAYES QUEUE]
2026-03-05 20:44:40,586 | 65218 | INFO | [TRIAL COMPLETE] trial 1 physics NSE_1D=0.54172 NSE_1H=0.65904
2026-03-05 20:44:40,589 | 65218 | INFO | [ENQUEUE TRIAL] trial 3 physics
2026-03-05 20:44:40,589 | 65218 | INFO | [BAYES QUEUE STATE]
2026-03-05 20:44:40,589 | 65218 | INFO | pending_jobs = 5
2026-03-05 20:44:40,589 | 65218 | INFO | inflight_trials = [1, 2]
2026-03-05 20:44:40,589 | 65218 | INFO | queue[0000] trial 3 fold 1 physics
2026-03-05 20:44:40,589 | 65218 | INFO | queue[0001] trial 3 fold 2 physics
2026-03-05 20:44:40,589 | 65218 | INFO | queue[0002] trial 3 fold 3 physics
2026-03-05 20:44:40,589 | 65218 | INFO | queue[0003] trial 3 fold 4 physics
2026-03-05 20:44:40,589 | 65218 | INFO | queue[0004] trial 3 fold 5 physics
2026-03-05 20:44:40,589 | 65218 | INFO | [END BAYES QUEUE]
2026-03-05 20:44:40,592 | 65218 | INFO | [ENQUEUE TRIAL] trial 4 physics
2026-03-05 20:44:40,592 | 65218 | INFO | [BAYES QUEUE STATE]
2026-03-05 20:44:40,592 | 65218 | INFO | pending_jobs = 10
2026-03-05 20:44:40,592 | 65218 | INFO | inflight_trials = [1, 2, 3]
2026-03-05 20:44:40,592 | 65218 | INFO | queue[0000] trial 3 fold 1 physics
2026-03-05 20:44:40,592 | 65218 | INFO | queue[0001] trial 3 fold 2 physics
2026-03-05 20:44:40,592 | 65218 | INFO | queue[0002] trial 3 fold 3 physics
2026-03-05 20:44:40,592 | 65218 | INFO | queue[0003] trial 3 fold 4 physics
2026-03-05 20:44:40,592 | 65218 | INFO | queue[0004] trial 3 fold 5 physics
2026-03-05 20:44:40,592 | 65218 | INFO | queue[0005] trial 4 fold 1 physics
2026-03-05 20:44:40,592 | 65218 | INFO | queue[0006] trial 4 fold 2 physics
2026-03-05 20:44:40,592 | 65218 | INFO | queue[0007] trial 4 fold 3 physics
2026-03-05 20:44:40,592 | 65218 | INFO | queue[0008] trial 4 fold 4 physics
2026-03-05 20:44:40,592 | 65218 | INFO | queue[0009] trial 4 fold 5 physics
2026-03-05 20:44:40,592 | 65218 | INFO | [END BAYES QUEUE]
2026-03-05 20:46:54,414 | 65218 | INFO | [TRIAL COMPLETE] trial 2 physics NSE_1D=0.61901 NSE_1H=0.76194
2026-03-05 20:46:54,572 | 65218 | INFO | [ENQUEUE TRIAL] trial 5 physics
2026-03-05 20:46:54,572 | 65218 | INFO | [BAYES QUEUE STATE]
2026-03-05 20:46:54,572 | 65218 | INFO | pending_jobs = 7
2026-03-05 20:46:54,572 | 65218 | INFO | inflight_trials = [2, 3, 4]
2026-03-05 20:46:54,572 | 65218 | INFO | queue[0000] trial 4 fold 4 physics
2026-03-05 20:46:54,572 | 65218 | INFO | queue[0001] trial 4 fold 5 physics
2026-03-05 20:46:54,573 | 65218 | INFO | queue[0002] trial 5 fold 1 physics
2026-03-05 20:46:54,573 | 65218 | INFO | queue[0003] trial 5 fold 2 physics
2026-03-05 20:46:54,573 | 65218 | INFO | queue[0004] trial 5 fold 3 physics
2026-03-05 20:46:54,573 | 65218 | INFO | queue[0005] trial 5 fold 4 physics
2026-03-05 20:46:54,573 | 65218 | INFO | queue[0006] trial 5 fold 5 physics
2026-03-05 20:46:54,578 | 65218 | INFO | [END BAYES QUEUE]
2026-03-05 20:46:54,655 | 65218 | INFO | [ENQUEUE TRIAL] trial 6 physics
2026-03-05 20:46:54,655 | 65218 | INFO | [BAYES QUEUE STATE]
2026-03-05 20:46:54,655 | 65218 | INFO | pending_jobs = 12
2026-03-05 20:46:54,655 | 65218 | INFO | inflight_trials = [2, 3, 4, 5]
2026-03-05 20:46:54,655 | 65218 | INFO | queue[0000] trial 4 fold 4 physics
2026-03-05 20:46:54,655 | 65218 | INFO | queue[0001] trial 4 fold 5 physics
2026-03-05 20:46:54,673 | 65218 | INFO | queue[0002] trial 5 fold 1 physics
2026-03-05 20:46:54,674 | 65218 | INFO | queue[0003] trial 5 fold 2 physics
2026-03-05 20:46:54,674 | 65218 | INFO | queue[0004] trial 5 fold 3 physics
2026-03-05 20:46:54,674 | 65218 | INFO | queue[0005] trial 5 fold 4 physics
2026-03-05 20:46:54,674 | 65218 | INFO | queue[0006] trial 5 fold 5 physics
2026-03-05 20:46:54,674 | 65218 | INFO | queue[0007] trial 6 fold 1 physics
2026-03-05 20:46:54,674 | 65218 | INFO | queue[0008] trial 6 fold 2 physics
2026-03-05 20:46:54,674 | 65218 | INFO | queue[0009] trial 6 fold 3 physics
2026-03-05 20:46:54,683 | 65218 | INFO | queue[0010] trial 6 fold 4 physics
2026-03-05 20:46:54,683 | 65218 | INFO | queue[0011] trial 6 fold 5 physics
2026-03-05 20:46:54,683 | 65218 | INFO | [END BAYES QUEUE]
2026-03-05 20:48:16,562 | 65218 | INFO | [TRIAL COMPLETE] trial 3 physics NSE_1D=0.62359 NSE_1H=0.81120
2026-03-05 20:48:16,662 | 65218 | INFO | [ENQUEUE TRIAL] trial 7 physics
2026-03-05 20:48:16,663 | 65218 | INFO | [BAYES QUEUE STATE]
2026-03-05 20:48:16,663 | 65218 | INFO | pending_jobs = 9
2026-03-05 20:48:16,663 | 65218 | INFO | inflight_trials = [3, 4, 5, 6]
2026-03-05 20:48:16,663 | 65218 | INFO | queue[0000] trial 6 fold 2 physics
2026-03-05 20:48:16,663 | 65218 | INFO | queue[0001] trial 6 fold 3 physics
2026-03-05 20:48:16,663 | 65218 | INFO | queue[0002] trial 6 fold 4 physics
2026-03-05 20:48:16,663 | 65218 | INFO | queue[0003] trial 6 fold 5 physics
2026-03-05 20:48:16,663 | 65218 | INFO | queue[0004] trial 7 fold 1 physics
2026-03-05 20:48:16,663 | 65218 | INFO | queue[0005] trial 7 fold 2 physics
2026-03-05 20:48:16,663 | 65218 | INFO | queue[0006] trial 7 fold 3 physics
2026-03-05 20:48:16,663 | 65218 | INFO | queue[0007] trial 7 fold 4 physics
2026-03-05 20:48:16,663 | 65218 | INFO | queue[0008] trial 7 fold 5 physics
2026-03-05 20:48:16,663 | 65218 | INFO | [END BAYES QUEUE]
2026-03-05 20:48:16,714 | 65218 | INFO | [ENQUEUE TRIAL] trial 8 physics
2026-03-05 20:48:16,715 | 65218 | INFO | [BAYES QUEUE STATE]
2026-03-05 20:48:16,715 | 65218 | INFO | pending_jobs = 14
2026-03-05 20:48:16,715 | 65218 | INFO | inflight_trials = [3, 4, 5, 6, 7]
2026-03-05 20:48:16,715 | 65218 | INFO | queue[0000] trial 6 fold 2 physics
2026-03-05 20:48:16,715 | 65218 | INFO | queue[0001] trial 6 fold 3 physics
2026-03-05 20:48:16,715 | 65218 | INFO | queue[0002] trial 6 fold 4 physics
2026-03-05 20:48:16,715 | 65218 | INFO | queue[0003] trial 6 fold 5 physics
2026-03-05 20:48:16,715 | 65218 | INFO | queue[0004] trial 7 fold 1 physics
2026-03-05 20:48:16,715 | 65218 | INFO | queue[0005] trial 7 fold 2 physics
2026-03-05 20:48:16,715 | 65218 | INFO | queue[0006] trial 7 fold 3 physics
2026-03-05 20:48:16,715 | 65218 | INFO | queue[0007] trial 7 fold 4 physics
2026-03-05 20:48:16,715 | 65218 | INFO | queue[0008] trial 7 fold 5 physics
2026-03-05 20:48:16,715 | 65218 | INFO | queue[0009] trial 8 fold 1 physics
2026-03-05 20:48:16,724 | 65218 | INFO | queue[0010] trial 8 fold 2 physics
2026-03-05 20:48:16,725 | 65218 | INFO | queue[0011] trial 8 fold 3 physics
2026-03-05 20:48:16,725 | 65218 | INFO | queue[0012] trial 8 fold 4 physics
2026-03-05 20:48:16,725 | 65218 | INFO | queue[0013] trial 8 fold 5 physics
2026-03-05 20:48:16,725 | 65218 | INFO | [END BAYES QUEUE]
2026-03-05 20:50:33,963 | 65218 | INFO | [TRIAL COMPLETE] trial 5 physics NSE_1D=0.59252 NSE_1H=0.63413
2026-03-05 20:50:34,076 | 65218 | INFO | [ENQUEUE TRIAL] trial 9 physics
2026-03-05 20:50:34,076 | 65218 | INFO | [BAYES QUEUE STATE]
2026-03-05 20:50:34,077 | 65218 | INFO | pending_jobs = 12
2026-03-05 20:50:34,077 | 65218 | INFO | inflight_trials = [3, 5, 6, 7, 8]
2026-03-05 20:50:34,077 | 65218 | INFO | queue[0000] trial 7 fold 4 physics
2026-03-05 20:50:34,077 | 65218 | INFO | queue[0001] trial 7 fold 5 physics
2026-03-05 20:50:34,077 | 65218 | INFO | queue[0002] trial 8 fold 1 physics
2026-03-05 20:50:34,077 | 65218 | INFO | queue[0003] trial 8 fold 2 physics
2026-03-05 20:50:34,077 | 65218 | INFO | queue[0004] trial 8 fold 3 physics
2026-03-05 20:50:34,077 | 65218 | INFO | queue[0005] trial 8 fold 4 physics
2026-03-05 20:50:34,077 | 65218 | INFO | queue[0006] trial 8 fold 5 physics
2026-03-05 20:50:34,077 | 65218 | INFO | queue[0007] trial 9 fold 1 physics
2026-03-05 20:50:34,077 | 65218 | INFO | queue[0008] trial 9 fold 2 physics
2026-03-05 20:50:34,077 | 65218 | INFO | queue[0009] trial 9 fold 3 physics
2026-03-05 20:50:34,077 | 65218 | INFO | queue[0010] trial 9 fold 4 physics
2026-03-05 20:50:34,078 | 65218 | INFO | queue[0011] trial 9 fold 5 physics
2026-03-05 20:50:34,078 | 65218 | INFO | [END BAYES QUEUE]
2026-03-05 20:50:38,677 | 65218 | INFO | [TRIAL COMPLETE] trial 4 physics NSE_1D=0.57551 NSE_1H=0.75632
2026-03-05 20:52:24,800 | 65218 | INFO | [TRIAL COMPLETE] trial 6 physics NSE_1D=0.55315 NSE_1H=0.67083
2026-03-05 20:52:24,875 | 65218 | INFO | [ENQUEUE TRIAL] trial 10 physics
2026-03-05 20:52:24,875 | 65218 | INFO | [BAYES QUEUE STATE]
2026-03-05 20:52:24,875 | 65218 | INFO | pending_jobs = 11
2026-03-05 20:52:24,875 | 65218 | INFO | inflight_trials = [6, 7, 8, 9]
2026-03-05 20:52:24,875 | 65218 | INFO | queue[0000] trial 8 fold 5 physics
2026-03-05 20:52:24,875 | 65218 | INFO | queue[0001] trial 9 fold 1 physics
2026-03-05 20:52:24,875 | 65218 | INFO | queue[0002] trial 9 fold 2 physics
2026-03-05 20:52:24,875 | 65218 | INFO | queue[0003] trial 9 fold 3 physics
2026-03-05 20:52:24,876 | 65218 | INFO | queue[0004] trial 9 fold 4 physics
2026-03-05 20:52:24,878 | 65218 | INFO | queue[0005] trial 9 fold 5 physics
2026-03-05 20:52:24,879 | 65218 | INFO | queue[0006] trial 10 fold 1 physics
2026-03-05 20:52:24,879 | 65218 | INFO | queue[0007] trial 10 fold 2 physics
2026-03-05 20:52:24,879 | 65218 | INFO | queue[0008] trial 10 fold 3 physics
2026-03-05 20:52:24,879 | 65218 | INFO | queue[0009] trial 10 fold 4 physics
2026-03-05 20:52:24,879 | 65218 | INFO | queue[0010] trial 10 fold 5 physics
2026-03-05 20:52:24,879 | 65218 | INFO | [END BAYES QUEUE]
2026-03-05 20:53:08,696 | 65218 | INFO | [TRIAL COMPLETE] trial 7 physics NSE_1D=0.59559 NSE_1H=0.66897
2026-03-05 20:53:08,767 | 65218 | INFO | [ENQUEUE TRIAL] trial 11 physics
2026-03-05 20:53:08,772 | 65218 | INFO | [BAYES QUEUE STATE]
2026-03-05 20:53:08,772 | 65218 | INFO | pending_jobs = 11
2026-03-05 20:53:08,772 | 65218 | INFO | inflight_trials = [7, 8, 9, 10]
2026-03-05 20:53:08,772 | 65218 | INFO | queue[0000] trial 9 fold 5 physics
2026-03-05 20:53:08,772 | 65218 | INFO | queue[0001] trial 10 fold 1 physics
2026-03-05 20:53:08,772 | 65218 | INFO | queue[0002] trial 10 fold 2 physics
2026-03-05 20:53:08,772 | 65218 | INFO | queue[0003] trial 10 fold 3 physics
2026-03-05 20:53:08,772 | 65218 | INFO | queue[0004] trial 10 fold 4 physics
2026-03-05 20:53:08,772 | 65218 | INFO | queue[0005] trial 10 fold 5 physics
2026-03-05 20:53:08,772 | 65218 | INFO | queue[0006] trial 11 fold 1 physics
2026-03-05 20:53:08,772 | 65218 | INFO | queue[0007] trial 11 fold 2 physics
2026-03-05 20:53:08,773 | 65218 | INFO | queue[0008] trial 11 fold 3 physics
2026-03-05 20:53:08,773 | 65218 | INFO | queue[0009] trial 11 fold 4 physics
2026-03-05 20:53:08,773 | 65218 | INFO | queue[0010] trial 11 fold 5 physics
2026-03-05 20:53:08,779 | 65218 | INFO | [END BAYES QUEUE]
2026-03-05 20:55:37,143 | 65218 | INFO | [TRIAL COMPLETE] trial 9 physics NSE_1D=0.59194 NSE_1H=0.63502
2026-03-05 20:55:37,152 | 65218 | INFO | [ENQUEUE TRIAL] trial 12 physics
2026-03-05 20:55:37,152 | 65218 | INFO | [BAYES QUEUE STATE]
2026-03-05 20:55:37,152 | 65218 | INFO | pending_jobs = 8
2026-03-05 20:55:37,152 | 65218 | INFO | inflight_trials = [7, 9, 10, 11]
2026-03-05 20:55:37,152 | 65218 | INFO | queue[0000] trial 11 fold 3 physics
2026-03-05 20:55:37,152 | 65218 | INFO | queue[0001] trial 11 fold 4 physics
2026-03-05 20:55:37,152 | 65218 | INFO | queue[0002] trial 11 fold 5 physics
2026-03-05 20:55:37,152 | 65218 | INFO | queue[0003] trial 12 fold 1 physics
2026-03-05 20:55:37,152 | 65218 | INFO | queue[0004] trial 12 fold 2 physics
2026-03-05 20:55:37,152 | 65218 | INFO | queue[0005] trial 12 fold 3 physics
2026-03-05 20:55:37,153 | 65218 | INFO | queue[0006] trial 12 fold 4 physics
2026-03-05 20:55:37,153 | 65218 | INFO | queue[0007] trial 12 fold 5 physics
2026-03-05 20:55:37,153 | 65218 | INFO | [END BAYES QUEUE]
2026-03-05 20:55:37,159 | 65218 | INFO | [ENQUEUE TRIAL] trial 13 physics
2026-03-05 20:55:37,159 | 65218 | INFO | [BAYES QUEUE STATE]
2026-03-05 20:55:37,160 | 65218 | INFO | pending_jobs = 13
2026-03-05 20:55:37,160 | 65218 | INFO | inflight_trials = [7, 9, 10, 11, 12]
2026-03-05 20:55:37,160 | 65218 | INFO | queue[0000] trial 11 fold 3 physics
2026-03-05 20:55:37,160 | 65218 | INFO | queue[0001] trial 11 fold 4 physics
2026-03-05 20:55:37,160 | 65218 | INFO | queue[0002] trial 11 fold 5 physics
2026-03-05 20:55:37,160 | 65218 | INFO | queue[0003] trial 12 fold 1 physics
2026-03-05 20:55:37,160 | 65218 | INFO | queue[0004] trial 12 fold 2 physics
2026-03-05 20:55:37,160 | 65218 | INFO | queue[0005] trial 12 fold 3 physics
2026-03-05 20:55:37,160 | 65218 | INFO | queue[0006] trial 12 fold 4 physics
2026-03-05 20:55:37,160 | 65218 | INFO | queue[0007] trial 12 fold 5 physics
2026-03-05 20:55:37,160 | 65218 | INFO | queue[0008] trial 13 fold 1 physics
2026-03-05 20:55:37,160 | 65218 | INFO | queue[0009] trial 13 fold 2 physics
2026-03-05 20:55:37,160 | 65218 | INFO | queue[0010] trial 13 fold 3 physics
2026-03-05 20:55:37,160 | 65218 | INFO | queue[0011] trial 13 fold 4 physics
2026-03-05 20:55:37,160 | 65218 | INFO | queue[0012] trial 13 fold 5 physics
2026-03-05 20:55:37,160 | 65218 | INFO | [END BAYES QUEUE]
2026-03-05 20:55:53,736 | 65218 | INFO | [TRIAL COMPLETE] trial 8 physics NSE_1D=0.58801 NSE_1H=0.71506
2026-03-05 20:57:49,147 | 65218 | INFO | [TRIAL COMPLETE] trial 10 physics NSE_1D=0.56009 NSE_1H=0.58561
2026-03-05 20:57:49,218 | 65218 | INFO | [ENQUEUE TRIAL] trial 14 physics
2026-03-05 20:57:49,218 | 65218 | INFO | [BAYES QUEUE STATE]
2026-03-05 20:57:49,218 | 65218 | INFO | pending_jobs = 10
2026-03-05 20:57:49,218 | 65218 | INFO | inflight_trials = [10, 11, 12, 13]
2026-03-05 20:57:49,218 | 65218 | INFO | queue[0000] trial 13 fold 1 physics
2026-03-05 20:57:49,218 | 65218 | INFO | queue[0001] trial 13 fold 2 physics
2026-03-05 20:57:49,218 | 65218 | INFO | queue[0002] trial 13 fold 3 physics
2026-03-05 20:57:49,218 | 65218 | INFO | queue[0003] trial 13 fold 4 physics
2026-03-05 20:57:49,218 | 65218 | INFO | queue[0004] trial 13 fold 5 physics
2026-03-05 20:57:49,218 | 65218 | INFO | queue[0005] trial 14 fold 1 physics
2026-03-05 20:57:49,218 | 65218 | INFO | queue[0006] trial 14 fold 2 physics
2026-03-05 20:57:49,218 | 65218 | INFO | queue[0007] trial 14 fold 3 physics
2026-03-05 20:57:49,218 | 65218 | INFO | queue[0008] trial 14 fold 4 physics
2026-03-05 20:57:49,218 | 65218 | INFO | queue[0009] trial 14 fold 5 physics
2026-03-05 20:57:49,226 | 65218 | INFO | [END BAYES QUEUE]
2026-03-05 20:58:58,191 | 65218 | INFO | Traceback (most recent call last):
2026-03-05 20:58:58,236 | 65218 | INFO | File "/Users/maxwellfung/UCB-USACE-RR-PROJECT/run_hyperparam_search.py", line 948, in run_bayes_streaming_queue
2026-03-05 20:58:58,266 | 65218 | INFO | time.sleep(0.1)
2026-03-05 20:58:58,269 | 65218 | INFO | KeyboardInterrupt
2026-03-05 20:58:58,276 | 65218 | INFO | During handling of the above exception, another exception occurred:
2026-03-05 20:58:58,471 | 65218 | INFO | Exception ignored in atexit callback
2026-03-05 20:58:58,472 | 65218 | INFO | :
2026-03-05 20:58:58,472 | 65218 | INFO | <function _exit_function at 0x11202e2a0>
2026-03-05 20:58:58,472 | 65218 | INFO | Traceback (most recent call last):
2026-03-05 20:58:58,473 | 65218 | INFO | File "/Library/Frameworks/Python.framework/Versions/3.11/lib/python3.11/multiprocessing/util.py", line 334, in _exit_function
2026-03-05 20:58:58,473 | 65218 | INFO | _run_finalizers(0)
2026-03-05 20:58:58,473 | 65218 | INFO | File "/Library/Frameworks/Python.framework/Versions/3.11/lib/python3.11/multiprocessing/util.py", line 300, in _run_finalizers
2026-03-05 20:58:58,474 | 65218 | INFO | finalizer()
2026-03-05 20:58:58,474 | 65218 | INFO | File "/Library/Frameworks/Python.framework/Versions/3.11/lib/python3.11/multiprocessing/util.py", line 224, in __call__
2026-03-05 20:58:58,474 | 65218 | INFO | res = self._callback(*self._args, **self._kwargs)
2026-03-05 20:58:58,474 | 65218 | INFO | ^
2026-03-05 20:58:58,474 | 65218 | INFO | ^
2026-03-05 20:58:58,474 | 65218 | INFO | ^
2026-03-05 20:58:58,474 | 65218 | INFO | ^
2026-03-05 20:58:58,474 | 65218 | INFO | ^
2026-03-05 20:58:58,474 | 65218 | INFO | ^
2026-03-05 20:58:58,475 | 65218 | INFO | ^
2026-03-05 20:58:58,475 | 65218 | INFO | ^
2026-03-05 20:58:58,475 | 65218 | INFO | ^
2026-03-05 20:58:58,475 | 65218 | INFO | ^
2026-03-05 20:58:58,475 | 65218 | INFO | ^
2026-03-05 20:58:58,475 | 65218 | INFO | ^
2026-03-05 20:58:58,475 | 65218 | INFO | ^
2026-03-05 20:58:58,475 | 65218 | INFO | ^
2026-03-05 20:58:58,475 | 65218 | INFO | ^
2026-03-05 20:58:58,475 | 65218 | INFO | ^
2026-03-05 20:58:58,476 | 65218 | INFO | ^
2026-03-05 20:58:58,476 | 65218 | INFO | ^
2026-03-05 20:58:58,476 | 65218 | INFO | ^
2026-03-05 20:58:58,476 | 65218 | INFO | ^
2026-03-05 20:58:58,476 | 65218 | INFO | ^
2026-03-05 20:58:58,476 | 65218 | INFO | ^
2026-03-05 20:58:58,476 | 65218 | INFO | ^
2026-03-05 20:58:58,476 | 65218 | INFO | ^
2026-03-05 20:58:58,476 | 65218 | INFO | ^
2026-03-05 20:58:58,476 | 65218 | INFO | ^
2026-03-05 20:58:58,476 | 65218 | INFO | ^
2026-03-05 20:58:58,476 | 65218 | INFO | ^
2026-03-05 20:58:58,477 | 65218 | INFO | ^
2026-03-05 20:58:58,477 | 65218 | INFO | ^
2026-03-05 20:58:58,477 | 65218 | INFO | ^
2026-03-05 20:58:58,477 | 65218 | INFO | ^
2026-03-05 20:58:58,477 | 65218 | INFO | ^
2026-03-05 20:58:58,477 | 65218 | INFO | ^
2026-03-05 20:58:58,477 | 65218 | INFO | ^
2026-03-05 20:58:58,477 | 65218 | INFO | ^
2026-03-05 20:58:58,477 | 65218 | INFO | ^
2026-03-05 20:58:58,477 | 65218 | INFO | ^
2026-03-05 20:58:58,477 | 65218 | INFO | ^
2026-03-05 20:58:58,477 | 65218 | INFO | ^
2026-03-05 20:58:58,477 | 65218 | INFO | ^
2026-03-05 20:58:58,477 | 65218 | INFO | ^
2026-03-05 20:58:58,477 | 65218 | INFO | ^
2026-03-05 20:58:58,477 | 65218 | INFO | File "/Library/Frameworks/Python.framework/Versions/3.11/lib/python3.11/multiprocessing/pool.py", line 732, in _terminate_pool
2026-03-05 20:58:58,478 | 65218 | INFO | p.join()
2026-03-05 20:58:58,478 | 65218 | INFO | File "/Library/Frameworks/Python.framework/Versions/3.11/lib/python3.11/multiprocessing/process.py", line 149, in join
2026-03-05 20:58:58,478 | 65218 | INFO | res = self._popen.wait(timeout)
2026-03-05 20:58:58,478 | 65218 | INFO | ^
2026-03-05 20:58:58,478 | 65218 | INFO | ^
2026-03-05 20:58:58,478 | 65218 | INFO | ^
2026-03-05 20:58:58,479 | 65218 | INFO | ^
2026-03-05 20:58:58,479 | 65218 | INFO | ^
2026-03-05 20:58:58,479 | 65218 | INFO | ^
2026-03-05 20:58:58,479 | 65218 | INFO | ^
2026-03-05 20:58:58,479 | 65218 | INFO | ^
2026-03-05 20:58:58,479 | 65218 | INFO | ^
2026-03-05 20:58:58,479 | 65218 | INFO | ^
2026-03-05 20:58:58,479 | 65218 | INFO | ^
2026-03-05 20:58:58,479 | 65218 | INFO | ^
2026-03-05 20:58:58,479 | 65218 | INFO | ^
2026-03-05 20:58:58,479 | 65218 | INFO | ^
2026-03-05 20:58:58,479 | 65218 | INFO | ^
2026-03-05 20:58:58,480 | 65218 | INFO | ^
2026-03-05 20:58:58,480 | 65218 | INFO | ^
2026-03-05 20:58:58,480 | 65218 | INFO | ^
2026-03-05 20:58:58,480 | 65218 | INFO | ^
2026-03-05 20:58:58,480 | 65218 | INFO | ^
2026-03-05 20:58:58,480 | 65218 | INFO | ^
2026-03-05 20:58:58,480 | 65218 | INFO | ^
2026-03-05 20:58:58,480 | 65218 | INFO | ^
2026-03-05 20:58:58,480 | 65218 | INFO | ^
2026-03-05 20:58:58,480 | 65218 | INFO | ^
2026-03-05 20:58:58,481 | 65218 | INFO | File "/Library/Frameworks/Python.framework/Versions/3.11/lib/python3.11/multiprocessing/popen_fork.py", line 43, in wait
2026-03-05 20:58:58,482 | 65218 | INFO | return self.poll(os.WNOHANG if timeout == 0.0 else 0)
2026-03-05 20:58:58,482 | 65218 | INFO | ^
2026-03-05 20:58:58,482 | 65218 | INFO | ^
2026-03-05 20:58:58,482 | 65218 | INFO | ^
2026-03-05 20:58:58,482 | 65218 | INFO | ^
2026-03-05 20:58:58,482 | 65218 | INFO | ^
2026-03-05 20:58:58,483 | 65218 | INFO | ^
2026-03-05 20:58:58,483 | 65218 | INFO | ^
2026-03-05 20:58:58,483 | 65218 | INFO | ^
2026-03-05 20:58:58,483 | 65218 | INFO | ^
2026-03-05 20:58:58,483 | 65218 | INFO | ^
2026-03-05 20:58:58,483 | 65218 | INFO | ^
2026-03-05 20:58:58,483 | 65218 | INFO | ^
2026-03-05 20:58:58,483 | 65218 | INFO | ^
2026-03-05 20:58:58,483 | 65218 | INFO | ^
2026-03-05 20:58:58,483 | 65218 | INFO | ^
2026-03-05 20:58:58,483 | 65218 | INFO | ^
2026-03-05 20:58:58,483 | 65218 | INFO | ^
2026-03-05 20:58:58,483 | 65218 | INFO | ^
2026-03-05 20:58:58,484 | 65218 | INFO | ^
2026-03-05 20:58:58,484 | 65218 | INFO | ^
2026-03-05 20:58:58,484 | 65218 | INFO | ^
2026-03-05 20:58:58,484 | 65218 | INFO | ^
2026-03-05 20:58:58,484 | 65218 | INFO | ^
2026-03-05 20:58:58,484 | 65218 | INFO | ^
2026-03-05 20:58:58,484 | 65218 | INFO | ^
2026-03-05 20:58:58,484 | 65218 | INFO | ^
2026-03-05 20:58:58,484 | 65218 | INFO | ^
2026-03-05 20:58:58,484 | 65218 | INFO | ^
2026-03-05 20:58:58,484 | 65218 | INFO | ^
2026-03-05 20:58:58,484 | 65218 | INFO | ^
2026-03-05 20:58:58,484 | 65218 | INFO | ^
2026-03-05 20:58:58,484 | 65218 | INFO | ^
2026-03-05 20:58:58,485 | 65218 | INFO | ^
2026-03-05 20:58:58,485 | 65218 | INFO | ^
2026-03-05 20:58:58,485 | 65218 | INFO | ^
2026-03-05 20:58:58,485 | 65218 | INFO | ^
2026-03-05 20:58:58,485 | 65218 | INFO | ^
2026-03-05 20:58:58,485 | 65218 | INFO | ^
2026-03-05 20:58:58,485 | 65218 | INFO | ^
2026-03-05 20:58:58,485 | 65218 | INFO | ^
2026-03-05 20:58:58,485 | 65218 | INFO | ^
2026-03-05 20:58:58,485 | 65218 | INFO | ^
2026-03-05 20:58:58,485 | 65218 | INFO | ^
2026-03-05 20:58:58,485 | 65218 | INFO | ^
2026-03-05 20:58:58,486 | 65218 | INFO | ^
2026-03-05 20:58:58,486 | 65218 | INFO | ^
2026-03-05 20:58:58,486 | 65218 | INFO | File "/Library/Frameworks/Python.framework/Versions/3.11/lib/python3.11/multiprocessing/popen_fork.py", line 27, in poll
2026-03-05 20:58:58,486 | 65218 | INFO | pid, sts = os.waitpid(self.pid, flag)
2026-03-05 20:58:58,486 | 65218 | INFO | ^
2026-03-05 20:58:58,486 | 65218 | INFO | ^
2026-03-05 20:58:58,486 | 65218 | INFO | ^
2026-03-05 20:58:58,486 | 65218 | INFO | ^
2026-03-05 20:58:58,486 | 65218 | INFO | ^
2026-03-05 20:58:58,486 | 65218 | INFO | ^
2026-03-05 20:58:58,486 | 65218 | INFO | ^
2026-03-05 20:58:58,486 | 65218 | INFO | ^
2026-03-05 20:58:58,486 | 65218 | INFO | ^
2026-03-05 20:58:58,486 | 65218 | INFO | ^
2026-03-05 20:58:58,486 | 65218 | INFO | ^
2026-03-05 20:58:58,486 | 65218 | INFO | ^
2026-03-05 20:58:58,486 | 65218 | INFO | ^
2026-03-05 20:58:58,486 | 65218 | INFO | ^
2026-03-05 20:58:58,486 | 65218 | INFO | ^
2026-03-05 20:58:58,487 | 65218 | INFO | ^
2026-03-05 20:58:58,487 | 65218 | INFO | ^
2026-03-05 20:58:58,487 | 65218 | INFO | ^
2026-03-05 20:58:58,487 | 65218 | INFO | ^
2026-03-05 20:58:58,487 | 65218 | INFO | ^
2026-03-05 20:58:58,487 | 65218 | INFO | ^
2026-03-05 20:58:58,487 | 65218 | INFO | ^
2026-03-05 20:58:58,487 | 65218 | INFO | ^
2026-03-05 20:58:58,487 | 65218 | INFO | ^
2026-03-05 20:58:58,487 | 65218 | INFO | ^
2026-03-05 20:58:58,487 | 65218 | INFO | ^
2026-03-05 20:58:58,487 | 65218 | INFO | KeyboardInterrupt
2026-03-05 20:58:58,487 | 65218 | INFO | :
