2026-03-04 04:02:52,402 | 2448211 | INFO | Logging to logs/gridsearch_20260304T120252Z.log (rotates at ~20MB ≈ 100k lines)
2026-03-04 04:02:52,421 | 2448211 | INFO | [+   0.07s]
2026-03-04 04:02:52,422 | 2448211 | INFO | Basin: guerneville, GPU: -1, Verbose: True
2026-03-04 04:02:52,422 | 2448211 | INFO | [+   0.07s]
2026-03-04 04:02:52,422 | 2448211 | INFO | Pre-warming numba JIT ...
2026-03-04 04:02:55,922 | 2448211 | INFO | [+   3.57s]
2026-03-04 04:02:55,922 | 2448211 | INFO | Numba JIT pre-compiled.
2026-03-04 04:02:55,974 | 2448211 | INFO | [+   3.63s]
2026-03-04 04:02:55,974 | 2448211 | INFO | 48 combinations, 48 workers
2026-03-04 04:02:55,974 | 2448211 | INFO | run_gridsearch =
2026-03-04 04:02:55,975 | 2448211 | INFO | True
2026-03-04 04:02:55,994 | 2448211 | INFO | hparams_exists =
2026-03-04 04:02:55,995 | 2448211 | INFO | False
2026-03-04 04:02:56,001 | 2448211 | INFO | No READ_STAMP provided — starting fresh.
2026-03-04 04:02:56,002 | 2448211 | INFO | No READ_STAMP provided — starting fresh.
2026-03-04 04:02:56,002 | 2448211 | INFO | [Grid] Skipping first 0 no-physics trials
2026-03-04 04:02:56,002 | 2448211 | INFO | [Grid] Skipping first 0 physics trials
2026-03-04 04:02:56,003 | 2448211 | INFO | [GRID SEARCH] Spawning 48 workers
2026-03-04 04:02:56,162 | 2448211 | ERROR | Grid No-Physics:   0%|               | 0/48 [00:00<?, ?it/s]
2026-03-04 05:40:25,576 | 2448211 | ERROR | Grid No-Physics:   2%| | 1/48 [1:37:29<76:22:02, 5849.41s/it
2026-03-04 06:12:14,181 | 2448211 | ERROR | Grid No-Physics:   6%| | 3/48 [2:09:18<27:47:33, 2223.41s/it
2026-03-04 06:13:50,646 | 2448211 | ERROR | Grid No-Physics:   8%| | 4/48 [2:10:54<18:10:47, 1487.44s/it
2026-03-04 06:33:49,983 | 2448211 | ERROR | Grid No-Physics:  15%|2 | 7/48 [2:30:53<9:32:31, 837.83s/it]
2026-03-04 06:33:50,088 | 2448211 | ERROR | Grid No-Physics:  23%|2| 11/48 [2:30:53<4:01:42, 391.96s/it]
2026-03-04 06:33:50,190 | 2448211 | ERROR | Grid No-Physics:  31%|3| 15/48 [2:30:54<2:02:28, 222.68s/it]
2026-03-04 06:34:06,408 | 2448211 | ERROR | Grid No-Physics:  31%|3| 15/48 [2:31:10<2:02:28, 222.68s/it]
2026-03-04 06:55:13,777 | 2448211 | ERROR | Grid No-Physics:  35%|3| 17/48 [2:52:17<2:46:06, 321.49s/it]
2026-03-04 08:04:18,577 | 2448211 | ERROR | Grid No-Physics:  40%|3| 19/48 [4:01:22<6:08:36, 762.64s/it]
2026-03-04 08:28:30,758 | 2448211 | ERROR | Grid No-Physics:  48%|4| 23/48 [4:25:34<4:08:04, 595.39s/it]
2026-03-04 08:28:30,859 | 2448211 | ERROR | Grid No-Physics:  56%|5| 27/48 [4:25:34<2:10:24, 372.60s/it]
2026-03-04 08:28:46,649 | 2448211 | ERROR | Grid No-Physics:  56%|5| 27/48 [4:25:50<2:10:24, 372.60s/it]
2026-03-04 08:42:00,503 | 2448211 | ERROR | Grid No-Physics:  65%|6| 31/48 [4:39:04<1:28:46, 313.32s/it]
2026-03-04 10:10:32,778 | 2448211 | ERROR | Grid No-Physics:  69%|6| 33/48 [6:07:36<3:15:01, 780.11s/it]
