2026-03-05 19:51:43,222 | 62602 | INFO | [+   0.00s]
2026-03-05 19:51:43,222 | 62602 | INFO | Basin: guerneville, GPU: -1, Verbose: True
2026-03-05 19:51:43,222 | 62602 | INFO | [+   0.00s]
2026-03-05 19:51:43,222 | 62602 | INFO | Pre-warming numba JIT ...
2026-03-05 19:51:43,796 | 62602 | INFO | [+   0.57s]
2026-03-05 19:51:43,796 | 62602 | INFO | Numba JIT pre-compiled.
2026-03-05 19:51:43,796 | 62602 | INFO | YAML PATH:
2026-03-05 19:51:43,796 | 62602 | INFO | /Users/maxwellfung/UCB-USACE-RR-PROJECT/UCB_training/configs/guerneville_mtslstm2.yaml
2026-03-05 19:51:43,796 | 62602 | INFO | [+   0.57s]
2026-03-05 19:51:43,796 | 62602 | INFO | 48 combinations, 9 workers
2026-03-05 19:51:43,796 | 62602 | INFO | run_gridsearch =
2026-03-05 19:51:43,796 | 62602 | INFO | False
2026-03-05 19:51:43,796 | 62602 | INFO | hparams_exists =
2026-03-05 19:51:43,796 | 62602 | INFO | False
2026-03-05 19:51:43,799 | 62602 | INFO | [EXTERNAL CV FOLDS]
2026-03-05 19:51:43,799 | 62602 | INFO | fold 1: train 01/10/1994 -> 01/10/1996 | val 02/10/1996 -> 01/10/1997 | eval 02/10/1996 -> 01/10/1997
2026-03-05 19:51:43,799 | 62602 | INFO | fold 2: train 01/10/1994 -> 01/10/1998 | val 02/10/1998 -> 01/10/1999 | eval 02/10/1998 -> 01/10/1999
2026-03-05 19:51:43,799 | 62602 | INFO | fold 3: train 01/10/1994 -> 01/10/2000 | val 02/10/2000 -> 01/10/2001 | eval 02/10/2000 -> 01/10/2001
2026-03-05 19:51:43,799 | 62602 | INFO | fold 4: train 01/10/1994 -> 01/10/2002 | val 02/10/2002 -> 01/10/2003 | eval 02/10/2002 -> 01/10/2003
2026-03-05 19:51:43,799 | 62602 | INFO | fold 5: train 01/10/1994 -> 01/10/2004 | val 02/10/2004 -> 01/10/2005 | eval 02/10/2004 -> 01/10/2005
2026-03-05 19:51:43,800 | 62602 | INFO | [EXTERNAL CV FOLDS] total folds = 5
2026-03-05 19:51:43,800 | 62602 | INFO | [BAYESIAN OPTIMIZATION] Using 9 parallel workers
2026-03-05 19:51:43,800 | 62602 | INFO | Traceback (most recent call last):
2026-03-05 19:51:43,801 | 62602 | INFO | File "/Users/maxwellfung/UCB-USACE-RR-PROJECT/run_hyperparam_search.py", line 1362, in <module>
2026-03-05 19:51:43,801 | 62602 | INFO | main()
2026-03-05 19:51:43,801 | 62602 | INFO | File "/Users/maxwellfung/UCB-USACE-RR-PROJECT/run_hyperparam_search.py", line 1011, in main
2026-03-05 19:51:43,801 | 62602 | INFO | f"x {workers_per_trial} folds = up to {parallel_trials * workers_per_trial} workers"
2026-03-05 19:51:43,801 | 62602 | INFO | ^
2026-03-05 19:51:43,801 | 62602 | INFO | ^
2026-03-05 19:51:43,801 | 62602 | INFO | ^
2026-03-05 19:51:43,801 | 62602 | INFO | ^
2026-03-05 19:51:43,801 | 62602 | INFO | ^
2026-03-05 19:51:43,801 | 62602 | INFO | ^
2026-03-05 19:51:43,801 | 62602 | INFO | ^
2026-03-05 19:51:43,801 | 62602 | INFO | ^
2026-03-05 19:51:43,801 | 62602 | INFO | ^
2026-03-05 19:51:43,801 | 62602 | INFO | ^
2026-03-05 19:51:43,801 | 62602 | INFO | ^
2026-03-05 19:51:43,801 | 62602 | INFO | ^
2026-03-05 19:51:43,801 | 62602 | INFO | ^
2026-03-05 19:51:43,801 | 62602 | INFO | ^
2026-03-05 19:51:43,801 | 62602 | INFO | ^
2026-03-05 19:51:43,801 | 62602 | INFO | ^
2026-03-05 19:51:43,801 | 62602 | INFO | ^
2026-03-05 19:51:43,801 | 62602 | INFO | NameError
2026-03-05 19:51:43,801 | 62602 | INFO | :
2026-03-05 19:51:43,801 | 62602 | INFO | name 'workers_per_trial' is not defined
