2026-03-04 02:21:54,309 | 1111752 | INFO | Logging to logs/gridsearch_20260304T102154Z.log
2026-03-04 02:21:54,311 | 1111752 | INFO | [+   0.04s]
2026-03-04 02:21:54,311 | 1111752 | INFO | Basin: guerneville, GPU: -1, Verbose: True
2026-03-04 02:21:54,312 | 1111752 | INFO | [+   0.04s]
2026-03-04 02:21:54,312 | 1111752 | INFO | Pre-warming numba JIT ...
2026-03-04 02:21:57,106 | 1111752 | INFO | [+   2.83s]
2026-03-04 02:21:57,106 | 1111752 | INFO | Numba JIT pre-compiled.
2026-03-04 02:21:57,259 | 1111752 | INFO | [+   2.99s]
2026-03-04 02:21:57,259 | 1111752 | INFO | 48 combinations, 48 workers
2026-03-04 02:21:57,259 | 1111752 | INFO | run_gridsearch =
2026-03-04 02:21:57,260 | 1111752 | INFO | True
2026-03-04 02:21:57,283 | 1111752 | INFO | hparams_exists =
2026-03-04 02:21:57,283 | 1111752 | INFO | False
2026-03-04 02:21:57,302 | 1111752 | INFO | No READ_STAMP provided — starting fresh.
2026-03-04 02:21:57,324 | 1111752 | INFO | No READ_STAMP provided — starting fresh.
2026-03-04 02:21:57,324 | 1111752 | INFO | [Grid] Skipping first 0 no-physics trials
2026-03-04 02:21:57,324 | 1111752 | INFO | [Grid] Skipping first 0 physics trials
2026-03-04 02:21:57,325 | 1111752 | INFO | [GRID SEARCH] Spawning 48 workers
2026-03-04 02:21:57,500 | 1111752 | ERROR | Grid No-Physics:   0%|               | 0/48 [00:00<?, ?it/s]
2026-03-04 02:23:20,137 | 1111752 | ERROR | Grid No-Physics:   2%|1    | 1/48 [01:22<1:04:43, 82.64s/it]
2026-03-04 02:23:28,105 | 1111752 | ERROR | Grid No-Physics:   4%|2      | 2/48 [01:30<29:40, 38.71s/it]
2026-03-04 02:23:28,242 | 1111752 | ERROR | Grid No-Physics:   8%|5      | 4/48 [01:30<10:37, 14.48s/it]
2026-03-04 02:23:28,405 | 1111752 | ERROR | Grid No-Physics:  15%|#      | 7/48 [01:30<04:14,  6.21s/it]
2026-03-04 02:23:32,314 | 1111752 | ERROR | Grid No-Physics:  19%|#3     | 9/48 [01:34<03:03,  4.71s/it]
2026-03-04 02:23:32,419 | 1111752 | ERROR | Grid No-Physics:  23%|#3    | 11/48 [01:34<01:56,  3.15s/it]
2026-03-04 02:23:32,522 | 1111752 | ERROR | Grid No-Physics:  27%|#6    | 13/48 [01:35<01:15,  2.14s/it]
2026-03-04 02:23:32,661 | 1111752 | ERROR | Grid No-Physics:  33%|##    | 16/48 [01:35<00:41,  1.28s/it]
2026-03-04 02:23:38,336 | 1111752 | ERROR | Grid No-Physics:  38%|##2   | 18/48 [01:40<00:51,  1.72s/it]
2026-03-04 02:23:46,425 | 1111752 | ERROR | Grid No-Physics:  42%|##5   | 20/48 [01:48<01:06,  2.39s/it]
2026-03-04 02:23:46,527 | 1111752 | ERROR | Grid No-Physics:  46%|##7   | 22/48 [01:49<00:44,  1.71s/it]
2026-03-04 02:23:50,455 | 1111752 | ERROR | Grid No-Physics:  50%|###   | 24/48 [01:52<00:42,  1.78s/it]
2026-03-04 02:23:50,577 | 1111752 | ERROR | Grid No-Physics:  56%|###3  | 27/48 [01:53<00:23,  1.11s/it]
2026-03-04 02:23:50,679 | 1111752 | ERROR | Grid No-Physics:  60%|###6  | 29/48 [01:53<00:15,  1.21it/s]
2026-03-04 02:23:51,693 | 1111752 | ERROR | Grid No-Physics:  65%|###8  | 31/48 [01:54<00:12,  1.36it/s]
2026-03-04 02:24:00,760 | 1111752 | ERROR | Grid No-Physics:  69%|####1 | 33/48 [02:03<00:27,  1.81s/it]
2026-03-04 02:24:18,411 | 1111752 | ERROR | Grid No-Physics:  73%|####3 | 35/48 [02:20<00:49,  3.84s/it]
2026-03-04 02:24:18,519 | 1111752 | ERROR | Grid No-Physics:  79%|####7 | 38/48 [02:21<00:23,  2.39s/it]
2026-03-04 02:24:18,646 | 1111752 | ERROR | Grid No-Physics:  85%|#####1| 41/48 [02:21<00:10,  1.56s/it]
2026-03-04 02:24:20,282 | 1111752 | ERROR | Grid No-Physics:  90%|#####3| 43/48 [02:22<00:06,  1.37s/it]
2026-03-04 02:24:21,802 | 1111752 | ERROR | Grid No-Physics:  94%|#####6| 45/48 [02:24<00:03,  1.21s/it]
2026-03-04 02:24:32,283 | 1111752 | ERROR | Grid No-Physics:  98%|#####8| 47/48 [02:34<00:02,  2.32s/it]
2026-03-04 02:24:32,323 | 1111752 | ERROR | Grid No-Physics: 100%|######| 48/48 [02:34<00:00,  3.23s/it]
2026-03-04 02:24:32,967 | 1111752 | ERROR | Grid Physics:   0%|                  | 0/48 [00:00<?, ?it/s]
2026-03-04 02:27:33,105 | 1111752 | ERROR | Grid Physics:   2%|1      | 1/48 [03:00<2:21:06, 180.14s/it]
2026-03-04 02:27:36,929 | 1111752 | ERROR | Grid Physics:   6%|6         | 3/48 [03:03<36:05, 48.12s/it]
2026-03-04 02:27:37,050 | 1111752 | ERROR | Grid Physics:  10%|#         | 5/48 [03:04<16:46, 23.41s/it]
2026-03-04 02:27:42,860 | 1111752 | ERROR | Grid Physics:  15%|#4        | 7/48 [03:09<10:03, 14.73s/it]
2026-03-04 02:27:43,000 | 1111752 | ERROR | Grid Physics:  21%|#8       | 10/48 [03:10<04:54,  7.74s/it]
2026-03-04 02:27:43,107 | 1111752 | ERROR | Grid Physics:  25%|##2      | 12/48 [03:10<03:12,  5.35s/it]
2026-03-04 02:27:43,223 | 1111752 | ERROR | Grid Physics:  29%|##6      | 14/48 [03:10<02:06,  3.72s/it]
2026-03-04 02:27:43,374 | 1111752 | ERROR | Grid Physics:  35%|###1     | 17/48 [03:10<01:10,  2.26s/it]
2026-03-04 02:27:51,804 | 1111752 | ERROR | Grid Physics:  40%|###5     | 19/48 [03:18<01:21,  2.80s/it]
2026-03-04 02:27:51,942 | 1111752 | ERROR | Grid Physics:  46%|####1    | 22/48 [03:18<00:46,  1.78s/it]
2026-03-04 02:27:55,431 | 1111752 | ERROR | Grid Physics:  50%|####5    | 24/48 [03:22<00:42,  1.77s/it]
2026-03-04 02:27:55,562 | 1111752 | ERROR | Grid Physics:  56%|#####    | 27/48 [03:22<00:24,  1.15s/it]
2026-03-04 02:27:55,671 | 1111752 | ERROR | Grid Physics:  62%|#####6   | 30/48 [03:22<00:13,  1.29it/s]
2026-03-04 02:27:55,781 | 1111752 | ERROR | Grid Physics:  67%|######   | 32/48 [03:22<00:09,  1.67it/s]
2026-03-04 02:28:07,451 | 1111752 | ERROR | Grid Physics:  67%|######   | 32/48 [03:34<00:09,  1.67it/s]
2026-03-04 02:28:26,415 | 1111752 | ERROR | Grid Physics:  73%|######5  | 35/48 [03:53<00:50,  3.90s/it]
2026-03-04 02:28:26,546 | 1111752 | ERROR | Grid Physics:  75%|######7  | 36/48 [03:53<00:40,  3.37s/it]
2026-03-04 02:28:26,662 | 1111752 | ERROR | Grid Physics:  79%|#######1 | 38/48 [03:53<00:24,  2.42s/it]
2026-03-04 02:28:37,043 | 1111752 | ERROR | Grid Physics:  83%|#######5 | 40/48 [04:04<00:25,  3.22s/it]
2026-03-04 02:28:37,194 | 1111752 | ERROR | Grid Physics:  90%|######## | 43/48 [04:04<00:10,  2.01s/it]
2026-03-04 02:28:37,317 | 1111752 | ERROR | Grid Physics:  96%|########6| 46/48 [04:04<00:02,  1.31s/it]
2026-03-04 02:28:38,457 | 1111752 | ERROR | Grid Physics: 100%|#########| 48/48 [04:05<00:00,  1.12s/it]
2026-03-04 02:28:38,457 | 1111752 | ERROR | Grid Physics: 100%|#########| 48/48 [04:05<00:00,  5.11s/it]
2026-03-04 02:28:39,329 | 1111752 | INFO | run_gridsearch =
2026-03-04 02:28:39,330 | 1111752 | INFO | True
2026-03-04 02:28:39,349 | 1111752 | INFO | hparams_exists =
2026-03-04 02:28:39,349 | 1111752 | INFO | True
