2026-03-04 02:16:16,171 | 2942159 | INFO | Logging to logs/gridsearch_20260304T101616Z.log
2026-03-04 02:16:16,173 | 2942159 | INFO | [+   0.04s]
2026-03-04 02:16:16,173 | 2942159 | INFO | Basin: guerneville, GPU: -1, Verbose: True
2026-03-04 02:16:16,173 | 2942159 | INFO | [+   0.04s]
2026-03-04 02:16:16,173 | 2942159 | INFO | Pre-warming numba JIT ...
2026-03-04 02:16:18,505 | 2942159 | INFO | [+   2.37s]
2026-03-04 02:16:18,505 | 2942159 | INFO | Numba JIT pre-compiled.
2026-03-04 02:16:18,746 | 2942159 | INFO | [+   2.61s]
2026-03-04 02:16:18,747 | 2942159 | INFO | 48 combinations, 32 workers
2026-03-04 02:16:18,747 | 2942159 | INFO | run_gridsearch =
2026-03-04 02:16:18,747 | 2942159 | INFO | True
2026-03-04 02:16:18,768 | 2942159 | INFO | hparams_exists =
2026-03-04 02:16:18,768 | 2942159 | INFO | False
2026-03-04 02:16:18,787 | 2942159 | INFO | No READ_STAMP provided — starting fresh.
2026-03-04 02:16:18,803 | 2942159 | INFO | No READ_STAMP provided — starting fresh.
2026-03-04 02:16:18,803 | 2942159 | INFO | [Grid] Skipping first 0 no-physics trials
2026-03-04 02:16:18,803 | 2942159 | INFO | [Grid] Skipping first 0 physics trials
2026-03-04 02:16:18,803 | 2942159 | INFO | [GRID SEARCH] Spawning 32 workers
2026-03-04 02:16:18,944 | 2942159 | ERROR | Grid No-Physics:   0%|               | 0/48 [00:00<?, ?it/s]
2026-03-04 02:17:46,203 | 2942159 | ERROR | Grid No-Physics:   2%|1    | 1/48 [01:27<1:08:21, 87.26s/it]
2026-03-04 02:17:51,255 | 2942159 | ERROR | Grid No-Physics:   6%|4      | 3/48 [01:32<18:22, 24.49s/it]
2026-03-04 02:17:51,401 | 2942159 | ERROR | Grid No-Physics:  10%|7      | 5/48 [01:32<08:33, 11.94s/it]
2026-03-04 02:17:53,960 | 2942159 | ERROR | Grid No-Physics:  15%|#      | 7/48 [01:35<05:04,  7.42s/it]
2026-03-04 02:17:54,511 | 2942159 | ERROR | Grid No-Physics:  17%|#1     | 8/48 [01:35<03:53,  5.83s/it]
2026-03-04 02:17:54,644 | 2942159 | ERROR | Grid No-Physics:  23%|#3    | 11/48 [01:35<01:48,  2.94s/it]
2026-03-04 02:17:54,782 | 2942159 | ERROR | Grid No-Physics:  29%|#7    | 14/48 [01:35<00:59,  1.74s/it]
2026-03-04 02:17:56,402 | 2942159 | ERROR | Grid No-Physics:  33%|##    | 16/48 [01:37<00:47,  1.47s/it]
2026-03-04 02:17:57,426 | 2942159 | ERROR | Grid No-Physics:  38%|##2   | 18/48 [01:38<00:35,  1.20s/it]
2026-03-04 02:18:05,149 | 2942159 | ERROR | Grid No-Physics:  40%|##3   | 19/48 [01:46<01:07,  2.31s/it]
2026-03-04 02:18:05,283 | 2942159 | ERROR | Grid No-Physics:  46%|##7   | 22/48 [01:46<00:35,  1.35s/it]
2026-03-04 02:18:08,277 | 2942159 | ERROR | Grid No-Physics:  50%|###   | 24/48 [01:49<00:33,  1.39s/it]
2026-03-04 02:18:08,402 | 2942159 | ERROR | Grid No-Physics:  56%|###3  | 27/48 [01:49<00:18,  1.14it/s]
2026-03-04 02:18:08,514 | 2942159 | ERROR | Grid No-Physics:  60%|###6  | 29/48 [01:49<00:12,  1.51it/s]
2026-03-04 02:18:08,663 | 2942159 | ERROR | Grid No-Physics:  67%|####  | 32/48 [01:49<00:07,  2.28it/s]
2026-03-04 02:18:18,887 | 2942159 | ERROR | Grid No-Physics:  67%|####  | 32/48 [01:59<00:07,  2.28it/s]
