{"op_code":0,"worker_id":"38641c43-b7bb-4763-af07-13f1efddf05f-8374755904","study_name":"hydro_bayes","directions":[2]}
{"op_code":4,"worker_id":"38641c43-b7bb-4763-af07-13f1efddf05f-6174699520","study_id":0,"datetime_start":"2026-03-02T14:38:35.679025"}
{"op_code":4,"worker_id":"38641c43-b7bb-4763-af07-13f1efddf05f-6191525888","study_id":0,"datetime_start":"2026-03-02T14:38:35.679588"}
{"op_code":4,"worker_id":"38641c43-b7bb-4763-af07-13f1efddf05f-6208352256","study_id":0,"datetime_start":"2026-03-02T14:38:35.680227"}
{"op_code":4,"worker_id":"38641c43-b7bb-4763-af07-13f1efddf05f-6242004992","study_id":0,"datetime_start":"2026-03-02T14:38:35.680272"}
{"op_code":4,"worker_id":"38641c43-b7bb-4763-af07-13f1efddf05f-6292484096","study_id":0,"datetime_start":"2026-03-02T14:38:35.680504"}
{"op_code":4,"worker_id":"38641c43-b7bb-4763-af07-13f1efddf05f-6225178624","study_id":0,"datetime_start":"2026-03-02T14:38:35.680250"}
{"op_code":4,"worker_id":"38641c43-b7bb-4763-af07-13f1efddf05f-6258831360","study_id":0,"datetime_start":"2026-03-02T14:38:35.680290"}
{"op_code":4,"worker_id":"38641c43-b7bb-4763-af07-13f1efddf05f-6275657728","study_id":0,"datetime_start":"2026-03-02T14:38:35.680964"}
{"op_code":4,"worker_id":"38641c43-b7bb-4763-af07-13f1efddf05f-6309310464","study_id":0,"datetime_start":"2026-03-02T14:38:35.680531"}
{"op_code":5,"worker_id":"38641c43-b7bb-4763-af07-13f1efddf05f-6174699520","trial_id":0,"param_name":"hidden_size","param_value_internal":0,"distribution":"{\"name\": \"CategoricalDistribution\", \"attributes\": {\"choices\": [64, 128, 256]}}"}
{"op_code":5,"worker_id":"38641c43-b7bb-4763-af07-13f1efddf05f-6191525888","trial_id":1,"param_name":"hidden_size","param_value_internal":0,"distribution":"{\"name\": \"CategoricalDistribution\", \"attributes\": {\"choices\": [64, 128, 256]}}"}
{"op_code":5,"worker_id":"38641c43-b7bb-4763-af07-13f1efddf05f-6174699520","trial_id":0,"param_name":"output_dropout","param_value_internal":1,"distribution":"{\"name\": \"CategoricalDistribution\", \"attributes\": {\"choices\": [0.1, 0.4]}}"}
{"op_code":5,"worker_id":"38641c43-b7bb-4763-af07-13f1efddf05f-6208352256","trial_id":2,"param_name":"hidden_size","param_value_internal":2,"distribution":"{\"name\": \"CategoricalDistribution\", \"attributes\": {\"choices\": [64, 128, 256]}}"}
{"op_code":5,"worker_id":"38641c43-b7bb-4763-af07-13f1efddf05f-6225178624","trial_id":5,"param_name":"hidden_size","param_value_internal":0,"distribution":"{\"name\": \"CategoricalDistribution\", \"attributes\": {\"choices\": [64, 128, 256]}}"}
{"op_code":5,"worker_id":"38641c43-b7bb-4763-af07-13f1efddf05f-6242004992","trial_id":3,"param_name":"hidden_size","param_value_internal":1,"distribution":"{\"name\": \"CategoricalDistribution\", \"attributes\": {\"choices\": [64, 128, 256]}}"}
{"op_code":5,"worker_id":"38641c43-b7bb-4763-af07-13f1efddf05f-6258831360","trial_id":6,"param_name":"hidden_size","param_value_internal":2,"distribution":"{\"name\": \"CategoricalDistribution\", \"attributes\": {\"choices\": [64, 128, 256]}}"}
{"op_code":5,"worker_id":"38641c43-b7bb-4763-af07-13f1efddf05f-6191525888","trial_id":1,"param_name":"output_dropout","param_value_internal":0,"distribution":"{\"name\": \"CategoricalDistribution\", \"attributes\": {\"choices\": [0.1, 0.4]}}"}
{"op_code":5,"worker_id":"38641c43-b7bb-4763-af07-13f1efddf05f-6275657728","trial_id":7,"param_name":"hidden_size","param_value_internal":1,"distribution":"{\"name\": \"CategoricalDistribution\", \"attributes\": {\"choices\": [64, 128, 256]}}"}
{"op_code":5,"worker_id":"38641c43-b7bb-4763-af07-13f1efddf05f-6292484096","trial_id":4,"param_name":"hidden_size","param_value_internal":0,"distribution":"{\"name\": \"CategoricalDistribution\", \"attributes\": {\"choices\": [64, 128, 256]}}"}
{"op_code":5,"worker_id":"38641c43-b7bb-4763-af07-13f1efddf05f-6309310464","trial_id":8,"param_name":"hidden_size","param_value_internal":0,"distribution":"{\"name\": \"CategoricalDistribution\", \"attributes\": {\"choices\": [64, 128, 256]}}"}
{"op_code":5,"worker_id":"38641c43-b7bb-4763-af07-13f1efddf05f-6174699520","trial_id":0,"param_name":"seq_length_1D","param_value_internal":0,"distribution":"{\"name\": \"CategoricalDistribution\", \"attributes\": {\"choices\": [90]}}"}
{"op_code":5,"worker_id":"38641c43-b7bb-4763-af07-13f1efddf05f-6208352256","trial_id":2,"param_name":"output_dropout","param_value_internal":1,"distribution":"{\"name\": \"CategoricalDistribution\", \"attributes\": {\"choices\": [0.1, 0.4]}}"}
{"op_code":5,"worker_id":"38641c43-b7bb-4763-af07-13f1efddf05f-6225178624","trial_id":5,"param_name":"output_dropout","param_value_internal":1,"distribution":"{\"name\": \"CategoricalDistribution\", \"attributes\": {\"choices\": [0.1, 0.4]}}"}
{"op_code":5,"worker_id":"38641c43-b7bb-4763-af07-13f1efddf05f-6242004992","trial_id":3,"param_name":"output_dropout","param_value_internal":1,"distribution":"{\"name\": \"CategoricalDistribution\", \"attributes\": {\"choices\": [0.1, 0.4]}}"}
{"op_code":5,"worker_id":"38641c43-b7bb-4763-af07-13f1efddf05f-6258831360","trial_id":6,"param_name":"output_dropout","param_value_internal":0,"distribution":"{\"name\": \"CategoricalDistribution\", \"attributes\": {\"choices\": [0.1, 0.4]}}"}
{"op_code":5,"worker_id":"38641c43-b7bb-4763-af07-13f1efddf05f-6191525888","trial_id":1,"param_name":"seq_length_1D","param_value_internal":0,"distribution":"{\"name\": \"CategoricalDistribution\", \"attributes\": {\"choices\": [90]}}"}
{"op_code":5,"worker_id":"38641c43-b7bb-4763-af07-13f1efddf05f-6275657728","trial_id":7,"param_name":"output_dropout","param_value_internal":1,"distribution":"{\"name\": \"CategoricalDistribution\", \"attributes\": {\"choices\": [0.1, 0.4]}}"}
{"op_code":5,"worker_id":"38641c43-b7bb-4763-af07-13f1efddf05f-6292484096","trial_id":4,"param_name":"output_dropout","param_value_internal":0,"distribution":"{\"name\": \"CategoricalDistribution\", \"attributes\": {\"choices\": [0.1, 0.4]}}"}
{"op_code":5,"worker_id":"38641c43-b7bb-4763-af07-13f1efddf05f-6292484096","trial_id":4,"param_name":"seq_length_1D","param_value_internal":0,"distribution":"{\"name\": \"CategoricalDistribution\", \"attributes\": {\"choices\": [90]}}"}
{"op_code":5,"worker_id":"38641c43-b7bb-4763-af07-13f1efddf05f-6174699520","trial_id":0,"param_name":"seq_length_1H","param_value_internal":0,"distribution":"{\"name\": \"CategoricalDistribution\", \"attributes\": {\"choices\": [168, 336]}}"}
{"op_code":5,"worker_id":"38641c43-b7bb-4763-af07-13f1efddf05f-6208352256","trial_id":2,"param_name":"seq_length_1D","param_value_internal":0,"distribution":"{\"name\": \"CategoricalDistribution\", \"attributes\": {\"choices\": [90]}}"}
{"op_code":5,"worker_id":"38641c43-b7bb-4763-af07-13f1efddf05f-6225178624","trial_id":5,"param_name":"seq_length_1D","param_value_internal":0,"distribution":"{\"name\": \"CategoricalDistribution\", \"attributes\": {\"choices\": [90]}}"}
{"op_code":5,"worker_id":"38641c43-b7bb-4763-af07-13f1efddf05f-6242004992","trial_id":3,"param_name":"seq_length_1D","param_value_internal":0,"distribution":"{\"name\": \"CategoricalDistribution\", \"attributes\": {\"choices\": [90]}}"}
{"op_code":5,"worker_id":"38641c43-b7bb-4763-af07-13f1efddf05f-6258831360","trial_id":6,"param_name":"seq_length_1D","param_value_internal":0,"distribution":"{\"name\": \"CategoricalDistribution\", \"attributes\": {\"choices\": [90]}}"}
{"op_code":5,"worker_id":"38641c43-b7bb-4763-af07-13f1efddf05f-6191525888","trial_id":1,"param_name":"seq_length_1H","param_value_internal":0,"distribution":"{\"name\": \"CategoricalDistribution\", \"attributes\": {\"choices\": [168, 336]}}"}
{"op_code":5,"worker_id":"38641c43-b7bb-4763-af07-13f1efddf05f-6275657728","trial_id":7,"param_name":"seq_length_1D","param_value_internal":0,"distribution":"{\"name\": \"CategoricalDistribution\", \"attributes\": {\"choices\": [90]}}"}
{"op_code":5,"worker_id":"38641c43-b7bb-4763-af07-13f1efddf05f-6309310464","trial_id":8,"param_name":"output_dropout","param_value_internal":0,"distribution":"{\"name\": \"CategoricalDistribution\", \"attributes\": {\"choices\": [0.1, 0.4]}}"}
{"op_code":5,"worker_id":"38641c43-b7bb-4763-af07-13f1efddf05f-6292484096","trial_id":4,"param_name":"seq_length_1H","param_value_internal":0,"distribution":"{\"name\": \"CategoricalDistribution\", \"attributes\": {\"choices\": [168, 336]}}"}
{"op_code":5,"worker_id":"38641c43-b7bb-4763-af07-13f1efddf05f-6174699520","trial_id":0,"param_name":"num_layers","param_value_internal":0,"distribution":"{\"name\": \"CategoricalDistribution\", \"attributes\": {\"choices\": [1]}}"}
{"op_code":5,"worker_id":"38641c43-b7bb-4763-af07-13f1efddf05f-6208352256","trial_id":2,"param_name":"seq_length_1H","param_value_internal":0,"distribution":"{\"name\": \"CategoricalDistribution\", \"attributes\": {\"choices\": [168, 336]}}"}
{"op_code":5,"worker_id":"38641c43-b7bb-4763-af07-13f1efddf05f-6225178624","trial_id":5,"param_name":"seq_length_1H","param_value_internal":0,"distribution":"{\"name\": \"CategoricalDistribution\", \"attributes\": {\"choices\": [168, 336]}}"}
{"op_code":5,"worker_id":"38641c43-b7bb-4763-af07-13f1efddf05f-6242004992","trial_id":3,"param_name":"seq_length_1H","param_value_internal":0,"distribution":"{\"name\": \"CategoricalDistribution\", \"attributes\": {\"choices\": [168, 336]}}"}
{"op_code":5,"worker_id":"38641c43-b7bb-4763-af07-13f1efddf05f-6258831360","trial_id":6,"param_name":"seq_length_1H","param_value_internal":0,"distribution":"{\"name\": \"CategoricalDistribution\", \"attributes\": {\"choices\": [168, 336]}}"}
{"op_code":5,"worker_id":"38641c43-b7bb-4763-af07-13f1efddf05f-6191525888","trial_id":1,"param_name":"num_layers","param_value_internal":0,"distribution":"{\"name\": \"CategoricalDistribution\", \"attributes\": {\"choices\": [1]}}"}
{"op_code":5,"worker_id":"38641c43-b7bb-4763-af07-13f1efddf05f-6191525888","trial_id":1,"param_name":"epochs","param_value_internal":0,"distribution":"{\"name\": \"CategoricalDistribution\", \"attributes\": {\"choices\": [2]}}"}
{"op_code":5,"worker_id":"38641c43-b7bb-4763-af07-13f1efddf05f-6309310464","trial_id":8,"param_name":"seq_length_1D","param_value_internal":0,"distribution":"{\"name\": \"CategoricalDistribution\", \"attributes\": {\"choices\": [90]}}"}
{"op_code":5,"worker_id":"38641c43-b7bb-4763-af07-13f1efddf05f-6292484096","trial_id":4,"param_name":"num_layers","param_value_internal":0,"distribution":"{\"name\": \"CategoricalDistribution\", \"attributes\": {\"choices\": [1]}}"}
{"op_code":5,"worker_id":"38641c43-b7bb-4763-af07-13f1efddf05f-6174699520","trial_id":0,"param_name":"epochs","param_value_internal":0,"distribution":"{\"name\": \"CategoricalDistribution\", \"attributes\": {\"choices\": [2]}}"}
{"op_code":5,"worker_id":"38641c43-b7bb-4763-af07-13f1efddf05f-6208352256","trial_id":2,"param_name":"num_layers","param_value_internal":0,"distribution":"{\"name\": \"CategoricalDistribution\", \"attributes\": {\"choices\": [1]}}"}
{"op_code":5,"worker_id":"38641c43-b7bb-4763-af07-13f1efddf05f-6225178624","trial_id":5,"param_name":"num_layers","param_value_internal":0,"distribution":"{\"name\": \"CategoricalDistribution\", \"attributes\": {\"choices\": [1]}}"}
{"op_code":5,"worker_id":"38641c43-b7bb-4763-af07-13f1efddf05f-6242004992","trial_id":3,"param_name":"num_layers","param_value_internal":0,"distribution":"{\"name\": \"CategoricalDistribution\", \"attributes\": {\"choices\": [1]}}"}
{"op_code":5,"worker_id":"38641c43-b7bb-4763-af07-13f1efddf05f-6258831360","trial_id":6,"param_name":"num_layers","param_value_internal":0,"distribution":"{\"name\": \"CategoricalDistribution\", \"attributes\": {\"choices\": [1]}}"}
{"op_code":5,"worker_id":"38641c43-b7bb-4763-af07-13f1efddf05f-6275657728","trial_id":7,"param_name":"seq_length_1H","param_value_internal":0,"distribution":"{\"name\": \"CategoricalDistribution\", \"attributes\": {\"choices\": [168, 336]}}"}
{"op_code":5,"worker_id":"38641c43-b7bb-4763-af07-13f1efddf05f-6191525888","trial_id":1,"param_name":"batch_size","param_value_internal":0,"distribution":"{\"name\": \"CategoricalDistribution\", \"attributes\": {\"choices\": [64]}}"}
{"op_code":5,"worker_id":"38641c43-b7bb-4763-af07-13f1efddf05f-6309310464","trial_id":8,"param_name":"seq_length_1H","param_value_internal":1,"distribution":"{\"name\": \"CategoricalDistribution\", \"attributes\": {\"choices\": [168, 336]}}"}
{"op_code":5,"worker_id":"38641c43-b7bb-4763-af07-13f1efddf05f-6292484096","trial_id":4,"param_name":"epochs","param_value_internal":0,"distribution":"{\"name\": \"CategoricalDistribution\", \"attributes\": {\"choices\": [2]}}"}
{"op_code":5,"worker_id":"38641c43-b7bb-4763-af07-13f1efddf05f-6174699520","trial_id":0,"param_name":"batch_size","param_value_internal":0,"distribution":"{\"name\": \"CategoricalDistribution\", \"attributes\": {\"choices\": [64]}}"}
{"op_code":5,"worker_id":"38641c43-b7bb-4763-af07-13f1efddf05f-6208352256","trial_id":2,"param_name":"epochs","param_value_internal":0,"distribution":"{\"name\": \"CategoricalDistribution\", \"attributes\": {\"choices\": [2]}}"}
{"op_code":5,"worker_id":"38641c43-b7bb-4763-af07-13f1efddf05f-6208352256","trial_id":2,"param_name":"batch_size","param_value_internal":0,"distribution":"{\"name\": \"CategoricalDistribution\", \"attributes\": {\"choices\": [64]}}"}
{"op_code":5,"worker_id":"38641c43-b7bb-4763-af07-13f1efddf05f-6242004992","trial_id":3,"param_name":"epochs","param_value_internal":0,"distribution":"{\"name\": \"CategoricalDistribution\", \"attributes\": {\"choices\": [2]}}"}
{"op_code":5,"worker_id":"38641c43-b7bb-4763-af07-13f1efddf05f-6258831360","trial_id":6,"param_name":"epochs","param_value_internal":0,"distribution":"{\"name\": \"CategoricalDistribution\", \"attributes\": {\"choices\": [2]}}"}
{"op_code":5,"worker_id":"38641c43-b7bb-4763-af07-13f1efddf05f-6275657728","trial_id":7,"param_name":"num_layers","param_value_internal":0,"distribution":"{\"name\": \"CategoricalDistribution\", \"attributes\": {\"choices\": [1]}}"}
{"op_code":5,"worker_id":"38641c43-b7bb-4763-af07-13f1efddf05f-6309310464","trial_id":8,"param_name":"num_layers","param_value_internal":0,"distribution":"{\"name\": \"CategoricalDistribution\", \"attributes\": {\"choices\": [1]}}"}
{"op_code":5,"worker_id":"38641c43-b7bb-4763-af07-13f1efddf05f-6292484096","trial_id":4,"param_name":"batch_size","param_value_internal":0,"distribution":"{\"name\": \"CategoricalDistribution\", \"attributes\": {\"choices\": [64]}}"}
{"op_code":5,"worker_id":"38641c43-b7bb-4763-af07-13f1efddf05f-6225178624","trial_id":5,"param_name":"epochs","param_value_internal":0,"distribution":"{\"name\": \"CategoricalDistribution\", \"attributes\": {\"choices\": [2]}}"}
{"op_code":5,"worker_id":"38641c43-b7bb-4763-af07-13f1efddf05f-6242004992","trial_id":3,"param_name":"batch_size","param_value_internal":0,"distribution":"{\"name\": \"CategoricalDistribution\", \"attributes\": {\"choices\": [64]}}"}
{"op_code":5,"worker_id":"38641c43-b7bb-4763-af07-13f1efddf05f-6258831360","trial_id":6,"param_name":"batch_size","param_value_internal":0,"distribution":"{\"name\": \"CategoricalDistribution\", \"attributes\": {\"choices\": [64]}}"}
{"op_code":5,"worker_id":"38641c43-b7bb-4763-af07-13f1efddf05f-6275657728","trial_id":7,"param_name":"epochs","param_value_internal":0,"distribution":"{\"name\": \"CategoricalDistribution\", \"attributes\": {\"choices\": [2]}}"}
{"op_code":5,"worker_id":"38641c43-b7bb-4763-af07-13f1efddf05f-6309310464","trial_id":8,"param_name":"epochs","param_value_internal":0,"distribution":"{\"name\": \"CategoricalDistribution\", \"attributes\": {\"choices\": [2]}}"}
{"op_code":5,"worker_id":"38641c43-b7bb-4763-af07-13f1efddf05f-6225178624","trial_id":5,"param_name":"batch_size","param_value_internal":0,"distribution":"{\"name\": \"CategoricalDistribution\", \"attributes\": {\"choices\": [64]}}"}
{"op_code":5,"worker_id":"38641c43-b7bb-4763-af07-13f1efddf05f-6275657728","trial_id":7,"param_name":"batch_size","param_value_internal":0,"distribution":"{\"name\": \"CategoricalDistribution\", \"attributes\": {\"choices\": [64]}}"}
{"op_code":5,"worker_id":"38641c43-b7bb-4763-af07-13f1efddf05f-6309310464","trial_id":8,"param_name":"batch_size","param_value_internal":0,"distribution":"{\"name\": \"CategoricalDistribution\", \"attributes\": {\"choices\": [64]}}"}
